Microchip MPLAB XC8 Compiler V2.05 ()

Linker command line:

-W-3 --edf=C:\Program Files (x86)\Microchip\xc8\v2.05\pic\dat\en_msgs.txt \
  -cs -h+dist/default/production\Potencia.X.production.sym \
  --cmf=dist/default/production\Potencia.X.production.cmf -z -Q16F886 \
  -oC:\Users\jd99\AppData\Local\Temp\s274.2 --defsym=__MPLAB_BUILD=1 \
  -Mdist/default/production/Potencia.X.production.map -E1 -ver=XC8 \
  --acfsm=1493 -ASTACK=0110h-016Fh -pstack=STACK -ACODE=00h-07FFhx4 \
  -ASTRCODE=00h-01FFFh -ASTRING=00h-0FFhx32 -ACONST=00h-0FFhx32 \
  -AENTRY=00h-0FFhx32 -ACOMMON=070h-07Fh -ABANK0=020h-06Fh \
  -ABANK1=0A0h-0EFh -ABANK2=0110h-016Fh -ABANK3=0190h-01EFh \
  -ARAM=020h-06Fh,0A0h-0EFh,0110h-016Fh,0190h-01EFh \
  -AABS1=020h-07Fh,0A0h-0EFh,0110h-016Fh,0190h-01EFh -ASFR0=00h-01Fh \
  -ASFR1=080h-09Fh -ASFR2=0100h-010Fh -ASFR3=0180h-018Fh \
  -preset_vec=00h,intentry,init,end_init -ppowerup=CODE -pcinit=CODE \
  -pfunctab=ENTRY -ACONFIG=02007h-02008h -pconfig=CONFIG -DCONFIG=2 \
  -AIDLOC=02000h-02003h -pidloc=IDLOC -DIDLOC=2 -AEEDATA=00h-0FFh/02100h \
  -peeprom_data=EEDATA -DEEDATA=2 -DCODE=2 -DSTRCODE=2 -DSTRING=2 -DCONST=2 \
  -DENTRY=2 -k C:\Users\jd99\AppData\Local\Temp\s274.o \
  dist/default/production\Potencia.X.production.o 

Object code version is 3.11

Machine type is 16F886



                Name                               Link     Load   Length Selector   Space Scale
C:\Users\jd99\AppData\Local\Temp\s274.o
                end_init                              0        0        3        0       0
                config                             2007     2007        2     400E       0
dist/default/production\Potencia.X.production.o
                cinit                               7E4      7E4       1C      FC8       0
                text22                              FD6      FD6        8     1FAC       0
                text21                               B9       B9       1A      172       0
                text20                               D3       D3       1A      1A6       0
                text19                              2A8      2A8       5B      550       0
                text18                              303      303       8F      606       0
                text17                              636      636       D6      C6C       0
                text16                              392      392       91      724       0
                text15                               AE       AE        B      15C       0
                text14                              214      214       4A      428       0
                text13                              162      162       39      2C4       0
                text12                              1D7      1D7       3D      3AE       0
                text11                              19B      19B       3C      336       0
                text10                              130      130       32      260       0
                text9                               70C      70C       D8      E18       0
                text8                               FE8      FE8       18     1FD0       0
                text7                               FDE      FDE        A     1FBC       0
                text6                               10E      10E       22      21C       0
                text5                               25E      25E       4A      4BC       0
                text4                                A9       A9        5      152       0
                text3                                ED       ED       21      1DA       0
                text2                               423      423       B1      846       0
                text1                               4D4      4D4       B1      9A8       0
                maintext                            585      585       B1      B0A       0
                cstackBANK0                          20       20       27       20       1
                cstackCOMMON                         70       70        E       70       1
                dataBANK0                            4F       4F        3       20       1
                bssBANK0                             47       47        8       20       1
                strings                               3        3       A4        6       0
                idataBANK0                          FD3      FD3        3     1FA6       0

TOTAL           Name                               Link     Load   Length     Space
        CLASS   STACK          

        CLASS   CODE           
                end_init                              0        0        3         0
                cinit                               7E4      7E4       1C         0
                text22                              FD6      FD6        8         0
                text21                               B9       B9       1A         0
                text20                               D3       D3       1A         0
                text19                              2A8      2A8       5B         0
                text18                              303      303       8F         0
                text17                              636      636       D6         0
                text16                              392      392       91         0
                text15                               AE       AE        B         0
                text14                              214      214       4A         0
                text13                              162      162       39         0
                text12                              1D7      1D7       3D         0
                text11                              19B      19B       3C         0
                text10                              130      130       32         0
                text9                               70C      70C       D8         0
                text8                               FE8      FE8       18         0
                text7                               FDE      FDE        A         0
                text6                               10E      10E       22         0
                text5                               25E      25E       4A         0
                text4                                A9       A9        5         0
                text3                                ED       ED       21         0
                text2                               423      423       B1         0
                text1                               4D4      4D4       B1         0
                maintext                            585      585       B1         0
                idataBANK0                          FD3      FD3        3         0

        CLASS   STRCODE        

        CLASS   STRING         
                strings                               3        3       A4         0

        CLASS   CONST          

        CLASS   ENTRY          

        CLASS   COMMON         
                cstackCOMMON                         70       70        E         1

        CLASS   BANK0          
                cstackBANK0                          20       20       27         1
                dataBANK0                            4F       4F        3         1
                bssBANK0                             47       47        8         1

        CLASS   BANK1          

        CLASS   BANK2          

        CLASS   BANK3          

        CLASS   RAM            

        CLASS   ABS1           
                abs_s1                               7E       7E        2         1

        CLASS   SFR0           

        CLASS   SFR1           

        CLASS   SFR2           

        CLASS   SFR3           

        CLASS   CONFIG         
                config                             2007     2007        2         0

        CLASS   IDLOC          

        CLASS   EEDATA         



SEGMENTS        Name                           Load    Length   Top    Selector   Space  Class     Delta

                reset_vec                      000000  000003  000003         0       0  CODE        2
                strings                        000003  0000A4  0000A7         6       0  STRING      2
                cstackBANK0                    000020  000032  000052        20       1  BANK0       1
                cstackCOMMON                   000070  00000E  00007E        70       1  COMMON      1
                text4                          0000A9  000005  0000AE       152       0  CODE        2
                text15                         0000AE  00000B  0000B9       15C       0  CODE        2
                text21                         0000B9  00001A  0000D3       172       0  CODE        2
                text20                         0000D3  00001A  0000ED       1A6       0  CODE        2
                text3                          0000ED  000021  00010E       1DA       0  CODE        2
                text6                          00010E  000022  000130       21C       0  CODE        2
                text10                         000130  000032  000162       260       0  CODE        2
                text13                         000162  000039  00019B       2C4       0  CODE        2
                text11                         00019B  00003C  0001D7       336       0  CODE        2
                text12                         0001D7  00003D  000214       3AE       0  CODE        2
                text14                         000214  00004A  00025E       428       0  CODE        2
                text5                          00025E  00004A  0002A8       4BC       0  CODE        2
                text19                         0002A8  00005B  000303       550       0  CODE        2
                text18                         000303  00008F  000392       606       0  CODE        2
                text16                         000392  000091  000423       724       0  CODE        2
                text2                          000423  0000B1  0004D4       846       0  CODE        2
                text1                          0004D4  0000B1  000585       9A8       0  CODE        2
                maintext                       000585  0000B1  000636       B0A       0  CODE        2
                text17                         000636  0000D6  00070C       C6C       0  CODE        2
                text9                          00070C  0000D8  0007E4       E18       0  CODE        2
                cinit                          0007E4  00001C  000800       FC8       0  CODE        2
                idataBANK0                     000FD3  000003  000FD6      1FA6       0  CODE        2
                text22                         000FD6  000008  000FDE      1FAC       0  CODE        2
                text7                          000FDE  00000A  000FE8      1FBC       0  CODE        2
                text8                          000FE8  000018  001000      1FD0       0  CODE        2
                config                         002007  000002  002009      400E       0  CONFIG      2


UNUSED ADDRESS RANGES

        Name                Unused          Largest block    Delta
        BANK0            0052-006F             1E           1
        BANK1            00A0-00EF             50           1
        BANK2            0110-016F             60           1
        BANK3            0190-01EF             60           1
        CODE             00A7-00A8              2           2
                         0800-0FD2            7D3
                         1000-1FFF            800
        CONST            00A7-00A8              2           2
                         0800-0FD2            100
                         1000-1FFF            100
        EEDATA           2100-21FF            100           2
        ENTRY            00A7-00A8              2           2
                         0800-0FD2            100
                         1000-1FFF            100
        IDLOC            2000-2003              4           2
        RAM              0052-006F             1E           1
                         00A0-00EF             50
                         0110-016F             60
                         0190-01EF             60
        SFR0             0000-001F             20           1
        SFR1             0080-009F             20           1
        SFR2             0100-010F             10           1
        SFR3             0180-018F             10           1
        STACK            0110-016F             60           1
        STRCODE          00A7-00A8              2           2
                         0800-0FD2            7D3
                         1000-1FFF           1000
        STRING           00A7-00A8              2           2
                         0800-0FD2            100
                         1000-1FFF            100

                                  Symbol Table

?_KeyPadGetKey                cstackCOMMON 0070
?___aldiv                     cstackCOMMON 0070
?___lwdiv                     cstackCOMMON 0070
?___lwmod                     cstackCOMMON 0078
?___wmul                      cstackCOMMON 0070
?_sprintf                     cstackBANK0  0020
KeyPadGetKey@key              cstackCOMMON 0074
KeyPadGetKey@row              cstackCOMMON 0075
Lcd_Cmd@a                     cstackCOMMON 0073
Lcd_Port@a                    cstackCOMMON 0070
Lcd_Set_Cursor@a              cstackCOMMON 0077
Lcd_Set_Cursor@b              cstackCOMMON 0074
Lcd_Set_Cursor@temp           cstackCOMMON 007A
Lcd_Set_Cursor@y              cstackCOMMON 0079
Lcd_Set_Cursor@z              cstackCOMMON 0078
Lcd_Write_Char@a              cstackCOMMON 0074
Lcd_Write_Char@temp           cstackCOMMON 0072
Lcd_Write_Char@y              cstackCOMMON 0073
Lcd_Write_Integer@Data        cstackBANK0  0030
Lcd_Write_Integer@a           cstackBANK0  002D
Lcd_Write_String@a            cstackCOMMON 0075
Lcd_Write_String@i            cstackCOMMON 007A
RunMotor@y                    cstackBANK0  003D
UART_Init@baudrate            cstackBANK0  0026
UART_Init@x                   cstackCOMMON 0079
UART_Write@data               cstackCOMMON 0070
UART_Write_Text@i             cstackCOMMON 0071
UART_Write_Text@text          cstackCOMMON 0073
_ANSEL                        (abs)        0188
_ANSELH                       (abs)        0189
_BRGH                         (abs)        04C2
_CREN                         (abs)        00C4
_CmDerecha                    bssBANK0     0049
_CmIzquierda                  bssBANK0     0047
_KeyPadGetKey                 text16       0392
_KeyPadInit                   text22       0FD6
_Lcd_Clear                    text15       00AE
_Lcd_Cmd                      text20       00D3
_Lcd_Init                     text19       02A8
_Lcd_Port                     text21       00B9
_Lcd_Set_Cursor               text14       0214
_Lcd_Write_Char               text13       0162
_Lcd_Write_Integer            text8        0FE8
_Lcd_Write_String             text12       01D7
_PORTA                        (abs)        0005
_RA0                          (abs)        0028
_RA1                          (abs)        0029
_RA2                          (abs)        002A
_RA3                          (abs)        002B
_RA4                          (abs)        002C
_RA5                          (abs)        002D
_RA6                          (abs)        002E
_RA7                          (abs)        002F
_RB2                          (abs)        0032
_RB3                          (abs)        0033
_RB4                          (abs)        0034
_RB5                          (abs)        0035
_RB6                          (abs)        0036
_RB7                          (abs)        0037
_RCIF                         (abs)        0065
_RCREG                        (abs)        001A
_RunMotor                     text5        025E
_SPBRG                        (abs)        0099
_SPEN                         (abs)        00C7
_SYNC                         (abs)        04C4
_StopMotor                    text4        00A9
_TRISA                        (abs)        0085
_TRISB                        (abs)        0086
_TRISC6                       (abs)        043E
_TRISC7                       (abs)        043F
_TRMT                         (abs)        04C1
_TXEN                         (abs)        04C5
_TXREG                        (abs)        0019
_UART_Init                    text17       0636
_UART_Write                   text7        0FDE
_UART_Write_Text              text6        010E
__CFG_BOREN$ON                (abs)        0000
__CFG_CP$OFF                  (abs)        0000
__CFG_CPD$OFF                 (abs)        0000
__CFG_FOSC$HS                 (abs)        0000
__CFG_LVP$OFF                 (abs)        0000
__CFG_PWRTE$OFF               (abs)        0000
__CFG_WDTE$OFF                (abs)        0000
__CFG_WRT$OFF                 (abs)        0000
__Habs1                       abs1         0000
__Hbank0                      bank0        0000
__Hbank1                      bank1        0000
__Hbank2                      bank2        0000
__Hbank3                      bank3        0000
__HbssBANK0                   bssBANK0     0000
__Hcinit                      cinit        0800
__Hclrtext                    clrtext      0000
__Hcode                       code         0000
__Hcommon                     common       0000
__Hconfig                     config       2009
__HcstackBANK0                cstackBANK0  0000
__HcstackCOMMON               cstackCOMMON 0000
__HdataBANK0                  dataBANK0    0000
__Heeprom_data                eeprom_data  0000
__Hend_init                   end_init     0003
__Hfunctab                    functab      0000
__HidataBANK0                 idataBANK0   0000
__Hidloc                      idloc        0000
__Hinit                       init         0000
__Hintentry                   intentry     0000
__Hmaintext                   maintext     0000
__Hpowerup                    powerup      0000
__Hram                        ram          0000
__Hreset_vec                  reset_vec    0000
__Hsfr0                       sfr0         0000
__Hsfr1                       sfr1         0000
__Hsfr2                       sfr2         0000
__Hsfr3                       sfr3         0000
__Hspace_0                    (abs)        2009
__Hspace_1                    (abs)        007E
__Hspace_2                    (abs)        0000
__Hspace_3                    (abs)        0000
__Hstack                      stack        0000
__Hstrings                    strings      0000
__Htext                       text         0000
__Labs1                       abs1         0000
__Lbank0                      bank0        0000
__Lbank1                      bank1        0000
__Lbank2                      bank2        0000
__Lbank3                      bank3        0000
__LbssBANK0                   bssBANK0     0000
__Lcinit                      cinit        07E4
__Lclrtext                    clrtext      0000
__Lcode                       code         0000
__Lcommon                     common       0000
__Lconfig                     config       2007
__LcstackBANK0                cstackBANK0  0000
__LcstackCOMMON               cstackCOMMON 0000
__LdataBANK0                  dataBANK0    0000
__Leeprom_data                eeprom_data  0000
__Lend_init                   end_init     0000
__Lfunctab                    functab      0000
__LidataBANK0                 idataBANK0   0000
__Lidloc                      idloc        0000
__Linit                       init         0000
__Lintentry                   intentry     0000
__Lmaintext                   maintext     0000
__Lpowerup                    powerup      0000
__Lram                        ram          0000
__Lreset_vec                  reset_vec    0000
__Lsfr0                       sfr0         0000
__Lsfr1                       sfr1         0000
__Lsfr2                       sfr2         0000
__Lsfr3                       sfr3         0000
__Lspace_0                    (abs)        0000
__Lspace_1                    (abs)        0000
__Lspace_2                    (abs)        0000
__Lspace_3                    (abs)        0000
__Lstack                      stack        0000
__Lstrings                    strings      0000
__Ltext                       text         0000
__S0                          (abs)        2009
__S1                          (abs)        007E
__S2                          (abs)        0000
__S3                          (abs)        0000
___aldiv                      text18       0303
___aldiv@counter              cstackBANK0  0020
___aldiv@dividend             cstackCOMMON 0074
___aldiv@divisor              cstackCOMMON 0070
___aldiv@quotient             cstackBANK0  0022
___aldiv@sign                 cstackBANK0  0021
___int_sp                     stack        0000
___latbits                    (abs)        0002
___lwdiv                      text11       019B
___lwdiv@counter              cstackCOMMON 0077
___lwdiv@dividend             cstackCOMMON 0072
___lwdiv@divisor              cstackCOMMON 0070
___lwdiv@quotient             cstackCOMMON 0075
___lwmod                      text10       0130
___lwmod@counter              cstackCOMMON 007D
___lwmod@dividend             cstackCOMMON 007A
___lwmod@divisor              cstackCOMMON 0078
___sp                         stack        0000
___stackhi                    (abs)        0000
___stacklo                    (abs)        0000
___wmul                       text3        00ED
___wmul@multiplicand          cstackCOMMON 0072
___wmul@multiplier            cstackCOMMON 0070
___wmul@product               cstackCOMMON 0074
__end_of_KeyPadGetKey         text16       0423
__end_of_KeyPadInit           text22       0FDE
__end_of_Lcd_Clear            text15       00B9
__end_of_Lcd_Cmd              text20       00ED
__end_of_Lcd_Init             text19       0303
__end_of_Lcd_Port             text21       00D3
__end_of_Lcd_Set_Cursor       text14       025E
__end_of_Lcd_Write_Char       text13       019B
__end_of_Lcd_Write_Integer    text8        1000
__end_of_Lcd_Write_String     text12       0214
__end_of_RunMotor             text5        02A8
__end_of_StopMotor            text4        00AE
__end_of_UART_Init            text17       070C
__end_of_UART_Write           text7        0FE8
__end_of_UART_Write_Text      text6        0130
__end_of___aldiv              text18       0392
__end_of___lwdiv              text11       01D7
__end_of___lwmod              text10       0162
__end_of___wmul               text3        010E
__end_of__initialization      cinit        07FC
__end_of__stringtab           strings      0013
__end_of_configurarDerecha    text2        04D4
__end_of_configurarIzquierda  text1        0585
__end_of_dpowers              strings      003F
__end_of_keyPadMatrix         strings      0035
__end_of_main                 maintext     0636
__end_of_sprintf              text9        07E4
__initialization              cinit        07E4
__pbssBANK0                   bssBANK0     0047
__pcstackBANK0                cstackBANK0  0020
__pcstackCOMMON               cstackCOMMON 0070
__pdataBANK0                  dataBANK0    004F
__pidataBANK0                 idataBANK0   0FD3
__pmaintext                   maintext     0585
__pstrings                    strings      0003
__ptext1                      text1        04D4
__ptext10                     text10       0130
__ptext11                     text11       019B
__ptext12                     text12       01D7
__ptext13                     text13       0162
__ptext14                     text14       0214
__ptext15                     text15       00AE
__ptext16                     text16       0392
__ptext17                     text17       0636
__ptext18                     text18       0303
__ptext19                     text19       02A8
__ptext2                      text2        0423
__ptext20                     text20       00D3
__ptext21                     text21       00B9
__ptext22                     text22       0FD6
__ptext3                      text3        00ED
__ptext4                      text4        00A9
__ptext5                      text5        025E
__ptext6                      text6        010E
__ptext7                      text7        0FDE
__ptext8                      text8        0FE8
__ptext9                      text9        070C
__size_of_KeyPadGetKey        (abs)        0000
__size_of_KeyPadInit          (abs)        0000
__size_of_Lcd_Clear           (abs)        0000
__size_of_Lcd_Cmd             (abs)        0000
__size_of_Lcd_Init            (abs)        0000
__size_of_Lcd_Port            (abs)        0000
__size_of_Lcd_Set_Cursor      (abs)        0000
__size_of_Lcd_Write_Char      (abs)        0000
__size_of_Lcd_Write_Integer   (abs)        0000
__size_of_Lcd_Write_String    (abs)        0000
__size_of_RunMotor            (abs)        0000
__size_of_StopMotor           (abs)        0000
__size_of_UART_Init           (abs)        0000
__size_of_UART_Write          (abs)        0000
__size_of_UART_Write_Text     (abs)        0000
__size_of___aldiv             (abs)        0000
__size_of___lwdiv             (abs)        0000
__size_of___lwmod             (abs)        0000
__size_of___wmul              (abs)        0000
__size_of_configurarDerecha   (abs)        0000
__size_of_configurarIzquierda (abs)        0000
__size_of_main                (abs)        0000
__size_of_sprintf             (abs)        0000
__stringbase                  strings      0012
__stringtab                   strings      0003
_buffer                       bssBANK0     004D
_configurarDerecha            text2        0423
_configurarIzquierda          text1        04D4
_dpowers                      strings      0035
_key2                         dataBANK0    004F
_keyPadMatrix                 strings      0013
_keypress                     dataBANK0    0051
_main                         maintext     0585
_nRBPU                        (abs)        040F
_old_key                      bssBANK0     004B
_sprintf                      text9        070C
btemp                         (abs)        007E
end_of_initialization         cinit        07FC
intlevel0                     functab      0000
intlevel1                     functab      0000
intlevel2                     functab      0000
intlevel3                     functab      0000
intlevel4                     functab      0000
intlevel5                     functab      0000
reset_vec                     reset_vec    0000
sprintf@ap                    cstackBANK0  0026
sprintf@c                     cstackBANK0  002C
sprintf@f                     cstackBANK0  0020
sprintf@flag                  cstackBANK0  0027
sprintf@prec                  cstackBANK0  0028
sprintf@sp                    cstackBANK0  002B
sprintf@val                   cstackBANK0  0029
start                         init         0000
start_initialization          cinit        07E4
wtemp0                        (abs)        007E


FUNCTION INFORMATION:

 *************** function _main *****************
 Defined at:
		line 39 in file "main.c"
 Parameters:    Size  Location     Type
		None
 Auto vars:     Size  Location     Type
  a               2    0        unsigned int 
 Return value:  Size  Location     Type
                  2  189[None  ] int 
 Registers used:
		wreg, fsr0l, fsr0h, status,2, status,0, btemp+1, pclath, cstack
 Tracked objects:
		On entry : 
		On exit  : 
		Unchanged: 
 Data sizes:     COMMON   BANK0   BANK1   BANK3   BANK2
      Params:         0       0       0       0       0
      Locals:         0       0       0       0       0
      Temps:          0       4       0       0       0
      Totals:         0       4       0       0       0
Total ram usage:        4 bytes
 Hardware stack levels required when called:    6
 This function calls:
		_KeyPadGetKey
		_KeyPadInit
		_Lcd_Clear
		_Lcd_Init
		_Lcd_Set_Cursor
		_Lcd_Write_String
		_RunMotor
		_StopMotor
		_UART_Init
		_UART_Write_Text
		_configurarDerecha
		_configurarIzquierda
 This function is called by:
		Startup code after reset
 This function uses a non-reentrant model


 *************** function _configurarIzquierda *****************
 Defined at:
		line 140 in file "main.c"
 Parameters:    Size  Location     Type
		None
 Auto vars:     Size  Location     Type
		None
 Return value:  Size  Location     Type
                  2   72[None  ] int 
 Registers used:
		wreg, fsr0l, fsr0h, status,2, status,0, btemp+1, pclath, cstack
 Tracked objects:
		On entry : 
		On exit  : 
		Unchanged: 
 Data sizes:     COMMON   BANK0   BANK1   BANK3   BANK2
      Params:         0       0       0       0       0
      Locals:         0       0       0       0       0
      Temps:          0       4       0       0       0
      Totals:         0       4       0       0       0
Total ram usage:        4 bytes
 Hardware stack levels used:    1
 Hardware stack levels required when called:    5
 This function calls:
		_KeyPadGetKey
		_Lcd_Clear
		_Lcd_Set_Cursor
		_Lcd_Write_Integer
		_Lcd_Write_String
		_RunMotor
		_StopMotor
		___wmul
 This function is called by:
		_main
 This function uses a non-reentrant model


 *************** function _configurarDerecha *****************
 Defined at:
		line 97 in file "main.c"
 Parameters:    Size  Location     Type
		None
 Auto vars:     Size  Location     Type
		None
 Return value:  Size  Location     Type
                  2   70[None  ] int 
 Registers used:
		wreg, fsr0l, fsr0h, status,2, status,0, btemp+1, pclath, cstack
 Tracked objects:
		On entry : 
		On exit  : 
		Unchanged: 
 Data sizes:     COMMON   BANK0   BANK1   BANK3   BANK2
      Params:         0       0       0       0       0
      Locals:         0       0       0       0       0
      Temps:          0       4       0       0       0
      Totals:         0       4       0       0       0
Total ram usage:        4 bytes
 Hardware stack levels used:    1
 Hardware stack levels required when called:    5
 This function calls:
		_KeyPadGetKey
		_Lcd_Clear
		_Lcd_Set_Cursor
		_Lcd_Write_Integer
		_Lcd_Write_String
		_RunMotor
		_StopMotor
		___wmul
 This function is called by:
		_main
 This function uses a non-reentrant model


 *************** function ___wmul *****************
 Defined at:
		line 15 in file "C:\Program Files (x86)\Microchip\xc8\v2.05\pic\sources\c90\common\Umul16.c"
 Parameters:    Size  Location     Type
  multiplier      2    0[COMMON] unsigned int 
  multiplicand    2    2[COMMON] unsigned int 
 Auto vars:     Size  Location     Type
  product         2    4[COMMON] unsigned int 
 Return value:  Size  Location     Type
                  2    0[COMMON] unsigned int 
 Registers used:
		wreg, status,2, status,0
 Tracked objects:
		On entry : 
		On exit  : 
		Unchanged: 
 Data sizes:     COMMON   BANK0   BANK1   BANK3   BANK2
      Params:         4       0       0       0       0
      Locals:         2       0       0       0       0
      Temps:          0       0       0       0       0
      Totals:         6       0       0       0       0
Total ram usage:        6 bytes
 Hardware stack levels used:    1
 This function calls:
		Nothing
 This function is called by:
		_configurarDerecha
		_configurarIzquierda
 This function uses a non-reentrant model


 *************** function _StopMotor *****************
 Defined at:
		line 198 in file "main.c"
 Parameters:    Size  Location     Type
		None
 Auto vars:     Size  Location     Type
		None
 Return value:  Size  Location     Type
                  2   74[None  ] int 
 Registers used:
		wreg, fsr0l, fsr0h, status,2, status,0, pclath, cstack
 Tracked objects:
		On entry : 
		On exit  : 
		Unchanged: 
 Data sizes:     COMMON   BANK0   BANK1   BANK3   BANK2
      Params:         0       0       0       0       0
      Locals:         0       0       0       0       0
      Temps:          0       0       0       0       0
      Totals:         0       0       0       0       0
Total ram usage:        0 bytes
 Hardware stack levels used:    1
 Hardware stack levels required when called:    2
 This function calls:
		_UART_Write_Text
 This function is called by:
		_main
		_configurarDerecha
		_configurarIzquierda
 This function uses a non-reentrant model


 *************** function _RunMotor *****************
 Defined at:
		line 184 in file "main.c"
 Parameters:    Size  Location     Type
		None
 Auto vars:     Size  Location     Type
  y               2   29[BANK0 ] int 
 Return value:  Size  Location     Type
                  2   76[None  ] int 
 Registers used:
		wreg, fsr0l, fsr0h, status,2, status,0, btemp+1, pclath, cstack
 Tracked objects:
		On entry : 
		On exit  : 
		Unchanged: 
 Data sizes:     COMMON   BANK0   BANK1   BANK3   BANK2
      Params:         0       0       0       0       0
      Locals:         0       2       0       0       0
      Temps:          0       3       0       0       0
      Totals:         0       5       0       0       0
Total ram usage:        5 bytes
 Hardware stack levels used:    1
 Hardware stack levels required when called:    4
 This function calls:
		_Lcd_Clear
		_Lcd_Set_Cursor
		_Lcd_Write_Integer
		_UART_Write
		_UART_Write_Text
 This function is called by:
		_main
		_configurarDerecha
		_configurarIzquierda
 This function uses a non-reentrant model


 *************** function _UART_Write_Text *****************
 Defined at:
		line 46 in file "./uart.h"
 Parameters:    Size  Location     Type
  text            1    wreg     PTR unsigned char 
		 -> STR_8(11), STR_7(10), STR_3(19), STR_2(25), 
 Auto vars:     Size  Location     Type
  text            1    3[COMMON] PTR unsigned char 
		 -> STR_8(11), STR_7(10), STR_3(19), STR_2(25), 
  i               2    1[COMMON] int 
 Return value:  Size  Location     Type
                  1    wreg      void 
 Registers used:
		wreg, fsr0l, fsr0h, status,2, status,0, pclath, cstack
 Tracked objects:
		On entry : 
		On exit  : 
		Unchanged: 
 Data sizes:     COMMON   BANK0   BANK1   BANK3   BANK2
      Params:         0       0       0       0       0
      Locals:         3       0       0       0       0
      Temps:          0       0       0       0       0
      Totals:         3       0       0       0       0
Total ram usage:        3 bytes
 Hardware stack levels used:    1
 Hardware stack levels required when called:    1
 This function calls:
		_UART_Write
 This function is called by:
		_main
		_RunMotor
		_StopMotor
 This function uses a non-reentrant model


 *************** function _UART_Write *****************
 Defined at:
		line 41 in file "./uart.h"
 Parameters:    Size  Location     Type
  data            1    wreg     unsigned char 
 Auto vars:     Size  Location     Type
  data            1    0[COMMON] unsigned char 
 Return value:  Size  Location     Type
                  1    wreg      void 
 Registers used:
		wreg
 Tracked objects:
		On entry : 
		On exit  : 
		Unchanged: 
 Data sizes:     COMMON   BANK0   BANK1   BANK3   BANK2
      Params:         0       0       0       0       0
      Locals:         1       0       0       0       0
      Temps:          0       0       0       0       0
      Totals:         1       0       0       0       0
Total ram usage:        1 bytes
 Hardware stack levels used:    1
 This function calls:
		Nothing
 This function is called by:
		_UART_Write_Text
		_RunMotor
 This function uses a non-reentrant model


 *************** function _Lcd_Write_Integer *****************
 Defined at:
		line 104 in file "./lcd.h"
 Parameters:    Size  Location     Type
  a               2   13[BANK0 ] int 
 Auto vars:     Size  Location     Type
  Data           10   16[BANK0 ] unsigned char [10]
 Return value:  Size  Location     Type
                  1    wreg      void 
 Registers used:
		wreg, fsr0l, fsr0h, status,2, status,0, btemp+1, pclath, cstack
 Tracked objects:
		On entry : 
		On exit  : 
		Unchanged: 
 Data sizes:     COMMON   BANK0   BANK1   BANK3   BANK2
      Params:         0       2       0       0       0
      Locals:         0      10       0       0       0
      Temps:          0       1       0       0       0
      Totals:         0      13       0       0       0
Total ram usage:       13 bytes
 Hardware stack levels used:    1
 Hardware stack levels required when called:    3
 This function calls:
		_Lcd_Write_String
		_sprintf
 This function is called by:
		_configurarDerecha
		_configurarIzquierda
		_RunMotor
 This function uses a non-reentrant model


 *************** function _sprintf *****************
 Defined at:
		line 500 in file "C:\Program Files (x86)\Microchip\xc8\v2.05\pic\sources\c90\common\doprnt.c"
 Parameters:    Size  Location     Type
  sp              1    wreg     PTR unsigned char 
		 -> Lcd_Write_Integer@Data(10), 
  f               1    0[BANK0 ] PTR const unsigned char 
		 -> STR_1(3), 
 Auto vars:     Size  Location     Type
  sp              1   11[BANK0 ] PTR unsigned char 
		 -> Lcd_Write_Integer@Data(10), 
  tmpval          4    0        struct .
  val             2    9[BANK0 ] unsigned int 
  cp              2    0        PTR const unsigned char 
  len             2    0        unsigned int 
  c               1   12[BANK0 ] unsigned char 
  prec            1    8[BANK0 ] char 
  flag            1    7[BANK0 ] unsigned char 
  ap              1    6[BANK0 ] PTR void [1]
		 -> ?_sprintf(2), 
 Return value:  Size  Location     Type
                  2    0[BANK0 ] int 
 Registers used:
		wreg, fsr0l, fsr0h, status,2, status,0, btemp+1, pclath, cstack
 Tracked objects:
		On entry : 
		On exit  : 
		Unchanged: 
 Data sizes:     COMMON   BANK0   BANK1   BANK3   BANK2
      Params:         0       3       0       0       0
      Locals:         0       7       0       0       0
      Temps:          0       3       0       0       0
      Totals:         0      13       0       0       0
Total ram usage:       13 bytes
 Hardware stack levels used:    1
 Hardware stack levels required when called:    1
 This function calls:
		___lwdiv
		___lwmod
 This function is called by:
		_Lcd_Write_Integer
 This function uses a non-reentrant model


 *************** function ___lwmod *****************
 Defined at:
		line 5 in file "C:\Program Files (x86)\Microchip\xc8\v2.05\pic\sources\c90\common\lwmod.c"
 Parameters:    Size  Location     Type
  divisor         2    8[COMMON] unsigned int 
  dividend        2   10[COMMON] unsigned int 
 Auto vars:     Size  Location     Type
  counter         1   13[COMMON] unsigned char 
 Return value:  Size  Location     Type
                  2    8[COMMON] unsigned int 
 Registers used:
		wreg, status,2, status,0
 Tracked objects:
		On entry : 
		On exit  : 
		Unchanged: 
 Data sizes:     COMMON   BANK0   BANK1   BANK3   BANK2
      Params:         4       0       0       0       0
      Locals:         1       0       0       0       0
      Temps:          1       0       0       0       0
      Totals:         6       0       0       0       0
Total ram usage:        6 bytes
 Hardware stack levels used:    1
 This function calls:
		Nothing
 This function is called by:
		_sprintf
 This function uses a non-reentrant model


 *************** function ___lwdiv *****************
 Defined at:
		line 5 in file "C:\Program Files (x86)\Microchip\xc8\v2.05\pic\sources\c90\common\lwdiv.c"
 Parameters:    Size  Location     Type
  divisor         2    0[COMMON] unsigned int 
  dividend        2    2[COMMON] unsigned int 
 Auto vars:     Size  Location     Type
  quotient        2    5[COMMON] unsigned int 
  counter         1    7[COMMON] unsigned char 
 Return value:  Size  Location     Type
                  2    0[COMMON] unsigned int 
 Registers used:
		wreg, status,2, status,0
 Tracked objects:
		On entry : 
		On exit  : 
		Unchanged: 
 Data sizes:     COMMON   BANK0   BANK1   BANK3   BANK2
      Params:         4       0       0       0       0
      Locals:         3       0       0       0       0
      Temps:          1       0       0       0       0
      Totals:         8       0       0       0       0
Total ram usage:        8 bytes
 Hardware stack levels used:    1
 This function calls:
		Nothing
 This function is called by:
		_sprintf
 This function uses a non-reentrant model


 *************** function _Lcd_Write_String *****************
 Defined at:
		line 98 in file "./lcd.h"
 Parameters:    Size  Location     Type
  a               2    5[COMMON] PTR unsigned char 
		 -> STR_6(19), STR_5(17), STR_4(17), Lcd_Write_Integer@Data(10), 
 Auto vars:     Size  Location     Type
  i               2   10[COMMON] int 
 Return value:  Size  Location     Type
                  1    wreg      void 
 Registers used:
		wreg, fsr0l, fsr0h, status,2, status,0, btemp+1, pclath, cstack
 Tracked objects:
		On entry : 
		On exit  : 
		Unchanged: 
 Data sizes:     COMMON   BANK0   BANK1   BANK3   BANK2
      Params:         2       0       0       0       0
      Locals:         2       0       0       0       0
      Temps:          3       0       0       0       0
      Totals:         7       0       0       0       0
Total ram usage:        7 bytes
 Hardware stack levels used:    1
 Hardware stack levels required when called:    2
 This function calls:
		_Lcd_Write_Char
 This function is called by:
		_Lcd_Write_Integer
		_main
		_configurarDerecha
		_configurarIzquierda
 This function uses a non-reentrant model


 *************** function _Lcd_Write_Char *****************
 Defined at:
		line 83 in file "./lcd.h"
 Parameters:    Size  Location     Type
  a               1    wreg     unsigned char 
 Auto vars:     Size  Location     Type
  a               1    4[COMMON] unsigned char 
  y               1    3[COMMON] unsigned char 
  temp            1    2[COMMON] unsigned char 
 Return value:  Size  Location     Type
                  1    wreg      void 
 Registers used:
		wreg, status,2, status,0, pclath, cstack
 Tracked objects:
		On entry : 
		On exit  : 
		Unchanged: 
 Data sizes:     COMMON   BANK0   BANK1   BANK3   BANK2
      Params:         0       0       0       0       0
      Locals:         3       0       0       0       0
      Temps:          1       0       0       0       0
      Totals:         4       0       0       0       0
Total ram usage:        4 bytes
 Hardware stack levels used:    1
 Hardware stack levels required when called:    1
 This function calls:
		_Lcd_Port
 This function is called by:
		_Lcd_Write_String
 This function uses a non-reentrant model


 *************** function _Lcd_Set_Cursor *****************
 Defined at:
		line 48 in file "./lcd.h"
 Parameters:    Size  Location     Type
  a               1    wreg     unsigned char 
  b               1    4[COMMON] unsigned char 
 Auto vars:     Size  Location     Type
  a               1    7[COMMON] unsigned char 
  temp            1   10[COMMON] unsigned char 
  y               1    9[COMMON] unsigned char 
  z               1    8[COMMON] unsigned char 
 Return value:  Size  Location     Type
                  1    wreg      void 
 Registers used:
		wreg, status,2, status,0, pclath, cstack
 Tracked objects:
		On entry : 
		On exit  : 
		Unchanged: 
 Data sizes:     COMMON   BANK0   BANK1   BANK3   BANK2
      Params:         1       0       0       0       0
      Locals:         4       0       0       0       0
      Temps:          2       0       0       0       0
      Totals:         7       0       0       0       0
Total ram usage:        7 bytes
 Hardware stack levels used:    1
 Hardware stack levels required when called:    2
 This function calls:
		_Lcd_Cmd
 This function is called by:
		_main
		_configurarDerecha
		_configurarIzquierda
		_RunMotor
 This function uses a non-reentrant model


 *************** function _Lcd_Clear *****************
 Defined at:
		line 43 in file "./lcd.h"
 Parameters:    Size  Location     Type
		None
 Auto vars:     Size  Location     Type
		None
 Return value:  Size  Location     Type
                  1    wreg      void 
 Registers used:
		wreg, status,2, status,0, pclath, cstack
 Tracked objects:
		On entry : 
		On exit  : 
		Unchanged: 
 Data sizes:     COMMON   BANK0   BANK1   BANK3   BANK2
      Params:         0       0       0       0       0
      Locals:         0       0       0       0       0
      Temps:          0       0       0       0       0
      Totals:         0       0       0       0       0
Total ram usage:        0 bytes
 Hardware stack levels used:    1
 Hardware stack levels required when called:    2
 This function calls:
		_Lcd_Cmd
 This function is called by:
		_main
		_configurarDerecha
		_configurarIzquierda
		_RunMotor
 This function uses a non-reentrant model


 *************** function _KeyPadGetKey *****************
 Defined at:
		line 32 in file "./KeyPad.h"
 Parameters:    Size  Location     Type
		None
 Auto vars:     Size  Location     Type
  row             1    5[COMMON] unsigned char 
  key             1    4[COMMON] unsigned char 
 Return value:  Size  Location     Type
                  2    0[COMMON] int 
 Registers used:
		wreg, fsr0l, fsr0h, status,2, status,0, pclath
 Tracked objects:
		On entry : 
		On exit  : 
		Unchanged: 
 Data sizes:     COMMON   BANK0   BANK1   BANK3   BANK2
      Params:         2       0       0       0       0
      Locals:         2       0       0       0       0
      Temps:          2       0       0       0       0
      Totals:         6       0       0       0       0
Total ram usage:        6 bytes
 Hardware stack levels used:    2
 This function calls:
		Nothing
 This function is called by:
		_main
		_configurarDerecha
		_configurarIzquierda
 This function uses a non-reentrant model


 *************** function _UART_Init *****************
 Defined at:
		line 1 in file "./uart.h"
 Parameters:    Size  Location     Type
  baudrate        4    6[BANK0 ] const long 
 Auto vars:     Size  Location     Type
  x               2    9[COMMON] unsigned int 
 Return value:  Size  Location     Type
                  1    wreg      unsigned char 
 Registers used:
		wreg, status,2, status,0, pclath, cstack
 Tracked objects:
		On entry : 
		On exit  : 
		Unchanged: 
 Data sizes:     COMMON   BANK0   BANK1   BANK3   BANK2
      Params:         0       4       0       0       0
      Locals:         2       0       0       0       0
      Temps:          0      12       0       0       0
      Totals:         2      16       0       0       0
Total ram usage:       18 bytes
 Hardware stack levels used:    1
 Hardware stack levels required when called:    1
 This function calls:
		___aldiv
 This function is called by:
		_main
 This function uses a non-reentrant model


 *************** function ___aldiv *****************
 Defined at:
		line 5 in file "C:\Program Files (x86)\Microchip\xc8\v2.05\pic\sources\c90\common\aldiv.c"
 Parameters:    Size  Location     Type
  divisor         4    0[COMMON] long 
  dividend        4    4[COMMON] long 
 Auto vars:     Size  Location     Type
  quotient        4    2[BANK0 ] long 
  sign            1    1[BANK0 ] unsigned char 
  counter         1    0[BANK0 ] unsigned char 
 Return value:  Size  Location     Type
                  4    0[COMMON] long 
 Registers used:
		wreg, status,2, status,0
 Tracked objects:
		On entry : 
		On exit  : 
		Unchanged: 
 Data sizes:     COMMON   BANK0   BANK1   BANK3   BANK2
      Params:         8       0       0       0       0
      Locals:         0       6       0       0       0
      Temps:          1       0       0       0       0
      Totals:         9       6       0       0       0
Total ram usage:       15 bytes
 Hardware stack levels used:    1
 This function calls:
		Nothing
 This function is called by:
		_UART_Init
 This function uses a non-reentrant model


 *************** function _Lcd_Init *****************
 Defined at:
		line 65 in file "./lcd.h"
 Parameters:    Size  Location     Type
		None
 Auto vars:     Size  Location     Type
		None
 Return value:  Size  Location     Type
                  1    wreg      void 
 Registers used:
		wreg, status,2, status,0, pclath, cstack
 Tracked objects:
		On entry : 
		On exit  : 
		Unchanged: 
 Data sizes:     COMMON   BANK0   BANK1   BANK3   BANK2
      Params:         0       0       0       0       0
      Locals:         0       0       0       0       0
      Temps:          2       0       0       0       0
      Totals:         2       0       0       0       0
Total ram usage:        2 bytes
 Hardware stack levels used:    1
 Hardware stack levels required when called:    2
 This function calls:
		_Lcd_Cmd
		_Lcd_Port
 This function is called by:
		_main
 This function uses a non-reentrant model


 *************** function _Lcd_Cmd *****************
 Defined at:
		line 35 in file "./lcd.h"
 Parameters:    Size  Location     Type
  a               1    wreg     unsigned char 
 Auto vars:     Size  Location     Type
  a               1    3[COMMON] unsigned char 
 Return value:  Size  Location     Type
                  1    wreg      void 
 Registers used:
		wreg, status,2, status,0, pclath, cstack
 Tracked objects:
		On entry : 
		On exit  : 
		Unchanged: 
 Data sizes:     COMMON   BANK0   BANK1   BANK3   BANK2
      Params:         0       0       0       0       0
      Locals:         1       0       0       0       0
      Temps:          2       0       0       0       0
      Totals:         3       0       0       0       0
Total ram usage:        3 bytes
 Hardware stack levels used:    1
 Hardware stack levels required when called:    1
 This function calls:
		_Lcd_Port
 This function is called by:
		_Lcd_Clear
		_Lcd_Set_Cursor
		_Lcd_Init
		_Lcd_Shift_Right
		_Lcd_Shift_Left
 This function uses a non-reentrant model


 *************** function _Lcd_Port *****************
 Defined at:
		line 13 in file "./lcd.h"
 Parameters:    Size  Location     Type
  a               1    wreg     unsigned char 
 Auto vars:     Size  Location     Type
  a               1    0[COMMON] unsigned char 
 Return value:  Size  Location     Type
                  1    wreg      void 
 Registers used:
		wreg
 Tracked objects:
		On entry : 
		On exit  : 
		Unchanged: 
 Data sizes:     COMMON   BANK0   BANK1   BANK3   BANK2
      Params:         0       0       0       0       0
      Locals:         1       0       0       0       0
      Temps:          0       0       0       0       0
      Totals:         1       0       0       0       0
Total ram usage:        1 bytes
 Hardware stack levels used:    1
 This function calls:
		Nothing
 This function is called by:
		_Lcd_Cmd
		_Lcd_Init
		_Lcd_Write_Char
 This function uses a non-reentrant model


 *************** function _KeyPadInit *****************
 Defined at:
		line 27 in file "./KeyPad.h"
 Parameters:    Size  Location     Type
		None
 Auto vars:     Size  Location     Type
		None
 Return value:  Size  Location     Type
                  1    wreg      void 
 Registers used:
		wreg, status,2
 Tracked objects:
		On entry : 
		On exit  : 
		Unchanged: 
 Data sizes:     COMMON   BANK0   BANK1   BANK3   BANK2
      Params:         0       0       0       0       0
      Locals:         0       0       0       0       0
      Temps:          0       0       0       0       0
      Totals:         0       0       0       0       0
Total ram usage:        0 bytes
 Hardware stack levels used:    1
 This function calls:
		Nothing
 This function is called by:
		_main
 This function uses a non-reentrant model



MODULE INFORMATION

Module		Function		Class		Link	Load	Size
C:\Program Files (x86)\Microchip\xc8\v2.05\pic\sources\c90\common\doprnt.c
		_sprintf       		CODE           	070C	0000	217

C:\Program Files (x86)\Microchip\xc8\v2.05\pic\sources\c90\common\doprnt.c estimated size: 217

./KeyPad.h
		_KeyPadGetKey  		CODE           	0392	0000	146
		_KeyPadInit    		CODE           	0FD6	0000	9

./KeyPad.h estimated size: 155

./lcd.h
		_Lcd_Write_String		CODE           	01D7	0000	62
		_Lcd_Init      		CODE           	02A8	0000	92
		_Lcd_Write_Char		CODE           	0162	0000	58
		_Lcd_Write_Integer		CODE           	0FE8	0000	25
		_Lcd_Cmd       		CODE           	00D3	0000	27
		_Lcd_Set_Cursor		CODE           	0214	0000	75
		_Lcd_Clear     		CODE           	00AE	0000	12
		_Lcd_Port      		CODE           	00B9	0000	27

./lcd.h estimated size: 378

C:\Program Files (x86)\Microchip\xc8\v2.05\pic\sources\c90\common\lwdiv.c
		___lwdiv       		CODE           	019B	0000	61

C:\Program Files (x86)\Microchip\xc8\v2.05\pic\sources\c90\common\lwdiv.c estimated size: 61

C:\Program Files (x86)\Microchip\xc8\v2.05\pic\sources\c90\common\Umul16.c
		___wmul        		CODE           	00ED	0000	34

C:\Program Files (x86)\Microchip\xc8\v2.05\pic\sources\c90\common\Umul16.c estimated size: 34

./uart.h
		_UART_Init     		CODE           	0636	0000	215
		_UART_Write_Text		CODE           	010E	0000	35
		_UART_Write    		CODE           	0FDE	0000	11

./uart.h estimated size: 261

shared
		__stringtab    		STRING         	0003	0000	17
		_dpowers       		STRING         	0035	0000	11
		__initialization		CODE           	07E4	0000	25
		_keyPadMatrix  		STRING         	0013	0000	35

shared estimated size: 88

C:\Program Files (x86)\Microchip\xc8\v2.05\pic\sources\c90\common\aldiv.c
		___aldiv       		CODE           	0303	0000	144

C:\Program Files (x86)\Microchip\xc8\v2.05\pic\sources\c90\common\aldiv.c estimated size: 144

main.c
		_StopMotor     		CODE           	00A9	0000	6
		_configurarDerecha		CODE           	0423	0000	178
		_RunMotor      		CODE           	025E	0000	75
		_main          		CODE           	0585	0000	178
		_configurarIzquierda		CODE           	04D4	0000	178

main.c estimated size: 615

C:\Program Files (x86)\Microchip\xc8\v2.05\pic\sources\c90\common\lwmod.c
		___lwmod       		CODE           	0130	0000	51

C:\Program Files (x86)\Microchip\xc8\v2.05\pic\sources\c90\common\lwmod.c estimated size: 51

