Microchip MPLAB XC8 Compiler V2.05 ()

Linker command line:

-W-3 --edf=C:\Program Files (x86)\Microchip\xc8\v2.05\pic\dat\en_msgs.txt \
  -cs -h+dist/default/production\Potencia.X.production.sym \
  --cmf=dist/default/production\Potencia.X.production.cmf -z -Q16F886 \
  -oC:\Users\jd99\AppData\Local\Temp\sa50.2 --defsym=__MPLAB_BUILD=1 \
  -Mdist/default/production/Potencia.X.production.map -E1 -ver=XC8 \
  --acfsm=1493 -ASTACK=0110h-016Fh -pstack=STACK -ACODE=00h-07FFhx4 \
  -ASTRCODE=00h-01FFFh -ASTRING=00h-0FFhx32 -ACONST=00h-0FFhx32 \
  -AENTRY=00h-0FFhx32 -ACOMMON=070h-07Fh -ABANK0=020h-06Fh \
  -ABANK1=0A0h-0EFh -ABANK2=0110h-016Fh -ABANK3=0190h-01EFh \
  -ARAM=020h-06Fh,0A0h-0EFh,0110h-016Fh,0190h-01EFh \
  -AABS1=020h-07Fh,0A0h-0EFh,0110h-016Fh,0190h-01EFh -ASFR0=00h-01Fh \
  -ASFR1=080h-09Fh -ASFR2=0100h-010Fh -ASFR3=0180h-018Fh \
  -preset_vec=00h,intentry,init,end_init -ppowerup=CODE -pcinit=CODE \
  -pfunctab=ENTRY -ACONFIG=02007h-02008h -pconfig=CONFIG -DCONFIG=2 \
  -AIDLOC=02000h-02003h -pidloc=IDLOC -DIDLOC=2 -AEEDATA=00h-0FFh/02100h \
  -peeprom_data=EEDATA -DEEDATA=2 -DCODE=2 -DSTRCODE=2 -DSTRING=2 -DCONST=2 \
  -DENTRY=2 -k C:\Users\jd99\AppData\Local\Temp\sa50.o \
  dist/default/production\Potencia.X.production.o 

Object code version is 3.11

Machine type is 16F886



                Name                               Link     Load   Length Selector   Space Scale
C:\Users\jd99\AppData\Local\Temp\sa50.o
                end_init                              0        0        3        0       0
                config                             2007     2007        2     400E       0
dist/default/production\Potencia.X.production.o
                cinit                               7DF      7DF       21      FBE       0
                text26                              A26      A26       1A     144C       0
                text25                              A40      A40       1A     1480       0
                text24                              9F6      9F6        B     13EC       0
                text23                              B80      B80       4A     1700       0
                text22                              AD0      AD0       37     15A0       0
                text21                              B43      B43       3D     1686       0
                text20                              B07      B07       3C     160E       0
                text19                              A9E      A9E       32     153C       0
                text18                              F28      F28       D8     1E50       0
                text17                              A0E      A0E       18     141C       0
                text16                              DF0      DF0       95     1BE0       0
                text15                              A7B      A7B       23     14F6       0
                text14                              4CA      4CA      315      994       0
                text13                              E85      E85       A3     1D0A       0
                text12                               15       15       B2       2A       0
                text11                              BCA      BCA       4A     1794       0
                text10                              C6F      C6F       6D     18DE       0
                text9                               2AF      2AF      21B      55E       0
                text8                               C14      C14       5B     1828       0
                text7                                 6        6        F        C       0
                text6                               D61      D61       8F     1AC2       0
                text5                               A01      A01        D     1402       0
                text4                               9F1      9F1        5     13E2       0
                text3                               A5A      A5A       21     14B4       0
                text2                                C7       C7       F4      18E       0
                text1                               1BB      1BB       F4      376       0
                maintext                            CDC      CDC       85     19B8       0
                cstackBANK0                          20       20       3A       20       1
                cstackCOMMON                         70       70        E       70       1
                dataBANK0                            67       67        3       20       1
                bssBANK0                             5A       5A        D       20       1
                strings                             800      800       79     1000       0
                idataBANK0                            3        3        3        0       0

TOTAL           Name                               Link     Load   Length     Space
        CLASS   STACK          

        CLASS   CODE           
                end_init                              0        0        3         0
                cinit                               7DF      7DF       21         0
                text26                              A26      A26       1A         0
                text25                              A40      A40       1A         0
                text24                              9F6      9F6        B         0
                text23                              B80      B80       4A         0
                text22                              AD0      AD0       37         0
                text21                              B43      B43       3D         0
                text20                              B07      B07       3C         0
                text19                              A9E      A9E       32         0
                text18                              F28      F28       D8         0
                text17                              A0E      A0E       18         0
                text16                              DF0      DF0       95         0
                text15                              A7B      A7B       23         0
                text14                              4CA      4CA      315         0
                text13                              E85      E85       A3         0
                text12                               15       15       B2         0
                text11                              BCA      BCA       4A         0
                text10                              C6F      C6F       6D         0
                text9                               2AF      2AF      21B         0
                text8                               C14      C14       5B         0
                text7                                 6        6        F         0
                text6                               D61      D61       8F         0
                text5                               A01      A01        D         0
                text4                               9F1      9F1        5         0
                text3                               A5A      A5A       21         0
                text2                                C7       C7       F4         0
                text1                               1BB      1BB       F4         0
                maintext                            CDC      CDC       85         0
                idataBANK0                            3        3        3         0

        CLASS   STRCODE        

        CLASS   STRING         
                strings                             800      800       79         0

        CLASS   CONST          

        CLASS   ENTRY          

        CLASS   COMMON         
                cstackCOMMON                         70       70        E         1

        CLASS   BANK0          
                cstackBANK0                          20       20       3A         1
                dataBANK0                            67       67        3         1
                bssBANK0                             5A       5A        D         1

        CLASS   BANK1          

        CLASS   BANK2          

        CLASS   BANK3          

        CLASS   RAM            

        CLASS   ABS1           
                abs_s1                               7E       7E        2         1

        CLASS   SFR0           

        CLASS   SFR1           

        CLASS   SFR2           

        CLASS   SFR3           

        CLASS   CONFIG         
                config                             2007     2007        2         0

        CLASS   IDLOC          

        CLASS   EEDATA         



SEGMENTS        Name                           Load    Length   Top    Selector   Space  Class     Delta

                reset_vec                      000000  000006  000006         0       0  CODE        2
                text7                          000006  00000F  000015         C       0  CODE        2
                cstackBANK0                    000020  00004A  00006A        20       1  BANK0       1
                text12                         000015  0000B2  0000C7        2A       0  CODE        2
                cstackCOMMON                   000070  00000E  00007E        70       1  COMMON      1
                text2                          0000C7  0000F4  0001BB       18E       0  CODE        2
                text1                          0001BB  0000F4  0002AF       376       0  CODE        2
                text9                          0002AF  00021B  0004CA       55E       0  CODE        2
                text14                         0004CA  000315  0007DF       994       0  CODE        2
                cinit                          0007DF  000021  000800       FBE       0  CODE        2
                strings                        000800  000079  000879      1000       0  STRING      2
                text4                          0009F1  000005  0009F6      13E2       0  CODE        2
                text24                         0009F6  00000B  000A01      13EC       0  CODE        2
                text5                          000A01  00000D  000A0E      1402       0  CODE        2
                text17                         000A0E  000018  000A26      141C       0  CODE        2
                text26                         000A26  00001A  000A40      144C       0  CODE        2
                text25                         000A40  00001A  000A5A      1480       0  CODE        2
                text3                          000A5A  000021  000A7B      14B4       0  CODE        2
                text15                         000A7B  000023  000A9E      14F6       0  CODE        2
                text19                         000A9E  000032  000AD0      153C       0  CODE        2
                text22                         000AD0  000037  000B07      15A0       0  CODE        2
                text20                         000B07  00003C  000B43      160E       0  CODE        2
                text21                         000B43  00003D  000B80      1686       0  CODE        2
                text23                         000B80  00004A  000BCA      1700       0  CODE        2
                text11                         000BCA  00004A  000C14      1794       0  CODE        2
                text8                          000C14  00005B  000C6F      1828       0  CODE        2
                text10                         000C6F  00006D  000CDC      18DE       0  CODE        2
                maintext                       000CDC  000085  000D61      19B8       0  CODE        2
                text6                          000D61  00008F  000DF0      1AC2       0  CODE        2
                text16                         000DF0  000095  000E85      1BE0       0  CODE        2
                text13                         000E85  0000A3  000F28      1D0A       0  CODE        2
                text18                         000F28  0000D8  001000      1E50       0  CODE        2
                config                         002007  000002  002009      400E       0  CONFIG      2


UNUSED ADDRESS RANGES

        Name                Unused          Largest block    Delta
        BANK0            006A-006F              6           1
        BANK1            00A0-00EF             50           1
        BANK2            0110-016F             60           1
        BANK3            0190-01EF             60           1
        CODE             0879-09F0            178           2
                         1000-1FFF            800
        CONST            0879-09F0             87           2
                         1000-1FFF            100
        EEDATA           2100-21FF            100           2
        ENTRY            0879-09F0             87           2
                         1000-1FFF            100
        IDLOC            2000-2003              4           2
        RAM              006A-006F              6           1
                         00A0-00EF             50
                         0110-016F             60
                         0190-01EF             60
        SFR0             0000-001F             20           1
        SFR1             0080-009F             20           1
        SFR2             0100-010F             10           1
        SFR3             0180-018F             10           1
        STACK            0110-016F             60           1
        STRCODE          0879-09F0            178           2
                         1000-1FFF           1000
        STRING           0879-09F0             87           2
                         1000-1FFF            100

                                  Symbol Table

?_KeyPadGetKey                   cstackCOMMON 0070
?__Umul8_16                      cstackCOMMON 0070
?___flmul                        cstackBANK0  0020
?___fltol                        cstackBANK0  003A
?___lwdiv                        cstackCOMMON 0070
?___lwmod                        cstackCOMMON 0078
?___wmul                         cstackCOMMON 0070
?___xxtofl                       cstackCOMMON 0070
?_sprintf                        cstackBANK0  0020
KeyPadGetKey@key                 cstackCOMMON 0073
KeyPadGetKey@row                 cstackCOMMON 0074
Lcd_Cmd@a                        cstackCOMMON 0073
Lcd_Port@a                       cstackCOMMON 0070
Lcd_Set_Cursor@a                 cstackCOMMON 0077
Lcd_Set_Cursor@b                 cstackCOMMON 0074
Lcd_Set_Cursor@temp              cstackCOMMON 007A
Lcd_Set_Cursor@y                 cstackCOMMON 0079
Lcd_Set_Cursor@z                 cstackCOMMON 0078
Lcd_Write_Char@a                 cstackCOMMON 0074
Lcd_Write_Char@temp              cstackCOMMON 0072
Lcd_Write_Char@y                 cstackCOMMON 0073
Lcd_Write_Integer@Data           cstackBANK0  0048
Lcd_Write_Integer@a              cstackBANK0  0045
Lcd_Write_String@a               cstackCOMMON 0075
Lcd_Write_String@i               cstackCOMMON 007A
_ANSEL                           (abs)        0188
_ANSELH                          (abs)        0189
_CmAntiHorario                   bssBANK0     005C
_CmHorario                       bssBANK0     005E
_Encoder                         text9        02AF
_Grados                          bssBANK0     0060
_KeyPadGetKey                    text6        0D61
_LastState                       bssBANK0     0062
_Lcd_Clear                       text24       09F6
_Lcd_Cmd                         text25       0A40
_Lcd_Init                        text8        0C14
_Lcd_Port                        text26       0A26
_Lcd_Set_Cursor                  text23       0B80
_Lcd_Write_Char                  text22       0AD0
_Lcd_Write_Integer               text17       0A0E
_Lcd_Write_String                text21       0B43
_PORTA                           (abs)        0005
_PinsInit                        text7        0006
_RA0                             (abs)        0028
_RA1                             (abs)        0029
_RA2                             (abs)        002A
_RA3                             (abs)        002B
_RA4                             (abs)        002C
_RA5                             (abs)        002D
_RA6                             (abs)        002E
_RA7                             (abs)        002F
_RB0                             (abs)        0030
_RB2                             (abs)        0032
_RB3                             (abs)        0033
_RB4                             (abs)        0034
_RB5                             (abs)        0035
_RB6                             (abs)        0036
_RB7                             (abs)        0037
_RC0                             (abs)        0038
_RC1                             (abs)        0039
_RunMotor                        text5        0A01
_StopMotor                       text4        09F1
_TRISA                           (abs)        0085
_TRISB                           (abs)        0086
_TRISC                           (abs)        0087
_VerificarInversionGiro          text12       0015
__CFG_BOR4V$BOR40V               (abs)        0000
__CFG_BOREN$ON                   (abs)        0000
__CFG_CP$OFF                     (abs)        0000
__CFG_CPD$OFF                    (abs)        0000
__CFG_FCMEN$ON                   (abs)        0000
__CFG_FOSC$INTRC_NOCLKOUT        (abs)        0000
__CFG_IESO$ON                    (abs)        0000
__CFG_LVP$OFF                    (abs)        0000
__CFG_MCLRE$ON                   (abs)        0000
__CFG_PWRTE$OFF                  (abs)        0000
__CFG_WDTE$OFF                   (abs)        0000
__CFG_WRT$OFF                    (abs)        0000
__Habs1                          abs1         0000
__Hbank0                         bank0        0000
__Hbank1                         bank1        0000
__Hbank2                         bank2        0000
__Hbank3                         bank3        0000
__HbssBANK0                      bssBANK0     0000
__Hcinit                         cinit        0800
__Hclrtext                       clrtext      0000
__Hcode                          code         0000
__Hcommon                        common       0000
__Hconfig                        config       2009
__HcstackBANK0                   cstackBANK0  0000
__HcstackCOMMON                  cstackCOMMON 0000
__HdataBANK0                     dataBANK0    0000
__Heeprom_data                   eeprom_data  0000
__Hend_init                      end_init     0003
__Hfunctab                       functab      0000
__HidataBANK0                    idataBANK0   0000
__Hidloc                         idloc        0000
__Hinit                          init         0000
__Hintentry                      intentry     0000
__Hmaintext                      maintext     0000
__Hpowerup                       powerup      0000
__Hram                           ram          0000
__Hreset_vec                     reset_vec    0000
__Hsfr0                          sfr0         0000
__Hsfr1                          sfr1         0000
__Hsfr2                          sfr2         0000
__Hsfr3                          sfr3         0000
__Hspace_0                       (abs)        2009
__Hspace_1                       (abs)        007E
__Hspace_2                       (abs)        0000
__Hspace_3                       (abs)        0000
__Hstack                         stack        0000
__Hstrings                       strings      0000
__Htext                          text         0000
__Labs1                          abs1         0000
__Lbank0                         bank0        0000
__Lbank1                         bank1        0000
__Lbank2                         bank2        0000
__Lbank3                         bank3        0000
__LbssBANK0                      bssBANK0     0000
__Lcinit                         cinit        07DF
__Lclrtext                       clrtext      0000
__Lcode                          code         0000
__Lcommon                        common       0000
__Lconfig                        config       2007
__LcstackBANK0                   cstackBANK0  0000
__LcstackCOMMON                  cstackCOMMON 0000
__LdataBANK0                     dataBANK0    0000
__Leeprom_data                   eeprom_data  0000
__Lend_init                      end_init     0000
__Lfunctab                       functab      0000
__LidataBANK0                    idataBANK0   0000
__Lidloc                         idloc        0000
__Linit                          init         0000
__Lintentry                      intentry     0000
__Lmaintext                      maintext     0000
__Lpowerup                       powerup      0000
__Lram                           ram          0000
__Lreset_vec                     reset_vec    0000
__Lsfr0                          sfr0         0000
__Lsfr1                          sfr1         0000
__Lsfr2                          sfr2         0000
__Lsfr3                          sfr3         0000
__Lspace_0                       (abs)        0000
__Lspace_1                       (abs)        0000
__Lspace_2                       (abs)        0000
__Lspace_3                       (abs)        0000
__Lstack                         stack        0000
__Lstrings                       strings      0000
__Ltext                          text         0000
__S0                             (abs)        2009
__S1                             (abs)        007E
__S2                             (abs)        0000
__S3                             (abs)        0000
__Umul8_16                       text15       0A7B
__Umul8_16@multiplicand          cstackCOMMON 0070
__Umul8_16@multiplier            cstackCOMMON 0078
__Umul8_16@product               cstackCOMMON 0074
__Umul8_16@word_mpld             cstackCOMMON 0076
___fleq                          text11       0BCA
___fleq@ff1                      cstackBANK0  003A
___fleq@ff2                      cstackBANK0  003E
___flge                          text16       0DF0
___flge@ff1                      cstackBANK0  003A
___flge@ff2                      cstackBANK0  003E
___flmul                         text14       04CA
___flmul@a                       cstackBANK0  0024
___flmul@aexp                    cstackBANK0  0032
___flmul@b                       cstackBANK0  0020
___flmul@bexp                    cstackBANK0  0033
___flmul@grs                     cstackBANK0  002E
___flmul@prod                    cstackBANK0  0034
___flmul@sign                    cstackBANK0  002D
___flmul@temp                    cstackBANK0  0038
___fltol                         text10       0C6F
___fltol@exp1                    cstackBANK0  0044
___fltol@f1                      cstackBANK0  003A
___fltol@sign1                   cstackBANK0  0043
___int_sp                        stack        0000
___latbits                       (abs)        0002
___lwdiv                         text20       0B07
___lwdiv@counter                 cstackCOMMON 0077
___lwdiv@dividend                cstackCOMMON 0072
___lwdiv@divisor                 cstackCOMMON 0070
___lwdiv@quotient                cstackCOMMON 0075
___lwmod                         text19       0A9E
___lwmod@counter                 cstackCOMMON 007D
___lwmod@dividend                cstackCOMMON 007A
___lwmod@divisor                 cstackCOMMON 0078
___sp                            stack        0000
___stackhi                       (abs)        0000
___stacklo                       (abs)        0000
___wmul                          text3        0A5A
___wmul@multiplicand             cstackCOMMON 0072
___wmul@multiplier               cstackCOMMON 0070
___wmul@product                  cstackCOMMON 0074
___xxtofl                        text13       0E85
___xxtofl@arg                    cstackCOMMON 007A
___xxtofl@exp                    cstackCOMMON 0079
___xxtofl@sign                   cstackCOMMON 0078
___xxtofl@val                    cstackCOMMON 0070
__end_of_Encoder                 text9        04CA
__end_of_KeyPadGetKey            text6        0DF0
__end_of_Lcd_Clear               text24       0A01
__end_of_Lcd_Cmd                 text25       0A5A
__end_of_Lcd_Init                text8        0C6F
__end_of_Lcd_Port                text26       0A40
__end_of_Lcd_Set_Cursor          text23       0BCA
__end_of_Lcd_Write_Char          text22       0B07
__end_of_Lcd_Write_Integer       text17       0A26
__end_of_Lcd_Write_String        text21       0B80
__end_of_PinsInit                text7        0015
__end_of_RunMotor                text5        0A0E
__end_of_StopMotor               text4        09F6
__end_of_VerificarInversionGiro  text12       00C7
__end_of__Umul8_16               text15       0A9E
__end_of___fleq                  text11       0C14
__end_of___flge                  text16       0E85
__end_of___flmul                 text14       07DF
__end_of___fltol                 text10       0CDC
__end_of___lwdiv                 text20       0B43
__end_of___lwmod                 text19       0AD0
__end_of___wmul                  text3        0A7B
__end_of___xxtofl                text13       0F28
__end_of__initialization         cinit        07FC
__end_of__stringtab              strings      0810
__end_of_configurarAntiHorario   text2        01BB
__end_of_configurarHorario       text1        02AF
__end_of_dpowers                 strings      083C
__end_of_keyPadMatrix            strings      0832
__end_of_main                    maintext     0D61
__end_of_sprintf                 text18       1000
__initialization                 cinit        07DF
__pbssBANK0                      bssBANK0     005A
__pcstackBANK0                   cstackBANK0  0020
__pcstackCOMMON                  cstackCOMMON 0070
__pdataBANK0                     dataBANK0    0067
__pidataBANK0                    idataBANK0   0003
__pmaintext                      maintext     0CDC
__pstrings                       strings      0800
__ptext1                         text1        01BB
__ptext10                        text10       0C6F
__ptext11                        text11       0BCA
__ptext12                        text12       0015
__ptext13                        text13       0E85
__ptext14                        text14       04CA
__ptext15                        text15       0A7B
__ptext16                        text16       0DF0
__ptext17                        text17       0A0E
__ptext18                        text18       0F28
__ptext19                        text19       0A9E
__ptext2                         text2        00C7
__ptext20                        text20       0B07
__ptext21                        text21       0B43
__ptext22                        text22       0AD0
__ptext23                        text23       0B80
__ptext24                        text24       09F6
__ptext25                        text25       0A40
__ptext26                        text26       0A26
__ptext3                         text3        0A5A
__ptext4                         text4        09F1
__ptext5                         text5        0A01
__ptext6                         text6        0D61
__ptext7                         text7        0006
__ptext8                         text8        0C14
__ptext9                         text9        02AF
__size_of_Encoder                (abs)        0000
__size_of_KeyPadGetKey           (abs)        0000
__size_of_Lcd_Clear              (abs)        0000
__size_of_Lcd_Cmd                (abs)        0000
__size_of_Lcd_Init               (abs)        0000
__size_of_Lcd_Port               (abs)        0000
__size_of_Lcd_Set_Cursor         (abs)        0000
__size_of_Lcd_Write_Char         (abs)        0000
__size_of_Lcd_Write_Integer      (abs)        0000
__size_of_Lcd_Write_String       (abs)        0000
__size_of_PinsInit               (abs)        0000
__size_of_RunMotor               (abs)        0000
__size_of_StopMotor              (abs)        0000
__size_of_VerificarInversionGiro (abs)        0000
__size_of__Umul8_16              (abs)        0000
__size_of___fleq                 (abs)        0000
__size_of___flge                 (abs)        0000
__size_of___flmul                (abs)        0000
__size_of___fltol                (abs)        0000
__size_of___lwdiv                (abs)        0000
__size_of___lwmod                (abs)        0000
__size_of___wmul                 (abs)        0000
__size_of___xxtofl               (abs)        0000
__size_of_configurarAntiHorario  (abs)        0000
__size_of_configurarHorario      (abs)        0000
__size_of_main                   (abs)        0000
__size_of_sprintf                (abs)        0000
__stringbase                     strings      080F
__stringtab                      strings      0800
_buffer                          bssBANK0     0065
_cm                              bssBANK0     005A
_configurarAntiHorario           text2        00C7
_configurarHorario               text1        01BB
_dpowers                         strings      0832
_key2                            dataBANK0    0067
_keyPadMatrix                    strings      0810
_keypress                        dataBANK0    0069
_main                            maintext     0CDC
_old_key                         bssBANK0     0063
_sprintf                         text18       0F28
btemp                            (abs)        007E
end_of_initialization            cinit        07FC
intlevel0                        functab      0000
intlevel1                        functab      0000
intlevel2                        functab      0000
intlevel3                        functab      0000
intlevel4                        functab      0000
intlevel5                        functab      0000
reset_vec                        reset_vec    0000
sprintf@ap                       cstackBANK0  0026
sprintf@c                        cstackBANK0  002C
sprintf@f                        cstackBANK0  0020
sprintf@flag                     cstackBANK0  0027
sprintf@prec                     cstackBANK0  0028
sprintf@sp                       cstackBANK0  002B
sprintf@val                      cstackBANK0  0029
start                            init         0000
start_initialization             cinit        07DF
wtemp0                           (abs)        007E


FUNCTION INFORMATION:

 *************** function _main *****************
 Defined at:
		line 22 in file "main.c"
 Parameters:    Size  Location     Type
		None
 Auto vars:     Size  Location     Type
		None
 Return value:  Size  Location     Type
                  2  144[None  ] int 
 Registers used:
		wreg, fsr0l, fsr0h, status,2, status,0, btemp+1, pclath, cstack
 Tracked objects:
		On entry : 
		On exit  : 
		Unchanged: 
 Data sizes:     COMMON   BANK0   BANK1   BANK3   BANK2
      Params:         0       0       0       0       0
      Locals:         0       0       0       0       0
      Temps:          0       4       0       0       0
      Totals:         0       4       0       0       0
Total ram usage:        4 bytes
 Hardware stack levels required when called:    5
 This function calls:
		_Encoder
		_KeyPadGetKey
		_Lcd_Init
		_PinsInit
		_RunMotor
		_StopMotor
		_configurarAntiHorario
		_configurarHorario
 This function is called by:
		Startup code after reset
 This function uses a non-reentrant model


 *************** function _configurarHorario *****************
 Defined at:
		line 83 in file "main.c"
 Parameters:    Size  Location     Type
		None
 Auto vars:     Size  Location     Type
		None
 Return value:  Size  Location     Type
                  2   48[None  ] int 
 Registers used:
		wreg, fsr0l, fsr0h, status,2, status,0, btemp+1, pclath, cstack
 Tracked objects:
		On entry : 
		On exit  : 
		Unchanged: 
 Data sizes:     COMMON   BANK0   BANK1   BANK3   BANK2
      Params:         0       0       0       0       0
      Locals:         0       0       0       0       0
      Temps:          0       4       0       0       0
      Totals:         0       4       0       0       0
Total ram usage:        4 bytes
 Hardware stack levels used:    1
 Hardware stack levels required when called:    4
 This function calls:
		_KeyPadGetKey
		_Lcd_Clear
		_Lcd_Set_Cursor
		_Lcd_Write_Integer
		_Lcd_Write_String
		_RunMotor
		_StopMotor
		___wmul
 This function is called by:
		_main
 This function uses a non-reentrant model


 *************** function _configurarAntiHorario *****************
 Defined at:
		line 137 in file "main.c"
 Parameters:    Size  Location     Type
		None
 Auto vars:     Size  Location     Type
		None
 Return value:  Size  Location     Type
                  2   50[None  ] int 
 Registers used:
		wreg, fsr0l, fsr0h, status,2, status,0, btemp+1, pclath, cstack
 Tracked objects:
		On entry : 
		On exit  : 
		Unchanged: 
 Data sizes:     COMMON   BANK0   BANK1   BANK3   BANK2
      Params:         0       0       0       0       0
      Locals:         0       0       0       0       0
      Temps:          0       4       0       0       0
      Totals:         0       4       0       0       0
Total ram usage:        4 bytes
 Hardware stack levels used:    1
 Hardware stack levels required when called:    4
 This function calls:
		_KeyPadGetKey
		_Lcd_Clear
		_Lcd_Set_Cursor
		_Lcd_Write_Integer
		_Lcd_Write_String
		_RunMotor
		_StopMotor
		___wmul
 This function is called by:
		_main
 This function uses a non-reentrant model


 *************** function ___wmul *****************
 Defined at:
		line 15 in file "C:\Program Files (x86)\Microchip\xc8\v2.05\pic\sources\c90\common\Umul16.c"
 Parameters:    Size  Location     Type
  multiplier      2    0[COMMON] unsigned int 
  multiplicand    2    2[COMMON] unsigned int 
 Auto vars:     Size  Location     Type
  product         2    4[COMMON] unsigned int 
 Return value:  Size  Location     Type
                  2    0[COMMON] unsigned int 
 Registers used:
		wreg, status,2, status,0
 Tracked objects:
		On entry : 
		On exit  : 
		Unchanged: 
 Data sizes:     COMMON   BANK0   BANK1   BANK3   BANK2
      Params:         4       0       0       0       0
      Locals:         2       0       0       0       0
      Temps:          0       0       0       0       0
      Totals:         6       0       0       0       0
Total ram usage:        6 bytes
 Hardware stack levels used:    1
 This function calls:
		Nothing
 This function is called by:
		_configurarHorario
		_configurarAntiHorario
 This function uses a non-reentrant model


 *************** function _StopMotor *****************
 Defined at:
		line 77 in file "main.c"
 Parameters:    Size  Location     Type
		None
 Auto vars:     Size  Location     Type
		None
 Return value:  Size  Location     Type
                  2   46[None  ] int 
 Registers used:
		None
 Tracked objects:
		On entry : 
		On exit  : 
		Unchanged: 
 Data sizes:     COMMON   BANK0   BANK1   BANK3   BANK2
      Params:         0       0       0       0       0
      Locals:         0       0       0       0       0
      Temps:          0       0       0       0       0
      Totals:         0       0       0       0       0
Total ram usage:        0 bytes
 Hardware stack levels used:    1
 This function calls:
		Nothing
 This function is called by:
		_main
		_configurarHorario
		_configurarAntiHorario
 This function uses a non-reentrant model


 *************** function _RunMotor *****************
 Defined at:
		line 69 in file "main.c"
 Parameters:    Size  Location     Type
		None
 Auto vars:     Size  Location     Type
		None
 Return value:  Size  Location     Type
                  2   52[None  ] int 
 Registers used:
		wreg, status,2, status,0
 Tracked objects:
		On entry : 
		On exit  : 
		Unchanged: 
 Data sizes:     COMMON   BANK0   BANK1   BANK3   BANK2
      Params:         0       0       0       0       0
      Locals:         0       0       0       0       0
      Temps:          0       0       0       0       0
      Totals:         0       0       0       0       0
Total ram usage:        0 bytes
 Hardware stack levels used:    1
 This function calls:
		Nothing
 This function is called by:
		_main
		_configurarHorario
		_configurarAntiHorario
 This function uses a non-reentrant model


 *************** function _KeyPadGetKey *****************
 Defined at:
		line 16 in file "./KeyPad.h"
 Parameters:    Size  Location     Type
		None
 Auto vars:     Size  Location     Type
  row             1    4[COMMON] unsigned char 
  key             1    3[COMMON] unsigned char 
 Return value:  Size  Location     Type
                  2    0[COMMON] int 
 Registers used:
		wreg, fsr0l, fsr0h, status,2, status,0, pclath
 Tracked objects:
		On entry : 
		On exit  : 
		Unchanged: 
 Data sizes:     COMMON   BANK0   BANK1   BANK3   BANK2
      Params:         2       0       0       0       0
      Locals:         2       0       0       0       0
      Temps:          1       0       0       0       0
      Totals:         5       0       0       0       0
Total ram usage:        5 bytes
 Hardware stack levels used:    2
 This function calls:
		Nothing
 This function is called by:
		_main
		_configurarHorario
		_configurarAntiHorario
 This function uses a non-reentrant model


 *************** function _PinsInit *****************
 Defined at:
		line 52 in file "./Config.h"
 Parameters:    Size  Location     Type
		None
 Auto vars:     Size  Location     Type
		None
 Return value:  Size  Location     Type
                  1    wreg      void 
 Registers used:
		wreg, status,2
 Tracked objects:
		On entry : 
		On exit  : 
		Unchanged: 
 Data sizes:     COMMON   BANK0   BANK1   BANK3   BANK2
      Params:         0       0       0       0       0
      Locals:         0       0       0       0       0
      Temps:          0       0       0       0       0
      Totals:         0       0       0       0       0
Total ram usage:        0 bytes
 Hardware stack levels used:    1
 This function calls:
		Nothing
 This function is called by:
		_main
 This function uses a non-reentrant model


 *************** function _Lcd_Init *****************
 Defined at:
		line 57 in file "./lcd.h"
 Parameters:    Size  Location     Type
		None
 Auto vars:     Size  Location     Type
		None
 Return value:  Size  Location     Type
                  1    wreg      void 
 Registers used:
		wreg, status,2, status,0, pclath, cstack
 Tracked objects:
		On entry : 
		On exit  : 
		Unchanged: 
 Data sizes:     COMMON   BANK0   BANK1   BANK3   BANK2
      Params:         0       0       0       0       0
      Locals:         0       0       0       0       0
      Temps:          2       0       0       0       0
      Totals:         2       0       0       0       0
Total ram usage:        2 bytes
 Hardware stack levels used:    1
 Hardware stack levels required when called:    2
 This function calls:
		_Lcd_Cmd
		_Lcd_Port
 This function is called by:
		_main
 This function uses a non-reentrant model


 *************** function _Encoder *****************
 Defined at:
		line 203 in file "main.c"
 Parameters:    Size  Location     Type
		None
 Auto vars:     Size  Location     Type
		None
 Return value:  Size  Location     Type
                  2   56[None  ] int 
 Registers used:
		wreg, fsr0l, fsr0h, status,2, status,0, btemp+1, pclath, cstack
 Tracked objects:
		On entry : 
		On exit  : 
		Unchanged: 
 Data sizes:     COMMON   BANK0   BANK1   BANK3   BANK2
      Params:         0       0       0       0       0
      Locals:         0       0       0       0       0
      Temps:          0       0       0       0       0
      Totals:         0       0       0       0       0
Total ram usage:        0 bytes
 Hardware stack levels used:    1
 Hardware stack levels required when called:    4
 This function calls:
		_Lcd_Clear
		_Lcd_Set_Cursor
		_Lcd_Write_Integer
		_Lcd_Write_String
		_VerificarInversionGiro
		___fleq
		___flmul
		___fltol
		___xxtofl
 This function is called by:
		_main
 This function uses a non-reentrant model


 *************** function ___fltol *****************
 Defined at:
		line 43 in file "C:\Program Files (x86)\Microchip\xc8\v2.05\pic\sources\c90\common\fltol.c"
 Parameters:    Size  Location     Type
  f1              4   26[BANK0 ] int 
 Auto vars:     Size  Location     Type
  exp1            1   36[BANK0 ] unsigned char 
  sign1           1   35[BANK0 ] unsigned char 
 Return value:  Size  Location     Type
                  4   26[BANK0 ] long 
 Registers used:
		wreg, status,2, status,0
 Tracked objects:
		On entry : 
		On exit  : 
		Unchanged: 
 Data sizes:     COMMON   BANK0   BANK1   BANK3   BANK2
      Params:         0       4       0       0       0
      Locals:         0       2       0       0       0
      Temps:          0       5       0       0       0
      Totals:         0      11       0       0       0
Total ram usage:       11 bytes
 Hardware stack levels used:    1
 This function calls:
		Nothing
 This function is called by:
		_Encoder
 This function uses a non-reentrant model


 *************** function ___fleq *****************
 Defined at:
		line 4 in file "C:\Program Files (x86)\Microchip\xc8\v2.05\pic\sources\c90\common\fleq.c"
 Parameters:    Size  Location     Type
  ff1             4   26[BANK0 ] long 
  ff2             4   30[BANK0 ] long 
 Auto vars:     Size  Location     Type
		None
 Return value:  Size  Location     Type
		None               void
 Registers used:
		wreg, status,2, status,0
 Tracked objects:
		On entry : 
		On exit  : 
		Unchanged: 
 Data sizes:     COMMON   BANK0   BANK1   BANK3   BANK2
      Params:         0       8       0       0       0
      Locals:         0       0       0       0       0
      Temps:          0       4       0       0       0
      Totals:         0      12       0       0       0
Total ram usage:       12 bytes
 Hardware stack levels used:    1
 This function calls:
		Nothing
 This function is called by:
		_Encoder
 This function uses a non-reentrant model


 *************** function _VerificarInversionGiro *****************
 Defined at:
		line 190 in file "main.c"
 Parameters:    Size  Location     Type
		None
 Auto vars:     Size  Location     Type
		None
 Return value:  Size  Location     Type
                  2  201[None  ] int 
 Registers used:
		wreg, status,2, status,0, btemp+1, pclath, cstack
 Tracked objects:
		On entry : 
		On exit  : 
		Unchanged: 
 Data sizes:     COMMON   BANK0   BANK1   BANK3   BANK2
      Params:         0       0       0       0       0
      Locals:         0       0       0       0       0
      Temps:          0       0       0       0       0
      Totals:         0       0       0       0       0
Total ram usage:        0 bytes
 Hardware stack levels used:    1
 Hardware stack levels required when called:    2
 This function calls:
		___flge
		___flmul
		___xxtofl
 This function is called by:
		_Encoder
 This function uses a non-reentrant model


 *************** function ___xxtofl *****************
 Defined at:
		line 10 in file "C:\Program Files (x86)\Microchip\xc8\v2.05\pic\sources\c90\common\xxtofl.c"
 Parameters:    Size  Location     Type
  sign            1    wreg     unsigned char 
  val             4    0[COMMON] long 
 Auto vars:     Size  Location     Type
  sign            1    8[COMMON] unsigned char 
  arg             4   10[COMMON] unsigned long 
  exp             1    9[COMMON] unsigned char 
 Return value:  Size  Location     Type
                  4    0[COMMON] unsigned char 
 Registers used:
		wreg, status,2, status,0
 Tracked objects:
		On entry : 
		On exit  : 
		Unchanged: 
 Data sizes:     COMMON   BANK0   BANK1   BANK3   BANK2
      Params:         4       0       0       0       0
      Locals:         6       0       0       0       0
      Temps:          4       0       0       0       0
      Totals:        14       0       0       0       0
Total ram usage:       14 bytes
 Hardware stack levels used:    1
 This function calls:
		Nothing
 This function is called by:
		_VerificarInversionGiro
		_Encoder
 This function uses a non-reentrant model


 *************** function ___flmul *****************
 Defined at:
		line 8 in file "C:\Program Files (x86)\Microchip\xc8\v2.05\pic\sources\c90\common\sprcmul.c"
 Parameters:    Size  Location     Type
  b               4    0[BANK0 ] unsigned char 
  a               4    4[BANK0 ] unsigned char 
 Auto vars:     Size  Location     Type
  prod            4   20[BANK0 ] struct .
  grs             4   14[BANK0 ] unsigned long 
  temp            2   24[BANK0 ] struct .
  bexp            1   19[BANK0 ] unsigned char 
  aexp            1   18[BANK0 ] unsigned char 
  sign            1   13[BANK0 ] unsigned char 
 Return value:  Size  Location     Type
                  4    0[BANK0 ] unsigned char 
 Registers used:
		wreg, status,2, status,0, btemp+1, pclath, cstack
 Tracked objects:
		On entry : 
		On exit  : 
		Unchanged: 
 Data sizes:     COMMON   BANK0   BANK1   BANK3   BANK2
      Params:         0       8       0       0       0
      Locals:         0      13       0       0       0
      Temps:          0       5       0       0       0
      Totals:         0      26       0       0       0
Total ram usage:       26 bytes
 Hardware stack levels used:    1
 Hardware stack levels required when called:    1
 This function calls:
		__Umul8_16
 This function is called by:
		_VerificarInversionGiro
		_Encoder
 This function uses a non-reentrant model


 *************** function __Umul8_16 *****************
 Defined at:
		line 4 in file "C:\Program Files (x86)\Microchip\xc8\v2.05\pic\sources\c90\common\Umul8_16.c"
 Parameters:    Size  Location     Type
  multiplier      1    wreg     unsigned char 
  multiplicand    1    0[COMMON] unsigned char 
 Auto vars:     Size  Location     Type
  multiplier      1    8[COMMON] unsigned char 
  word_mpld       2    6[COMMON] unsigned int 
  product         2    4[COMMON] unsigned int 
 Return value:  Size  Location     Type
                  2    0[COMMON] unsigned int 
 Registers used:
		wreg, status,2, status,0
 Tracked objects:
		On entry : 
		On exit  : 
		Unchanged: 
 Data sizes:     COMMON   BANK0   BANK1   BANK3   BANK2
      Params:         2       0       0       0       0
      Locals:         5       0       0       0       0
      Temps:          2       0       0       0       0
      Totals:         9       0       0       0       0
Total ram usage:        9 bytes
 Hardware stack levels used:    1
 This function calls:
		Nothing
 This function is called by:
		___flmul
 This function uses a non-reentrant model


 *************** function ___flge *****************
 Defined at:
		line 4 in file "C:\Program Files (x86)\Microchip\xc8\v2.05\pic\sources\c90\common\flge.c"
 Parameters:    Size  Location     Type
  ff1             4   26[BANK0 ] unsigned int 
  ff2             4   30[BANK0 ] unsigned int 
 Auto vars:     Size  Location     Type
		None
 Return value:  Size  Location     Type
		None               void
 Registers used:
		wreg, status,2, status,0
 Tracked objects:
		On entry : 
		On exit  : 
		Unchanged: 
 Data sizes:     COMMON   BANK0   BANK1   BANK3   BANK2
      Params:         0       8       0       0       0
      Locals:         0       0       0       0       0
      Temps:          0       4       0       0       0
      Totals:         0      12       0       0       0
Total ram usage:       12 bytes
 Hardware stack levels used:    1
 This function calls:
		Nothing
 This function is called by:
		_VerificarInversionGiro
 This function uses a non-reentrant model


 *************** function _Lcd_Write_Integer *****************
 Defined at:
		line 96 in file "./lcd.h"
 Parameters:    Size  Location     Type
  a               2   37[BANK0 ] int 
 Auto vars:     Size  Location     Type
  Data           10   40[BANK0 ] unsigned char [10]
 Return value:  Size  Location     Type
                  1    wreg      void 
 Registers used:
		wreg, fsr0l, fsr0h, status,2, status,0, btemp+1, pclath, cstack
 Tracked objects:
		On entry : 
		On exit  : 
		Unchanged: 
 Data sizes:     COMMON   BANK0   BANK1   BANK3   BANK2
      Params:         0       2       0       0       0
      Locals:         0      10       0       0       0
      Temps:          0       1       0       0       0
      Totals:         0      13       0       0       0
Total ram usage:       13 bytes
 Hardware stack levels used:    1
 Hardware stack levels required when called:    3
 This function calls:
		_Lcd_Write_String
		_sprintf
 This function is called by:
		_configurarHorario
		_configurarAntiHorario
		_Encoder
 This function uses a non-reentrant model


 *************** function _sprintf *****************
 Defined at:
		line 500 in file "C:\Program Files (x86)\Microchip\xc8\v2.05\pic\sources\c90\common\doprnt.c"
 Parameters:    Size  Location     Type
  sp              1    wreg     PTR unsigned char 
		 -> Lcd_Write_Integer@Data(10), 
  f               1    0[BANK0 ] PTR const unsigned char 
		 -> STR_1(3), 
 Auto vars:     Size  Location     Type
  sp              1   11[BANK0 ] PTR unsigned char 
		 -> Lcd_Write_Integer@Data(10), 
  tmpval          4    0        struct .
  val             2    9[BANK0 ] unsigned int 
  cp              2    0        PTR const unsigned char 
  len             2    0        unsigned int 
  c               1   12[BANK0 ] unsigned char 
  prec            1    8[BANK0 ] char 
  flag            1    7[BANK0 ] unsigned char 
  ap              1    6[BANK0 ] PTR void [1]
		 -> ?_sprintf(2), 
 Return value:  Size  Location     Type
                  2    0[BANK0 ] int 
 Registers used:
		wreg, fsr0l, fsr0h, status,2, status,0, btemp+1, pclath, cstack
 Tracked objects:
		On entry : 
		On exit  : 
		Unchanged: 
 Data sizes:     COMMON   BANK0   BANK1   BANK3   BANK2
      Params:         0       3       0       0       0
      Locals:         0       7       0       0       0
      Temps:          0       3       0       0       0
      Totals:         0      13       0       0       0
Total ram usage:       13 bytes
 Hardware stack levels used:    1
 Hardware stack levels required when called:    1
 This function calls:
		___lwdiv
		___lwmod
 This function is called by:
		_Lcd_Write_Integer
 This function uses a non-reentrant model


 *************** function ___lwmod *****************
 Defined at:
		line 5 in file "C:\Program Files (x86)\Microchip\xc8\v2.05\pic\sources\c90\common\lwmod.c"
 Parameters:    Size  Location     Type
  divisor         2    8[COMMON] unsigned int 
  dividend        2   10[COMMON] unsigned int 
 Auto vars:     Size  Location     Type
  counter         1   13[COMMON] unsigned char 
 Return value:  Size  Location     Type
                  2    8[COMMON] unsigned int 
 Registers used:
		wreg, status,2, status,0
 Tracked objects:
		On entry : 
		On exit  : 
		Unchanged: 
 Data sizes:     COMMON   BANK0   BANK1   BANK3   BANK2
      Params:         4       0       0       0       0
      Locals:         1       0       0       0       0
      Temps:          1       0       0       0       0
      Totals:         6       0       0       0       0
Total ram usage:        6 bytes
 Hardware stack levels used:    1
 This function calls:
		Nothing
 This function is called by:
		_sprintf
 This function uses a non-reentrant model


 *************** function ___lwdiv *****************
 Defined at:
		line 5 in file "C:\Program Files (x86)\Microchip\xc8\v2.05\pic\sources\c90\common\lwdiv.c"
 Parameters:    Size  Location     Type
  divisor         2    0[COMMON] unsigned int 
  dividend        2    2[COMMON] unsigned int 
 Auto vars:     Size  Location     Type
  quotient        2    5[COMMON] unsigned int 
  counter         1    7[COMMON] unsigned char 
 Return value:  Size  Location     Type
                  2    0[COMMON] unsigned int 
 Registers used:
		wreg, status,2, status,0
 Tracked objects:
		On entry : 
		On exit  : 
		Unchanged: 
 Data sizes:     COMMON   BANK0   BANK1   BANK3   BANK2
      Params:         4       0       0       0       0
      Locals:         3       0       0       0       0
      Temps:          1       0       0       0       0
      Totals:         8       0       0       0       0
Total ram usage:        8 bytes
 Hardware stack levels used:    1
 This function calls:
		Nothing
 This function is called by:
		_sprintf
 This function uses a non-reentrant model


 *************** function _Lcd_Write_String *****************
 Defined at:
		line 90 in file "./lcd.h"
 Parameters:    Size  Location     Type
  a               2    5[COMMON] PTR unsigned char 
		 -> STR_15(9), STR_14(11), STR_13(9), STR_12(14), 
		 -> STR_11(4), STR_10(5), STR_9(8), STR_8(5), 
		 -> STR_7(8), STR_6(4), STR_5(5), STR_4(11), 
		 -> STR_3(5), STR_2(11), Lcd_Write_Integer@Data(10), 
 Auto vars:     Size  Location     Type
  i               2   10[COMMON] int 
 Return value:  Size  Location     Type
                  1    wreg      void 
 Registers used:
		wreg, fsr0l, fsr0h, status,2, status,0, btemp+1, pclath, cstack
 Tracked objects:
		On entry : 
		On exit  : 
		Unchanged: 
 Data sizes:     COMMON   BANK0   BANK1   BANK3   BANK2
      Params:         2       0       0       0       0
      Locals:         2       0       0       0       0
      Temps:          3       0       0       0       0
      Totals:         7       0       0       0       0
Total ram usage:        7 bytes
 Hardware stack levels used:    1
 Hardware stack levels required when called:    2
 This function calls:
		_Lcd_Write_Char
 This function is called by:
		_Lcd_Write_Integer
		_configurarHorario
		_configurarAntiHorario
		_Encoder
 This function uses a non-reentrant model


 *************** function _Lcd_Write_Char *****************
 Defined at:
		line 75 in file "./lcd.h"
 Parameters:    Size  Location     Type
  a               1    wreg     unsigned char 
 Auto vars:     Size  Location     Type
  a               1    4[COMMON] unsigned char 
  y               1    3[COMMON] unsigned char 
  temp            1    2[COMMON] unsigned char 
 Return value:  Size  Location     Type
                  1    wreg      void 
 Registers used:
		wreg, status,2, status,0, pclath, cstack
 Tracked objects:
		On entry : 
		On exit  : 
		Unchanged: 
 Data sizes:     COMMON   BANK0   BANK1   BANK3   BANK2
      Params:         0       0       0       0       0
      Locals:         3       0       0       0       0
      Temps:          1       0       0       0       0
      Totals:         4       0       0       0       0
Total ram usage:        4 bytes
 Hardware stack levels used:    1
 Hardware stack levels required when called:    1
 This function calls:
		_Lcd_Port
 This function is called by:
		_Lcd_Write_String
 This function uses a non-reentrant model


 *************** function _Lcd_Set_Cursor *****************
 Defined at:
		line 40 in file "./lcd.h"
 Parameters:    Size  Location     Type
  a               1    wreg     unsigned char 
  b               1    4[COMMON] unsigned char 
 Auto vars:     Size  Location     Type
  a               1    7[COMMON] unsigned char 
  temp            1   10[COMMON] unsigned char 
  y               1    9[COMMON] unsigned char 
  z               1    8[COMMON] unsigned char 
 Return value:  Size  Location     Type
                  1    wreg      void 
 Registers used:
		wreg, status,2, status,0, pclath, cstack
 Tracked objects:
		On entry : 
		On exit  : 
		Unchanged: 
 Data sizes:     COMMON   BANK0   BANK1   BANK3   BANK2
      Params:         1       0       0       0       0
      Locals:         4       0       0       0       0
      Temps:          2       0       0       0       0
      Totals:         7       0       0       0       0
Total ram usage:        7 bytes
 Hardware stack levels used:    1
 Hardware stack levels required when called:    2
 This function calls:
		_Lcd_Cmd
 This function is called by:
		_configurarHorario
		_configurarAntiHorario
		_Encoder
 This function uses a non-reentrant model


 *************** function _Lcd_Clear *****************
 Defined at:
		line 35 in file "./lcd.h"
 Parameters:    Size  Location     Type
		None
 Auto vars:     Size  Location     Type
		None
 Return value:  Size  Location     Type
                  1    wreg      void 
 Registers used:
		wreg, status,2, status,0, pclath, cstack
 Tracked objects:
		On entry : 
		On exit  : 
		Unchanged: 
 Data sizes:     COMMON   BANK0   BANK1   BANK3   BANK2
      Params:         0       0       0       0       0
      Locals:         0       0       0       0       0
      Temps:          0       0       0       0       0
      Totals:         0       0       0       0       0
Total ram usage:        0 bytes
 Hardware stack levels used:    1
 Hardware stack levels required when called:    2
 This function calls:
		_Lcd_Cmd
 This function is called by:
		_configurarHorario
		_configurarAntiHorario
		_Encoder
 This function uses a non-reentrant model


 *************** function _Lcd_Cmd *****************
 Defined at:
		line 27 in file "./lcd.h"
 Parameters:    Size  Location     Type
  a               1    wreg     unsigned char 
 Auto vars:     Size  Location     Type
  a               1    3[COMMON] unsigned char 
 Return value:  Size  Location     Type
                  1    wreg      void 
 Registers used:
		wreg, status,2, status,0, pclath, cstack
 Tracked objects:
		On entry : 
		On exit  : 
		Unchanged: 
 Data sizes:     COMMON   BANK0   BANK1   BANK3   BANK2
      Params:         0       0       0       0       0
      Locals:         1       0       0       0       0
      Temps:          2       0       0       0       0
      Totals:         3       0       0       0       0
Total ram usage:        3 bytes
 Hardware stack levels used:    1
 Hardware stack levels required when called:    1
 This function calls:
		_Lcd_Port
 This function is called by:
		_Lcd_Clear
		_Lcd_Set_Cursor
		_Lcd_Init
		_Lcd_Shift_Right
		_Lcd_Shift_Left
 This function uses a non-reentrant model


 *************** function _Lcd_Port *****************
 Defined at:
		line 5 in file "./lcd.h"
 Parameters:    Size  Location     Type
  a               1    wreg     unsigned char 
 Auto vars:     Size  Location     Type
  a               1    0[COMMON] unsigned char 
 Return value:  Size  Location     Type
                  1    wreg      void 
 Registers used:
		wreg
 Tracked objects:
		On entry : 
		On exit  : 
		Unchanged: 
 Data sizes:     COMMON   BANK0   BANK1   BANK3   BANK2
      Params:         0       0       0       0       0
      Locals:         1       0       0       0       0
      Temps:          0       0       0       0       0
      Totals:         1       0       0       0       0
Total ram usage:        1 bytes
 Hardware stack levels used:    1
 This function calls:
		Nothing
 This function is called by:
		_Lcd_Cmd
		_Lcd_Init
		_Lcd_Write_Char
 This function uses a non-reentrant model



MODULE INFORMATION

Module		Function		Class		Link	Load	Size
C:\Program Files (x86)\Microchip\xc8\v2.05\pic\sources\c90\common\doprnt.c
		_sprintf       		CODE           	0F28	0000	217

C:\Program Files (x86)\Microchip\xc8\v2.05\pic\sources\c90\common\doprnt.c estimated size: 217

./KeyPad.h
		_KeyPadGetKey  		CODE           	0D61	0000	144

./KeyPad.h estimated size: 144

./lcd.h
		_Lcd_Write_String		CODE           	0B43	0000	62
		_Lcd_Init      		CODE           	0C14	0000	92
		_Lcd_Write_Char		CODE           	0AD0	0000	56
		_Lcd_Write_Integer		CODE           	0A0E	0000	25
		_Lcd_Cmd       		CODE           	0A40	0000	27
		_Lcd_Set_Cursor		CODE           	0B80	0000	75
		_Lcd_Clear     		CODE           	09F6	0000	12
		_Lcd_Port      		CODE           	0A26	0000	27

./lcd.h estimated size: 376

C:\Program Files (x86)\Microchip\xc8\v2.05\pic\sources\c90\common\lwdiv.c
		___lwdiv       		CODE           	0B07	0000	61

C:\Program Files (x86)\Microchip\xc8\v2.05\pic\sources\c90\common\lwdiv.c estimated size: 61

C:\Program Files (x86)\Microchip\xc8\v2.05\pic\sources\c90\common\fltol.c
		___fltol       		CODE           	0C6F	0000	110

C:\Program Files (x86)\Microchip\xc8\v2.05\pic\sources\c90\common\fltol.c estimated size: 110

C:\Program Files (x86)\Microchip\xc8\v2.05\pic\sources\c90\common\Umul16.c
		___wmul        		CODE           	0A5A	0000	34

C:\Program Files (x86)\Microchip\xc8\v2.05\pic\sources\c90\common\Umul16.c estimated size: 34

C:\Program Files (x86)\Microchip\xc8\v2.05\pic\sources\c90\common\flge.c
		___flge        		CODE           	0DF0	0000	150

C:\Program Files (x86)\Microchip\xc8\v2.05\pic\sources\c90\common\flge.c estimated size: 150

./Config.h
		_PinsInit      		CODE           	0006	0000	16

./Config.h estimated size: 16

shared
		__stringtab    		STRING         	0800	0000	17
		_dpowers       		STRING         	0832	0000	11
		__initialization		CODE           	07DF	0000	30
		_keyPadMatrix  		STRING         	0810	0000	35

shared estimated size: 93

C:\Program Files (x86)\Microchip\xc8\v2.05\pic\sources\c90\common\sprcmul.c
		___flmul       		CODE           	04CA	0000	790

C:\Program Files (x86)\Microchip\xc8\v2.05\pic\sources\c90\common\sprcmul.c estimated size: 790

C:\Program Files (x86)\Microchip\xc8\v2.05\pic\sources\c90\common\Umul8_16.c
		__Umul8_16     		CODE           	0A7B	0000	36

C:\Program Files (x86)\Microchip\xc8\v2.05\pic\sources\c90\common\Umul8_16.c estimated size: 36

C:\Program Files (x86)\Microchip\xc8\v2.05\pic\sources\c90\common\xxtofl.c
		___xxtofl      		CODE           	0E85	0000	164

C:\Program Files (x86)\Microchip\xc8\v2.05\pic\sources\c90\common\xxtofl.c estimated size: 164

main.c
		_StopMotor     		CODE           	09F1	0000	6
		_RunMotor      		CODE           	0A01	0000	14
		_main          		CODE           	0CDC	0000	134
		_configurarHorario		CODE           	01BB	0000	245
		_Encoder       		CODE           	02AF	0000	540
		_configurarAntiHorario		CODE           	00C7	0000	245
		_VerificarInversionGiro		CODE           	0015	0000	179

main.c estimated size: 1363

C:\Program Files (x86)\Microchip\xc8\v2.05\pic\sources\c90\common\fleq.c
		___fleq        		CODE           	0BCA	0000	75

C:\Program Files (x86)\Microchip\xc8\v2.05\pic\sources\c90\common\fleq.c estimated size: 75

C:\Program Files (x86)\Microchip\xc8\v2.05\pic\sources\c90\common\lwmod.c
		___lwmod       		CODE           	0A9E	0000	51

C:\Program Files (x86)\Microchip\xc8\v2.05\pic\sources\c90\common\lwmod.c estimated size: 51

