Microchip MPLAB XC8 Compiler V2.05 ()

Linker command line:

-W-3 --edf=C:\Program Files (x86)\Microchip\xc8\v2.05\pic\dat\en_msgs.txt \
  -cs -h+dist/default/production\Practica3Potencia.X.production.sym \
  --cmf=dist/default/production\Practica3Potencia.X.production.cmf -z \
  -Q16F886 -oC:\Users\jd99\AppData\Local\Temp\sct0.2 \
  --defsym=__MPLAB_BUILD=1 \
  -Mdist/default/production/Practica3Potencia.X.production.map -E1 -ver=XC8 \
  --acfsm=1493 -ASTACK=0110h-016Fh -pstack=STACK -ACODE=00h-07FFhx4 \
  -ASTRCODE=00h-01FFFh -ASTRING=00h-0FFhx32 -ACONST=00h-0FFhx32 \
  -AENTRY=00h-0FFhx32 -ACOMMON=070h-07Fh -ABANK0=020h-06Fh \
  -ABANK1=0A0h-0EFh -ABANK2=0110h-016Fh -ABANK3=0190h-01EFh \
  -ARAM=020h-06Fh,0A0h-0EFh,0110h-016Fh,0190h-01EFh \
  -AABS1=020h-07Fh,0A0h-0EFh,0110h-016Fh,0190h-01EFh -ASFR0=00h-01Fh \
  -ASFR1=080h-09Fh -ASFR2=0100h-010Fh -ASFR3=0180h-018Fh \
  -preset_vec=00h,intentry,init,end_init -ppowerup=CODE -pcinit=CODE \
  -pfunctab=ENTRY -ACONFIG=02007h-02008h -pconfig=CONFIG -DCONFIG=2 \
  -AIDLOC=02000h-02003h -pidloc=IDLOC -DIDLOC=2 -AEEDATA=00h-0FFh/02100h \
  -peeprom_data=EEDATA -DEEDATA=2 -DCODE=2 -DSTRCODE=2 -DSTRING=2 -DCONST=2 \
  -DENTRY=2 -k C:\Users\jd99\AppData\Local\Temp\sct0.o \
  dist/default/production\Practica3Potencia.X.production.o 

Object code version is 3.11

Machine type is 16F886



                Name                               Link     Load   Length Selector   Space Scale
C:\Users\jd99\AppData\Local\Temp\sct0.o
                end_init                              0        0        3        0       0
                config                             2007     2007        2     400E       0
dist/default/production\Practica3Potencia.X.production.o
                cinit                               7E9      7E9       17      FD2       0
                text28                             16DB     16DB       1A     2DB6       0
                text27                             16F5     16F5       1A     2DEA       0
                text26                              926      926       5B     124C       0
                text25                              A50      A50       8F     14A0       0
                text24                              D5C      D5C       D6     1AB8       0
                text23                             1730     1730       29     2E60       0
                text22                             16C3     16C3        B     2D86       0
                text21                              8DC      8DC       4A     11B8       0
                text20                             178B     178B       39     2F16       0
                text19                              89F      89F       3D     113E       0
                text18                             17C4     17C4       3C     2F88       0
                text17                             1759     1759       32     2EB2       0
                text16                              E32      E32       D8     1C64       0
                text15                                3        3       18        0       0
                text14                              B70      B70       95     16E0       0
                text13                              87C      87C       23     10F8       0
                text12                              4D4      4D4      315      9A8       0
                text11                              C05      C05       A3     180A       0
                text10                              CA8      CA8       B4     1950       0
                text9                               2A5      2A5      22F      54A       0
                text8                               9E3      9E3       6D     13C6       0
                text7                                D7       D7      1CE      1AE       0
                text6                               ADF      ADF       91     15BE       0
                text5                              16CE     16CE        D     2D9C       0
                text4                              16B6     16B6        5     2D6C       0
                text3                              170F     170F       21     2E1E       0
                text2                               F0A      F0A       F6     1E14       0
                text1                                1B       1B       BC       36       0
                maintext                            981      981       62     1302       0
                cstackBANK0                          20       20       38       20       1
                cstackCOMMON                         70       70        E       70       1
                clrtext                            16BB     16BB        8     2D76       0
                dataBANK0                            68       68        2       20       1
                bssBANK0                             58       58       10       20       1
                strings                             800      800       79     1000       0
                idataBANK0                          87A      87A        2     10F4       0

TOTAL           Name                               Link     Load   Length     Space
        CLASS   STACK          

        CLASS   CODE           
                end_init                              0        0        3         0
                cinit                               7E9      7E9       17         0
                text28                             16DB     16DB       1A         0
                text27                             16F5     16F5       1A         0
                text26                              926      926       5B         0
                text25                              A50      A50       8F         0
                text24                              D5C      D5C       D6         0
                text23                             1730     1730       29         0
                text22                             16C3     16C3        B         0
                text21                              8DC      8DC       4A         0
                text20                             178B     178B       39         0
                text19                              89F      89F       3D         0
                text18                             17C4     17C4       3C         0
                text17                             1759     1759       32         0
                text16                              E32      E32       D8         0
                text15                                3        3       18         0
                text14                              B70      B70       95         0
                text13                              87C      87C       23         0
                text12                              4D4      4D4      315         0
                text11                              C05      C05       A3         0
                text10                              CA8      CA8       B4         0
                text9                               2A5      2A5      22F         0
                text8                               9E3      9E3       6D         0
                text7                                D7       D7      1CE         0
                text6                               ADF      ADF       91         0
                text5                              16CE     16CE        D         0
                text4                              16B6     16B6        5         0
                text3                              170F     170F       21         0
                text2                               F0A      F0A       F6         0
                text1                                1B       1B       BC         0
                maintext                            981      981       62         0
                clrtext                            16BB     16BB        8         0
                idataBANK0                          87A      87A        2         0

        CLASS   STRCODE        

        CLASS   STRING         
                strings                             800      800       79         0

        CLASS   CONST          

        CLASS   ENTRY          

        CLASS   COMMON         
                cstackCOMMON                         70       70        E         1

        CLASS   BANK0          
                cstackBANK0                          20       20       38         1
                dataBANK0                            68       68        2         1
                bssBANK0                             58       58       10         1

        CLASS   BANK1          

        CLASS   BANK2          

        CLASS   BANK3          

        CLASS   RAM            

        CLASS   ABS1           
                abs_s1                               7E       7E        2         1

        CLASS   SFR0           

        CLASS   SFR1           

        CLASS   SFR2           

        CLASS   SFR3           

        CLASS   CONFIG         
                config                             2007     2007        2         0

        CLASS   IDLOC          

        CLASS   EEDATA         



SEGMENTS        Name                           Load    Length   Top    Selector   Space  Class     Delta

                reset_vec                      000000  00001B  00001B         0       0  CODE        2
                cstackBANK0                    000020  00004A  00006A        20       1  BANK0       1
                text1                          00001B  0000BC  0000D7        36       0  CODE        2
                cstackCOMMON                   000070  00000E  00007E        70       1  COMMON      1
                text7                          0000D7  0001CE  0002A5       1AE       0  CODE        2
                text9                          0002A5  00022F  0004D4       54A       0  CODE        2
                text12                         0004D4  000315  0007E9       9A8       0  CODE        2
                cinit                          0007E9  000017  000800       FD2       0  CODE        2
                strings                        000800  000079  000879      1000       0  STRING      2
                idataBANK0                     00087A  000002  00087C      10F4       0  CODE        2
                text13                         00087C  000023  00089F      10F8       0  CODE        2
                text19                         00089F  00003D  0008DC      113E       0  CODE        2
                text21                         0008DC  00004A  000926      11B8       0  CODE        2
                text26                         000926  00005B  000981      124C       0  CODE        2
                maintext                       000981  000062  0009E3      1302       0  CODE        2
                text8                          0009E3  00006D  000A50      13C6       0  CODE        2
                text25                         000A50  00008F  000ADF      14A0       0  CODE        2
                text6                          000ADF  000091  000B70      15BE       0  CODE        2
                text14                         000B70  000095  000C05      16E0       0  CODE        2
                text11                         000C05  0000A3  000CA8      180A       0  CODE        2
                text10                         000CA8  0000B4  000D5C      1950       0  CODE        2
                text24                         000D5C  0000D6  000E32      1AB8       0  CODE        2
                text16                         000E32  0000D8  000F0A      1C64       0  CODE        2
                text2                          000F0A  0000F6  001000      1E14       0  CODE        2
                text4                          0016B6  000005  0016BB      2D6C       0  CODE        2
                clrtext                        0016BB  000008  0016C3      2D76       0  CODE        2
                text22                         0016C3  00000B  0016CE      2D86       0  CODE        2
                text5                          0016CE  00000D  0016DB      2D9C       0  CODE        2
                text28                         0016DB  00001A  0016F5      2DB6       0  CODE        2
                text27                         0016F5  00001A  00170F      2DEA       0  CODE        2
                text3                          00170F  000021  001730      2E1E       0  CODE        2
                text23                         001730  000029  001759      2E60       0  CODE        2
                text17                         001759  000032  00178B      2EB2       0  CODE        2
                text20                         00178B  000039  0017C4      2F16       0  CODE        2
                text18                         0017C4  00003C  001800      2F88       0  CODE        2
                config                         002007  000002  002009      400E       0  CONFIG      2


UNUSED ADDRESS RANGES

        Name                Unused          Largest block    Delta
        BANK0            006A-006F              6           1
        BANK1            00A0-00EF             50           1
        BANK2            0110-016F             60           1
        BANK3            0190-01EF             60           1
        CODE             0879-0879              1           2
                         1000-16B5            6B6
                         1800-1FFF            800
        CONST            0879-0879              1           2
                         1000-16B5            100
                         1800-1FFF            100
        EEDATA           2100-21FF            100           2
        ENTRY            0879-0879              1           2
                         1000-16B5            100
                         1800-1FFF            100
        IDLOC            2000-2003              4           2
        RAM              006A-006F              6           1
                         00A0-00EF             50
                         0110-016F             60
                         0190-01EF             60
        SFR0             0000-001F             20           1
        SFR1             0080-009F             20           1
        SFR2             0100-010F             10           1
        SFR3             0180-018F             10           1
        STACK            0110-016F             60           1
        STRCODE          0879-0879              1           2
                         1000-16B5            6B6
                         1800-1FFF            800
        STRING           0879-0879              1           2
                         1000-16B5            100
                         1800-1FFF            100

                                  Symbol Table

?_KeyPadGetKey                   cstackCOMMON 0070
?__Umul8_16                      cstackCOMMON 0070
?___aldiv                        cstackCOMMON 0070
?___fladd                        cstackBANK0  0020
?___flmul                        cstackBANK0  0020
?___fltol                        cstackBANK0  003A
?___lwdiv                        cstackCOMMON 0070
?___lwmod                        cstackCOMMON 0078
?___wmul                         cstackCOMMON 0070
?___xxtofl                       cstackCOMMON 0070
?_sprintf                        cstackBANK0  0020
KeyPadGetKey@key                 cstackCOMMON 0074
KeyPadGetKey@row                 cstackCOMMON 0075
Lcd_Cmd@a                        cstackCOMMON 0073
Lcd_Port@a                       cstackCOMMON 0070
Lcd_Set_Cursor@a                 cstackCOMMON 0077
Lcd_Set_Cursor@b                 cstackCOMMON 0074
Lcd_Set_Cursor@temp              cstackCOMMON 007A
Lcd_Set_Cursor@y                 cstackCOMMON 0079
Lcd_Set_Cursor@z                 cstackCOMMON 0078
Lcd_Write_Char@a                 cstackCOMMON 0074
Lcd_Write_Char@temp              cstackCOMMON 0072
Lcd_Write_Char@y                 cstackCOMMON 0073
Lcd_Write_Integer@Data           cstackBANK0  0048
Lcd_Write_Integer@a              cstackBANK0  0045
Lcd_Write_String@a               cstackCOMMON 0075
Lcd_Write_String@i               cstackCOMMON 007A
UART_Init@baudrate               cstackBANK0  0026
UART_Init@x                      cstackCOMMON 0079
_ANSEL                           (abs)        0188
_ANSELH                          (abs)        0189
_BRGH                            (abs)        04C2
_CREN                            (abs)        00C4
_CmAntiHorario                   bssBANK0     005C
_CmHorario                       bssBANK0     005E
_ConfigInit                      text23       1730
_Encoder                         text7        00D7
_Grados                          bssBANK0     0060
_KeyPadGetKey                    text6        0ADF
_LastState                       bssBANK0     0065
_Lcd_Clear                       text22       16C3
_Lcd_Cmd                         text27       16F5
_Lcd_Init                        text26       0926
_Lcd_Port                        text28       16DB
_Lcd_Set_Cursor                  text21       08DC
_Lcd_Write_Char                  text20       178B
_Lcd_Write_Integer               text15       0003
_Lcd_Write_String                text19       089F
_PORTA                           (abs)        0005
_PORTC                           (abs)        0007
_RA0                             (abs)        0028
_RA1                             (abs)        0029
_RA2                             (abs)        002A
_RA3                             (abs)        002B
_RA4                             (abs)        002C
_RA5                             (abs)        002D
_RA6                             (abs)        002E
_RA7                             (abs)        002F
_RB0                             (abs)        0030
_RB2                             (abs)        0032
_RB3                             (abs)        0033
_RB4                             (abs)        0034
_RB5                             (abs)        0035
_RB6                             (abs)        0036
_RB7                             (abs)        0037
_RC0                             (abs)        0038
_RC1                             (abs)        0039
_RCIF                            (abs)        0065
_RCREG                           (abs)        001A
_RunMotor                        text5        16CE
_SPBRG                           (abs)        0099
_SPEN                            (abs)        00C7
_SYNC                            (abs)        04C4
_StopMotor                       text4        16B6
_TRISA                           (abs)        0085
_TRISB                           (abs)        0086
_TRISC                           (abs)        0087
_TRISC6                          (abs)        043E
_TRISC7                          (abs)        043F
_TRMT                            (abs)        04C1
_TXEN                            (abs)        04C5
_TXREG                           (abs)        0019
_UART_Init                       text24       0D5C
_VerificarInversionGiro          text10       0CA8
__CFG_BOR4V$BOR40V               (abs)        0000
__CFG_BOREN$ON                   (abs)        0000
__CFG_CP$OFF                     (abs)        0000
__CFG_CPD$OFF                    (abs)        0000
__CFG_FCMEN$ON                   (abs)        0000
__CFG_FOSC$INTRC_NOCLKOUT        (abs)        0000
__CFG_IESO$ON                    (abs)        0000
__CFG_LVP$OFF                    (abs)        0000
__CFG_MCLRE$ON                   (abs)        0000
__CFG_PWRTE$OFF                  (abs)        0000
__CFG_WDTE$OFF                   (abs)        0000
__CFG_WRT$OFF                    (abs)        0000
__Habs1                          abs1         0000
__Hbank0                         bank0        0000
__Hbank1                         bank1        0000
__Hbank2                         bank2        0000
__Hbank3                         bank3        0000
__HbssBANK0                      bssBANK0     0000
__Hcinit                         cinit        0800
__Hclrtext                       clrtext      0000
__Hcode                          code         0000
__Hcommon                        common       0000
__Hconfig                        config       2009
__HcstackBANK0                   cstackBANK0  0000
__HcstackCOMMON                  cstackCOMMON 0000
__HdataBANK0                     dataBANK0    0000
__Heeprom_data                   eeprom_data  0000
__Hend_init                      end_init     0003
__Hfunctab                       functab      0000
__HidataBANK0                    idataBANK0   0000
__Hidloc                         idloc        0000
__Hinit                          init         0000
__Hintentry                      intentry     0000
__Hmaintext                      maintext     0000
__Hpowerup                       powerup      0000
__Hram                           ram          0000
__Hreset_vec                     reset_vec    0000
__Hsfr0                          sfr0         0000
__Hsfr1                          sfr1         0000
__Hsfr2                          sfr2         0000
__Hsfr3                          sfr3         0000
__Hspace_0                       (abs)        2009
__Hspace_1                       (abs)        007E
__Hspace_2                       (abs)        0000
__Hspace_3                       (abs)        0000
__Hstack                         stack        0000
__Hstrings                       strings      0000
__Htext                          text         0000
__Labs1                          abs1         0000
__Lbank0                         bank0        0000
__Lbank1                         bank1        0000
__Lbank2                         bank2        0000
__Lbank3                         bank3        0000
__LbssBANK0                      bssBANK0     0000
__Lcinit                         cinit        07E9
__Lclrtext                       clrtext      0000
__Lcode                          code         0000
__Lcommon                        common       0000
__Lconfig                        config       2007
__LcstackBANK0                   cstackBANK0  0000
__LcstackCOMMON                  cstackCOMMON 0000
__LdataBANK0                     dataBANK0    0000
__Leeprom_data                   eeprom_data  0000
__Lend_init                      end_init     0000
__Lfunctab                       functab      0000
__LidataBANK0                    idataBANK0   0000
__Lidloc                         idloc        0000
__Linit                          init         0000
__Lintentry                      intentry     0000
__Lmaintext                      maintext     0000
__Lpowerup                       powerup      0000
__Lram                           ram          0000
__Lreset_vec                     reset_vec    0000
__Lsfr0                          sfr0         0000
__Lsfr1                          sfr1         0000
__Lsfr2                          sfr2         0000
__Lsfr3                          sfr3         0000
__Lspace_0                       (abs)        0000
__Lspace_1                       (abs)        0000
__Lspace_2                       (abs)        0000
__Lspace_3                       (abs)        0000
__Lstack                         stack        0000
__Lstrings                       strings      0000
__Ltext                          text         0000
__S0                             (abs)        2009
__S1                             (abs)        007E
__S2                             (abs)        0000
__S3                             (abs)        0000
__Umul8_16                       text13       087C
__Umul8_16@multiplicand          cstackCOMMON 0070
__Umul8_16@multiplier            cstackCOMMON 0078
__Umul8_16@product               cstackCOMMON 0074
__Umul8_16@word_mpld             cstackCOMMON 0076
___aldiv                         text25       0A50
___aldiv@counter                 cstackBANK0  0020
___aldiv@dividend                cstackCOMMON 0074
___aldiv@divisor                 cstackCOMMON 0070
___aldiv@quotient                cstackBANK0  0022
___aldiv@sign                    cstackBANK0  0021
___fladd                         text9        02A5
___fladd@a                       cstackBANK0  0024
___fladd@aexp                    cstackBANK0  0031
___fladd@b                       cstackBANK0  0020
___fladd@bexp                    cstackBANK0  0032
___fladd@grs                     cstackBANK0  0033
___fladd@signs                   cstackBANK0  0030
___flge                          text14       0B70
___flge@ff1                      cstackBANK0  003A
___flge@ff2                      cstackBANK0  003E
___flmul                         text12       04D4
___flmul@a                       cstackBANK0  0024
___flmul@aexp                    cstackBANK0  0032
___flmul@b                       cstackBANK0  0020
___flmul@bexp                    cstackBANK0  0033
___flmul@grs                     cstackBANK0  002E
___flmul@prod                    cstackBANK0  0034
___flmul@sign                    cstackBANK0  002D
___flmul@temp                    cstackBANK0  0038
___fltol                         text8        09E3
___fltol@exp1                    cstackBANK0  0044
___fltol@f1                      cstackBANK0  003A
___fltol@sign1                   cstackBANK0  0043
___int_sp                        stack        0000
___latbits                       (abs)        0002
___lwdiv                         text18       17C4
___lwdiv@counter                 cstackCOMMON 0077
___lwdiv@dividend                cstackCOMMON 0072
___lwdiv@divisor                 cstackCOMMON 0070
___lwdiv@quotient                cstackCOMMON 0075
___lwmod                         text17       1759
___lwmod@counter                 cstackCOMMON 007D
___lwmod@dividend                cstackCOMMON 007A
___lwmod@divisor                 cstackCOMMON 0078
___sp                            stack        0000
___stackhi                       (abs)        0000
___stacklo                       (abs)        0000
___wmul                          text3        170F
___wmul@multiplicand             cstackCOMMON 0072
___wmul@multiplier               cstackCOMMON 0070
___wmul@product                  cstackCOMMON 0074
___xxtofl                        text11       0C05
___xxtofl@arg                    cstackCOMMON 007A
___xxtofl@exp                    cstackCOMMON 0079
___xxtofl@sign                   cstackCOMMON 0078
___xxtofl@val                    cstackCOMMON 0070
__end_of_ConfigInit              text23       1759
__end_of_Encoder                 text7        02A5
__end_of_KeyPadGetKey            text6        0B70
__end_of_Lcd_Clear               text22       16CE
__end_of_Lcd_Cmd                 text27       170F
__end_of_Lcd_Init                text26       0981
__end_of_Lcd_Port                text28       16F5
__end_of_Lcd_Set_Cursor          text21       0926
__end_of_Lcd_Write_Char          text20       17C4
__end_of_Lcd_Write_Integer       text15       001B
__end_of_Lcd_Write_String        text19       08DC
__end_of_RunMotor                text5        16DB
__end_of_StopMotor               text4        16BB
__end_of_UART_Init               text24       0E32
__end_of_VerificarInversionGiro  text10       0D5C
__end_of__Umul8_16               text13       089F
__end_of___aldiv                 text25       0ADF
__end_of___fladd                 text9        04D4
__end_of___flge                  text14       0C05
__end_of___flmul                 text12       07E9
__end_of___fltol                 text8        0A50
__end_of___lwdiv                 text18       1800
__end_of___lwmod                 text17       178B
__end_of___wmul                  text3        1730
__end_of___xxtofl                text11       0CA8
__end_of__initialization         cinit        07FC
__end_of__stringtab              strings      0810
__end_of_configurarAntiHorario   text2        1000
__end_of_configurarHorario       text1        00D7
__end_of_dpowers                 strings      083C
__end_of_keyPadMatrix            strings      0832
__end_of_main                    maintext     09E3
__end_of_sprintf                 text16       0F0A
__initialization                 cinit        07E9
__pbssBANK0                      bssBANK0     0058
__pcstackBANK0                   cstackBANK0  0020
__pcstackCOMMON                  cstackCOMMON 0070
__pdataBANK0                     dataBANK0    0068
__pidataBANK0                    idataBANK0   087A
__pmaintext                      maintext     0981
__pstrings                       strings      0800
__ptext1                         text1        001B
__ptext10                        text10       0CA8
__ptext11                        text11       0C05
__ptext12                        text12       04D4
__ptext13                        text13       087C
__ptext14                        text14       0B70
__ptext15                        text15       0003
__ptext16                        text16       0E32
__ptext17                        text17       1759
__ptext18                        text18       17C4
__ptext19                        text19       089F
__ptext2                         text2        0F0A
__ptext20                        text20       178B
__ptext21                        text21       08DC
__ptext22                        text22       16C3
__ptext23                        text23       1730
__ptext24                        text24       0D5C
__ptext25                        text25       0A50
__ptext26                        text26       0926
__ptext27                        text27       16F5
__ptext28                        text28       16DB
__ptext3                         text3        170F
__ptext4                         text4        16B6
__ptext5                         text5        16CE
__ptext6                         text6        0ADF
__ptext7                         text7        00D7
__ptext8                         text8        09E3
__ptext9                         text9        02A5
__size_of_ConfigInit             (abs)        0000
__size_of_Encoder                (abs)        0000
__size_of_KeyPadGetKey           (abs)        0000
__size_of_Lcd_Clear              (abs)        0000
__size_of_Lcd_Cmd                (abs)        0000
__size_of_Lcd_Init               (abs)        0000
__size_of_Lcd_Port               (abs)        0000
__size_of_Lcd_Set_Cursor         (abs)        0000
__size_of_Lcd_Write_Char         (abs)        0000
__size_of_Lcd_Write_Integer      (abs)        0000
__size_of_Lcd_Write_String       (abs)        0000
__size_of_RunMotor               (abs)        0000
__size_of_StopMotor              (abs)        0000
__size_of_UART_Init              (abs)        0000
__size_of_VerificarInversionGiro (abs)        0000
__size_of__Umul8_16              (abs)        0000
__size_of___aldiv                (abs)        0000
__size_of___fladd                (abs)        0000
__size_of___flge                 (abs)        0000
__size_of___flmul                (abs)        0000
__size_of___fltol                (abs)        0000
__size_of___lwdiv                (abs)        0000
__size_of___lwmod                (abs)        0000
__size_of___wmul                 (abs)        0000
__size_of___xxtofl               (abs)        0000
__size_of_configurarAntiHorario  (abs)        0000
__size_of_configurarHorario      (abs)        0000
__size_of_main                   (abs)        0000
__size_of_sprintf                (abs)        0000
__stringbase                     strings      080F
__stringtab                      strings      0800
_buffer                          bssBANK0     0066
_cm                              bssBANK0     005A
_configurarAntiHorario           text2        0F0A
_configurarHorario               text1        001B
_dpowers                         strings      0832
_key2                            dataBANK0    0068
_keyPadMatrix                    strings      0810
_keypress                        bssBANK0     0064
_lastCm                          bssBANK0     0058
_main                            maintext     0981
_nRBPU                           (abs)        040F
_old_key                         bssBANK0     0062
_sprintf                         text16       0E32
btemp                            (abs)        007E
clear_ram0                       clrtext      16BB
end_of_initialization            cinit        07FC
intlevel0                        functab      0000
intlevel1                        functab      0000
intlevel2                        functab      0000
intlevel3                        functab      0000
intlevel4                        functab      0000
intlevel5                        functab      0000
reset_vec                        reset_vec    0000
sprintf@ap                       cstackBANK0  0026
sprintf@c                        cstackBANK0  002C
sprintf@f                        cstackBANK0  0020
sprintf@flag                     cstackBANK0  0027
sprintf@prec                     cstackBANK0  0028
sprintf@sp                       cstackBANK0  002B
sprintf@val                      cstackBANK0  0029
start                            init         0000
start_initialization             cinit        07E9
wtemp0                           (abs)        007E


FUNCTION INFORMATION:

 *************** function _main *****************
 Defined at:
		line 8 in file "main.c"
 Parameters:    Size  Location     Type
		None
 Auto vars:     Size  Location     Type
		None
 Return value:  Size  Location     Type
                  2   38[None  ] int 
 Registers used:
		wreg, fsr0l, fsr0h, status,2, status,0, btemp+1, pclath, cstack
 Tracked objects:
		On entry : 
		On exit  : 
		Unchanged: 
 Data sizes:     COMMON   BANK0   BANK1   BANK3   BANK2
      Params:         0       0       0       0       0
      Locals:         0       0       0       0       0
      Temps:          0       2       0       0       0
      Totals:         0       2       0       0       0
Total ram usage:        2 bytes
 Hardware stack levels required when called:    5
 This function calls:
		_ConfigInit
		_Encoder
		_KeyPadGetKey
		_RunMotor
		_StopMotor
		_configurarAntiHorario
		_configurarHorario
 This function is called by:
		Startup code after reset
 This function uses a non-reentrant model


 *************** function _configurarHorario *****************
 Defined at:
		line 99 in file "Config.c"
 Parameters:    Size  Location     Type
		None
 Auto vars:     Size  Location     Type
		None
 Return value:  Size  Location     Type
                  2    6[None  ] int 
 Registers used:
		wreg, fsr0l, fsr0h, status,2, status,0, btemp+1, pclath, cstack
 Tracked objects:
		On entry : 
		On exit  : 
		Unchanged: 
 Data sizes:     COMMON   BANK0   BANK1   BANK3   BANK2
      Params:         0       0       0       0       0
      Locals:         0       0       0       0       0
      Temps:          0       4       0       0       0
      Totals:         0       4       0       0       0
Total ram usage:        4 bytes
 Hardware stack levels used:    1
 Hardware stack levels required when called:    4
 This function calls:
		_KeyPadGetKey
		_Lcd_Clear
		_Lcd_Set_Cursor
		_Lcd_Write_Integer
		_Lcd_Write_String
		_RunMotor
		_StopMotor
		___wmul
 This function is called by:
		_main
 This function uses a non-reentrant model


 *************** function _configurarAntiHorario *****************
 Defined at:
		line 46 in file "Config.c"
 Parameters:    Size  Location     Type
		None
 Auto vars:     Size  Location     Type
		None
 Return value:  Size  Location     Type
                  2    8[None  ] int 
 Registers used:
		wreg, fsr0l, fsr0h, status,2, status,0, btemp+1, pclath, cstack
 Tracked objects:
		On entry : 
		On exit  : 
		Unchanged: 
 Data sizes:     COMMON   BANK0   BANK1   BANK3   BANK2
      Params:         0       0       0       0       0
      Locals:         0       0       0       0       0
      Temps:          0       4       0       0       0
      Totals:         0       4       0       0       0
Total ram usage:        4 bytes
 Hardware stack levels used:    1
 Hardware stack levels required when called:    4
 This function calls:
		_KeyPadGetKey
		_Lcd_Clear
		_Lcd_Set_Cursor
		_Lcd_Write_Integer
		_Lcd_Write_String
		_RunMotor
		_StopMotor
		___wmul
 This function is called by:
		_main
 This function uses a non-reentrant model


 *************** function ___wmul *****************
 Defined at:
		line 15 in file "C:\Program Files (x86)\Microchip\xc8\v2.05\pic\sources\c90\common\Umul16.c"
 Parameters:    Size  Location     Type
  multiplier      2    0[COMMON] unsigned int 
  multiplicand    2    2[COMMON] unsigned int 
 Auto vars:     Size  Location     Type
  product         2    4[COMMON] unsigned int 
 Return value:  Size  Location     Type
                  2    0[COMMON] unsigned int 
 Registers used:
		wreg, status,2, status,0
 Tracked objects:
		On entry : 
		On exit  : 
		Unchanged: 
 Data sizes:     COMMON   BANK0   BANK1   BANK3   BANK2
      Params:         4       0       0       0       0
      Locals:         2       0       0       0       0
      Temps:          0       0       0       0       0
      Totals:         6       0       0       0       0
Total ram usage:        6 bytes
 Hardware stack levels used:    1
 This function calls:
		Nothing
 This function is called by:
		_configurarAntiHorario
		_configurarHorario
 This function uses a non-reentrant model


 *************** function _StopMotor *****************
 Defined at:
		line 40 in file "Config.c"
 Parameters:    Size  Location     Type
		None
 Auto vars:     Size  Location     Type
		None
 Return value:  Size  Location     Type
                  2    4[None  ] int 
 Registers used:
		None
 Tracked objects:
		On entry : 
		On exit  : 
		Unchanged: 
 Data sizes:     COMMON   BANK0   BANK1   BANK3   BANK2
      Params:         0       0       0       0       0
      Locals:         0       0       0       0       0
      Temps:          0       0       0       0       0
      Totals:         0       0       0       0       0
Total ram usage:        0 bytes
 Hardware stack levels used:    1
 This function calls:
		Nothing
 This function is called by:
		_main
		_configurarAntiHorario
		_configurarHorario
 This function uses a non-reentrant model


 *************** function _RunMotor *****************
 Defined at:
		line 32 in file "Config.c"
 Parameters:    Size  Location     Type
		None
 Auto vars:     Size  Location     Type
		None
 Return value:  Size  Location     Type
                  2   12[None  ] int 
 Registers used:
		wreg, status,2, status,0
 Tracked objects:
		On entry : 
		On exit  : 
		Unchanged: 
 Data sizes:     COMMON   BANK0   BANK1   BANK3   BANK2
      Params:         0       0       0       0       0
      Locals:         0       0       0       0       0
      Temps:          0       0       0       0       0
      Totals:         0       0       0       0       0
Total ram usage:        0 bytes
 Hardware stack levels used:    1
 This function calls:
		Nothing
 This function is called by:
		_main
		_configurarAntiHorario
		_configurarHorario
 This function uses a non-reentrant model


 *************** function _KeyPadGetKey *****************
 Defined at:
		line 19 in file "./KeyPad.h"
 Parameters:    Size  Location     Type
		None
 Auto vars:     Size  Location     Type
  row             1    5[COMMON] unsigned char 
  key             1    4[COMMON] unsigned char 
 Return value:  Size  Location     Type
                  2    0[COMMON] int 
 Registers used:
		wreg, fsr0l, fsr0h, status,2, status,0, pclath
 Tracked objects:
		On entry : 
		On exit  : 
		Unchanged: 
 Data sizes:     COMMON   BANK0   BANK1   BANK3   BANK2
      Params:         2       0       0       0       0
      Locals:         2       0       0       0       0
      Temps:          2       0       0       0       0
      Totals:         6       0       0       0       0
Total ram usage:        6 bytes
 Hardware stack levels used:    2
 This function calls:
		Nothing
 This function is called by:
		_main
		_configurarAntiHorario
		_configurarHorario
 This function uses a non-reentrant model


 *************** function _Encoder *****************
 Defined at:
		line 168 in file "Config.c"
 Parameters:    Size  Location     Type
		None
 Auto vars:     Size  Location     Type
		None
 Return value:  Size  Location     Type
                  2   16[None  ] int 
 Registers used:
		wreg, fsr0l, fsr0h, status,2, status,0, btemp+1, pclath, cstack
 Tracked objects:
		On entry : 
		On exit  : 
		Unchanged: 
 Data sizes:     COMMON   BANK0   BANK1   BANK3   BANK2
      Params:         0       0       0       0       0
      Locals:         0       0       0       0       0
      Temps:          0       1       0       0       0
      Totals:         0       1       0       0       0
Total ram usage:        1 bytes
 Hardware stack levels used:    1
 Hardware stack levels required when called:    4
 This function calls:
		_Lcd_Clear
		_Lcd_Set_Cursor
		_Lcd_Write_Integer
		_Lcd_Write_String
		_VerificarInversionGiro
		___fladd
		___flmul
		___fltol
		___xxtofl
 This function is called by:
		_main
 This function uses a non-reentrant model


 *************** function ___fltol *****************
 Defined at:
		line 43 in file "C:\Program Files (x86)\Microchip\xc8\v2.05\pic\sources\c90\common\fltol.c"
 Parameters:    Size  Location     Type
  f1              4   26[BANK0 ] int 
 Auto vars:     Size  Location     Type
  exp1            1   36[BANK0 ] unsigned char 
  sign1           1   35[BANK0 ] unsigned char 
 Return value:  Size  Location     Type
                  4   26[BANK0 ] long 
 Registers used:
		wreg, status,2, status,0
 Tracked objects:
		On entry : 
		On exit  : 
		Unchanged: 
 Data sizes:     COMMON   BANK0   BANK1   BANK3   BANK2
      Params:         0       4       0       0       0
      Locals:         0       2       0       0       0
      Temps:          0       5       0       0       0
      Totals:         0      11       0       0       0
Total ram usage:       11 bytes
 Hardware stack levels used:    1
 This function calls:
		Nothing
 This function is called by:
		_Encoder
 This function uses a non-reentrant model


 *************** function ___fladd *****************
 Defined at:
		line 10 in file "C:\Program Files (x86)\Microchip\xc8\v2.05\pic\sources\c90\common\sprcadd.c"
 Parameters:    Size  Location     Type
  b               4    0[BANK0 ] long 
  a               4    4[BANK0 ] long 
 Auto vars:     Size  Location     Type
  grs             1   19[BANK0 ] unsigned char 
  bexp            1   18[BANK0 ] unsigned char 
  aexp            1   17[BANK0 ] unsigned char 
  signs           1   16[BANK0 ] unsigned char 
 Return value:  Size  Location     Type
                  4    0[BANK0 ] unsigned char 
 Registers used:
		wreg, status,2, status,0, btemp+1
 Tracked objects:
		On entry : 
		On exit  : 
		Unchanged: 
 Data sizes:     COMMON   BANK0   BANK1   BANK3   BANK2
      Params:         0       8       0       0       0
      Locals:         0       4       0       0       0
      Temps:          0       8       0       0       0
      Totals:         0      20       0       0       0
Total ram usage:       20 bytes
 Hardware stack levels used:    1
 This function calls:
		Nothing
 This function is called by:
		_Encoder
 This function uses a non-reentrant model


 *************** function _VerificarInversionGiro *****************
 Defined at:
		line 153 in file "Config.c"
 Parameters:    Size  Location     Type
		None
 Auto vars:     Size  Location     Type
		None
 Return value:  Size  Location     Type
                  2  291[None  ] int 
 Registers used:
		wreg, status,2, status,0, btemp+1, pclath, cstack
 Tracked objects:
		On entry : 
		On exit  : 
		Unchanged: 
 Data sizes:     COMMON   BANK0   BANK1   BANK3   BANK2
      Params:         0       0       0       0       0
      Locals:         0       0       0       0       0
      Temps:          0       0       0       0       0
      Totals:         0       0       0       0       0
Total ram usage:        0 bytes
 Hardware stack levels used:    1
 Hardware stack levels required when called:    2
 This function calls:
		___flge
		___flmul
		___xxtofl
 This function is called by:
		_Encoder
 This function uses a non-reentrant model


 *************** function ___xxtofl *****************
 Defined at:
		line 10 in file "C:\Program Files (x86)\Microchip\xc8\v2.05\pic\sources\c90\common\xxtofl.c"
 Parameters:    Size  Location     Type
  sign            1    wreg     unsigned char 
  val             4    0[COMMON] long 
 Auto vars:     Size  Location     Type
  sign            1    8[COMMON] unsigned char 
  arg             4   10[COMMON] unsigned long 
  exp             1    9[COMMON] unsigned char 
 Return value:  Size  Location     Type
                  4    0[COMMON] unsigned char 
 Registers used:
		wreg, status,2, status,0
 Tracked objects:
		On entry : 
		On exit  : 
		Unchanged: 
 Data sizes:     COMMON   BANK0   BANK1   BANK3   BANK2
      Params:         4       0       0       0       0
      Locals:         6       0       0       0       0
      Temps:          4       0       0       0       0
      Totals:        14       0       0       0       0
Total ram usage:       14 bytes
 Hardware stack levels used:    1
 This function calls:
		Nothing
 This function is called by:
		_VerificarInversionGiro
		_Encoder
 This function uses a non-reentrant model


 *************** function ___flmul *****************
 Defined at:
		line 8 in file "C:\Program Files (x86)\Microchip\xc8\v2.05\pic\sources\c90\common\sprcmul.c"
 Parameters:    Size  Location     Type
  b               4    0[BANK0 ] unsigned char 
  a               4    4[BANK0 ] unsigned char 
 Auto vars:     Size  Location     Type
  prod            4   20[BANK0 ] struct .
  grs             4   14[BANK0 ] unsigned long 
  temp            2   24[BANK0 ] struct .
  bexp            1   19[BANK0 ] unsigned char 
  aexp            1   18[BANK0 ] unsigned char 
  sign            1   13[BANK0 ] unsigned char 
 Return value:  Size  Location     Type
                  4    0[BANK0 ] unsigned char 
 Registers used:
		wreg, status,2, status,0, btemp+1, pclath, cstack
 Tracked objects:
		On entry : 
		On exit  : 
		Unchanged: 
 Data sizes:     COMMON   BANK0   BANK1   BANK3   BANK2
      Params:         0       8       0       0       0
      Locals:         0      13       0       0       0
      Temps:          0       5       0       0       0
      Totals:         0      26       0       0       0
Total ram usage:       26 bytes
 Hardware stack levels used:    1
 Hardware stack levels required when called:    1
 This function calls:
		__Umul8_16
 This function is called by:
		_VerificarInversionGiro
		_Encoder
 This function uses a non-reentrant model


 *************** function __Umul8_16 *****************
 Defined at:
		line 4 in file "C:\Program Files (x86)\Microchip\xc8\v2.05\pic\sources\c90\common\Umul8_16.c"
 Parameters:    Size  Location     Type
  multiplier      1    wreg     unsigned char 
  multiplicand    1    0[COMMON] unsigned char 
 Auto vars:     Size  Location     Type
  multiplier      1    8[COMMON] unsigned char 
  word_mpld       2    6[COMMON] unsigned int 
  product         2    4[COMMON] unsigned int 
 Return value:  Size  Location     Type
                  2    0[COMMON] unsigned int 
 Registers used:
		wreg, status,2, status,0
 Tracked objects:
		On entry : 
		On exit  : 
		Unchanged: 
 Data sizes:     COMMON   BANK0   BANK1   BANK3   BANK2
      Params:         2       0       0       0       0
      Locals:         5       0       0       0       0
      Temps:          2       0       0       0       0
      Totals:         9       0       0       0       0
Total ram usage:        9 bytes
 Hardware stack levels used:    1
 This function calls:
		Nothing
 This function is called by:
		___flmul
 This function uses a non-reentrant model


 *************** function ___flge *****************
 Defined at:
		line 4 in file "C:\Program Files (x86)\Microchip\xc8\v2.05\pic\sources\c90\common\flge.c"
 Parameters:    Size  Location     Type
  ff1             4   26[BANK0 ] unsigned int 
  ff2             4   30[BANK0 ] unsigned int 
 Auto vars:     Size  Location     Type
		None
 Return value:  Size  Location     Type
		None               void
 Registers used:
		wreg, status,2, status,0
 Tracked objects:
		On entry : 
		On exit  : 
		Unchanged: 
 Data sizes:     COMMON   BANK0   BANK1   BANK3   BANK2
      Params:         0       8       0       0       0
      Locals:         0       0       0       0       0
      Temps:          0       4       0       0       0
      Totals:         0      12       0       0       0
Total ram usage:       12 bytes
 Hardware stack levels used:    1
 This function calls:
		Nothing
 This function is called by:
		_VerificarInversionGiro
 This function uses a non-reentrant model


 *************** function _Lcd_Write_Integer *****************
 Defined at:
		line 99 in file "./lcd.h"
 Parameters:    Size  Location     Type
  a               2   37[BANK0 ] int 
 Auto vars:     Size  Location     Type
  Data           10   40[BANK0 ] unsigned char [10]
 Return value:  Size  Location     Type
                  1    wreg      void 
 Registers used:
		wreg, fsr0l, fsr0h, status,2, status,0, btemp+1, pclath, cstack
 Tracked objects:
		On entry : 
		On exit  : 
		Unchanged: 
 Data sizes:     COMMON   BANK0   BANK1   BANK3   BANK2
      Params:         0       2       0       0       0
      Locals:         0      10       0       0       0
      Temps:          0       1       0       0       0
      Totals:         0      13       0       0       0
Total ram usage:       13 bytes
 Hardware stack levels used:    1
 Hardware stack levels required when called:    3
 This function calls:
		_Lcd_Write_String
		_sprintf
 This function is called by:
		_configurarAntiHorario
		_configurarHorario
		_Encoder
 This function uses a non-reentrant model


 *************** function _sprintf *****************
 Defined at:
		line 500 in file "C:\Program Files (x86)\Microchip\xc8\v2.05\pic\sources\c90\common\doprnt.c"
 Parameters:    Size  Location     Type
  sp              1    wreg     PTR unsigned char 
		 -> Lcd_Write_Integer@Data(10), UART_Write_Integer@Data(10), 
  f               1    0[BANK0 ] PTR const unsigned char 
		 -> STR_2(3), STR_1(3), 
 Auto vars:     Size  Location     Type
  sp              1   11[BANK0 ] PTR unsigned char 
		 -> Lcd_Write_Integer@Data(10), UART_Write_Integer@Data(10), 
  tmpval          4    0        struct .
  val             2    9[BANK0 ] unsigned int 
  cp              2    0        PTR const unsigned char 
  len             2    0        unsigned int 
  c               1   12[BANK0 ] unsigned char 
  prec            1    8[BANK0 ] char 
  flag            1    7[BANK0 ] unsigned char 
  ap              1    6[BANK0 ] PTR void [1]
		 -> ?_sprintf(2), 
 Return value:  Size  Location     Type
                  2    0[BANK0 ] int 
 Registers used:
		wreg, fsr0l, fsr0h, status,2, status,0, btemp+1, pclath, cstack
 Tracked objects:
		On entry : 
		On exit  : 
		Unchanged: 
 Data sizes:     COMMON   BANK0   BANK1   BANK3   BANK2
      Params:         0       3       0       0       0
      Locals:         0       7       0       0       0
      Temps:          0       3       0       0       0
      Totals:         0      13       0       0       0
Total ram usage:       13 bytes
 Hardware stack levels used:    1
 Hardware stack levels required when called:    1
 This function calls:
		___lwdiv
		___lwmod
 This function is called by:
		_Lcd_Write_Integer
		_UART_Write_Integer
 This function uses a non-reentrant model


 *************** function ___lwmod *****************
 Defined at:
		line 5 in file "C:\Program Files (x86)\Microchip\xc8\v2.05\pic\sources\c90\common\lwmod.c"
 Parameters:    Size  Location     Type
  divisor         2    8[COMMON] unsigned int 
  dividend        2   10[COMMON] unsigned int 
 Auto vars:     Size  Location     Type
  counter         1   13[COMMON] unsigned char 
 Return value:  Size  Location     Type
                  2    8[COMMON] unsigned int 
 Registers used:
		wreg, status,2, status,0
 Tracked objects:
		On entry : 
		On exit  : 
		Unchanged: 
 Data sizes:     COMMON   BANK0   BANK1   BANK3   BANK2
      Params:         4       0       0       0       0
      Locals:         1       0       0       0       0
      Temps:          1       0       0       0       0
      Totals:         6       0       0       0       0
Total ram usage:        6 bytes
 Hardware stack levels used:    1
 This function calls:
		Nothing
 This function is called by:
		_sprintf
 This function uses a non-reentrant model


 *************** function ___lwdiv *****************
 Defined at:
		line 5 in file "C:\Program Files (x86)\Microchip\xc8\v2.05\pic\sources\c90\common\lwdiv.c"
 Parameters:    Size  Location     Type
  divisor         2    0[COMMON] unsigned int 
  dividend        2    2[COMMON] unsigned int 
 Auto vars:     Size  Location     Type
  quotient        2    5[COMMON] unsigned int 
  counter         1    7[COMMON] unsigned char 
 Return value:  Size  Location     Type
                  2    0[COMMON] unsigned int 
 Registers used:
		wreg, status,2, status,0
 Tracked objects:
		On entry : 
		On exit  : 
		Unchanged: 
 Data sizes:     COMMON   BANK0   BANK1   BANK3   BANK2
      Params:         4       0       0       0       0
      Locals:         3       0       0       0       0
      Temps:          1       0       0       0       0
      Totals:         8       0       0       0       0
Total ram usage:        8 bytes
 Hardware stack levels used:    1
 This function calls:
		Nothing
 This function is called by:
		_sprintf
 This function uses a non-reentrant model


 *************** function _Lcd_Write_String *****************
 Defined at:
		line 93 in file "./lcd.h"
 Parameters:    Size  Location     Type
  a               2    5[COMMON] PTR unsigned char 
		 -> STR_16(9), STR_15(11), STR_14(9), STR_13(14), 
		 -> STR_12(4), STR_11(5), STR_10(11), STR_9(5), 
		 -> STR_8(11), STR_7(4), STR_6(5), STR_5(8), 
		 -> STR_4(5), STR_3(8), Lcd_Write_Integer@Data(10), 
 Auto vars:     Size  Location     Type
  i               2   10[COMMON] int 
 Return value:  Size  Location     Type
                  1    wreg      void 
 Registers used:
		wreg, fsr0l, fsr0h, status,2, status,0, btemp+1, pclath, cstack
 Tracked objects:
		On entry : 
		On exit  : 
		Unchanged: 
 Data sizes:     COMMON   BANK0   BANK1   BANK3   BANK2
      Params:         2       0       0       0       0
      Locals:         2       0       0       0       0
      Temps:          3       0       0       0       0
      Totals:         7       0       0       0       0
Total ram usage:        7 bytes
 Hardware stack levels used:    1
 Hardware stack levels required when called:    2
 This function calls:
		_Lcd_Write_Char
 This function is called by:
		_Lcd_Write_Integer
		_configurarAntiHorario
		_configurarHorario
		_Encoder
 This function uses a non-reentrant model


 *************** function _Lcd_Write_Char *****************
 Defined at:
		line 78 in file "./lcd.h"
 Parameters:    Size  Location     Type
  a               1    wreg     unsigned char 
 Auto vars:     Size  Location     Type
  a               1    4[COMMON] unsigned char 
  y               1    3[COMMON] unsigned char 
  temp            1    2[COMMON] unsigned char 
 Return value:  Size  Location     Type
                  1    wreg      void 
 Registers used:
		wreg, status,2, status,0, pclath, cstack
 Tracked objects:
		On entry : 
		On exit  : 
		Unchanged: 
 Data sizes:     COMMON   BANK0   BANK1   BANK3   BANK2
      Params:         0       0       0       0       0
      Locals:         3       0       0       0       0
      Temps:          1       0       0       0       0
      Totals:         4       0       0       0       0
Total ram usage:        4 bytes
 Hardware stack levels used:    1
 Hardware stack levels required when called:    1
 This function calls:
		_Lcd_Port
 This function is called by:
		_Lcd_Write_String
 This function uses a non-reentrant model


 *************** function _Lcd_Set_Cursor *****************
 Defined at:
		line 43 in file "./lcd.h"
 Parameters:    Size  Location     Type
  a               1    wreg     unsigned char 
  b               1    4[COMMON] unsigned char 
 Auto vars:     Size  Location     Type
  a               1    7[COMMON] unsigned char 
  temp            1   10[COMMON] unsigned char 
  y               1    9[COMMON] unsigned char 
  z               1    8[COMMON] unsigned char 
 Return value:  Size  Location     Type
                  1    wreg      void 
 Registers used:
		wreg, status,2, status,0, pclath, cstack
 Tracked objects:
		On entry : 
		On exit  : 
		Unchanged: 
 Data sizes:     COMMON   BANK0   BANK1   BANK3   BANK2
      Params:         1       0       0       0       0
      Locals:         4       0       0       0       0
      Temps:          2       0       0       0       0
      Totals:         7       0       0       0       0
Total ram usage:        7 bytes
 Hardware stack levels used:    1
 Hardware stack levels required when called:    2
 This function calls:
		_Lcd_Cmd
 This function is called by:
		_configurarAntiHorario
		_configurarHorario
		_Encoder
 This function uses a non-reentrant model


 *************** function _Lcd_Clear *****************
 Defined at:
		line 38 in file "./lcd.h"
 Parameters:    Size  Location     Type
		None
 Auto vars:     Size  Location     Type
		None
 Return value:  Size  Location     Type
                  1    wreg      void 
 Registers used:
		wreg, status,2, status,0, pclath, cstack
 Tracked objects:
		On entry : 
		On exit  : 
		Unchanged: 
 Data sizes:     COMMON   BANK0   BANK1   BANK3   BANK2
      Params:         0       0       0       0       0
      Locals:         0       0       0       0       0
      Temps:          0       0       0       0       0
      Totals:         0       0       0       0       0
Total ram usage:        0 bytes
 Hardware stack levels used:    1
 Hardware stack levels required when called:    2
 This function calls:
		_Lcd_Cmd
 This function is called by:
		_configurarAntiHorario
		_configurarHorario
		_Encoder
 This function uses a non-reentrant model


 *************** function _ConfigInit *****************
 Defined at:
		line 9 in file "Config.c"
 Parameters:    Size  Location     Type
		None
 Auto vars:     Size  Location     Type
		None
 Return value:  Size  Location     Type
                  1    wreg      void 
 Registers used:
		wreg, status,2, status,0, pclath, cstack
 Tracked objects:
		On entry : 
		On exit  : 
		Unchanged: 
 Data sizes:     COMMON   BANK0   BANK1   BANK3   BANK2
      Params:         0       0       0       0       0
      Locals:         0       0       0       0       0
      Temps:          0       0       0       0       0
      Totals:         0       0       0       0       0
Total ram usage:        0 bytes
 Hardware stack levels used:    1
 Hardware stack levels required when called:    3
 This function calls:
		_Lcd_Init
		_UART_Init
 This function is called by:
		_main
 This function uses a non-reentrant model


 *************** function _UART_Init *****************
 Defined at:
		line 3 in file "./uart.h"
 Parameters:    Size  Location     Type
  baudrate        4    6[BANK0 ] const long 
 Auto vars:     Size  Location     Type
  x               2    9[COMMON] unsigned int 
 Return value:  Size  Location     Type
                  1    wreg      unsigned char 
 Registers used:
		wreg, status,2, status,0, pclath, cstack
 Tracked objects:
		On entry : 
		On exit  : 
		Unchanged: 
 Data sizes:     COMMON   BANK0   BANK1   BANK3   BANK2
      Params:         0       4       0       0       0
      Locals:         2       0       0       0       0
      Temps:          0      12       0       0       0
      Totals:         2      16       0       0       0
Total ram usage:       18 bytes
 Hardware stack levels used:    1
 Hardware stack levels required when called:    1
 This function calls:
		___aldiv
 This function is called by:
		_ConfigInit
 This function uses a non-reentrant model


 *************** function ___aldiv *****************
 Defined at:
		line 5 in file "C:\Program Files (x86)\Microchip\xc8\v2.05\pic\sources\c90\common\aldiv.c"
 Parameters:    Size  Location     Type
  divisor         4    0[COMMON] long 
  dividend        4    4[COMMON] long 
 Auto vars:     Size  Location     Type
  quotient        4    2[BANK0 ] long 
  sign            1    1[BANK0 ] unsigned char 
  counter         1    0[BANK0 ] unsigned char 
 Return value:  Size  Location     Type
                  4    0[COMMON] long 
 Registers used:
		wreg, status,2, status,0
 Tracked objects:
		On entry : 
		On exit  : 
		Unchanged: 
 Data sizes:     COMMON   BANK0   BANK1   BANK3   BANK2
      Params:         8       0       0       0       0
      Locals:         0       6       0       0       0
      Temps:          1       0       0       0       0
      Totals:         9       6       0       0       0
Total ram usage:       15 bytes
 Hardware stack levels used:    1
 This function calls:
		Nothing
 This function is called by:
		_UART_Init
 This function uses a non-reentrant model


 *************** function _Lcd_Init *****************
 Defined at:
		line 60 in file "./lcd.h"
 Parameters:    Size  Location     Type
		None
 Auto vars:     Size  Location     Type
		None
 Return value:  Size  Location     Type
                  1    wreg      void 
 Registers used:
		wreg, status,2, status,0, pclath, cstack
 Tracked objects:
		On entry : 
		On exit  : 
		Unchanged: 
 Data sizes:     COMMON   BANK0   BANK1   BANK3   BANK2
      Params:         0       0       0       0       0
      Locals:         0       0       0       0       0
      Temps:          2       0       0       0       0
      Totals:         2       0       0       0       0
Total ram usage:        2 bytes
 Hardware stack levels used:    1
 Hardware stack levels required when called:    2
 This function calls:
		_Lcd_Cmd
		_Lcd_Port
 This function is called by:
		_ConfigInit
 This function uses a non-reentrant model


 *************** function _Lcd_Cmd *****************
 Defined at:
		line 30 in file "./lcd.h"
 Parameters:    Size  Location     Type
  a               1    wreg     unsigned char 
 Auto vars:     Size  Location     Type
  a               1    3[COMMON] unsigned char 
 Return value:  Size  Location     Type
                  1    wreg      void 
 Registers used:
		wreg, status,2, status,0, pclath, cstack
 Tracked objects:
		On entry : 
		On exit  : 
		Unchanged: 
 Data sizes:     COMMON   BANK0   BANK1   BANK3   BANK2
      Params:         0       0       0       0       0
      Locals:         1       0       0       0       0
      Temps:          2       0       0       0       0
      Totals:         3       0       0       0       0
Total ram usage:        3 bytes
 Hardware stack levels used:    1
 Hardware stack levels required when called:    1
 This function calls:
		_Lcd_Port
 This function is called by:
		_Lcd_Clear
		_Lcd_Set_Cursor
		_Lcd_Init
		_Lcd_Shift_Right
		_Lcd_Shift_Left
 This function uses a non-reentrant model


 *************** function _Lcd_Port *****************
 Defined at:
		line 8 in file "./lcd.h"
 Parameters:    Size  Location     Type
  a               1    wreg     unsigned char 
 Auto vars:     Size  Location     Type
  a               1    0[COMMON] unsigned char 
 Return value:  Size  Location     Type
                  1    wreg      void 
 Registers used:
		wreg
 Tracked objects:
		On entry : 
		On exit  : 
		Unchanged: 
 Data sizes:     COMMON   BANK0   BANK1   BANK3   BANK2
      Params:         0       0       0       0       0
      Locals:         1       0       0       0       0
      Temps:          0       0       0       0       0
      Totals:         1       0       0       0       0
Total ram usage:        1 bytes
 Hardware stack levels used:    1
 This function calls:
		Nothing
 This function is called by:
		_Lcd_Cmd
		_Lcd_Init
		_Lcd_Write_Char
 This function uses a non-reentrant model



MODULE INFORMATION

Module		Function		Class		Link	Load	Size
C:\Program Files (x86)\Microchip\xc8\v2.05\pic\sources\c90\common\sprcadd.c
		___fladd       		CODE           	02A5	0000	560

C:\Program Files (x86)\Microchip\xc8\v2.05\pic\sources\c90\common\sprcadd.c estimated size: 560

C:\Program Files (x86)\Microchip\xc8\v2.05\pic\sources\c90\common\doprnt.c
		_sprintf       		CODE           	0E32	0000	217

C:\Program Files (x86)\Microchip\xc8\v2.05\pic\sources\c90\common\doprnt.c estimated size: 217

./KeyPad.h
		_KeyPadGetKey  		CODE           	0ADF	0000	146

./KeyPad.h estimated size: 146

./lcd.h
		_Lcd_Write_String		CODE           	089F	0000	62
		_Lcd_Init      		CODE           	0926	0000	92
		_Lcd_Write_Char		CODE           	178B	0000	58
		_Lcd_Write_Integer		CODE           	0003	0000	25
		_Lcd_Cmd       		CODE           	16F5	0000	27
		_Lcd_Set_Cursor		CODE           	08DC	0000	75
		_Lcd_Clear     		CODE           	16C3	0000	12
		_Lcd_Port      		CODE           	16DB	0000	27

./lcd.h estimated size: 378

C:\Program Files (x86)\Microchip\xc8\v2.05\pic\sources\c90\common\lwdiv.c
		___lwdiv       		CODE           	17C4	0000	61

C:\Program Files (x86)\Microchip\xc8\v2.05\pic\sources\c90\common\lwdiv.c estimated size: 61

C:\Program Files (x86)\Microchip\xc8\v2.05\pic\sources\c90\common\fltol.c
		___fltol       		CODE           	09E3	0000	110

C:\Program Files (x86)\Microchip\xc8\v2.05\pic\sources\c90\common\fltol.c estimated size: 110

C:\Program Files (x86)\Microchip\xc8\v2.05\pic\sources\c90\common\Umul16.c
		___wmul        		CODE           	170F	0000	34

C:\Program Files (x86)\Microchip\xc8\v2.05\pic\sources\c90\common\Umul16.c estimated size: 34

./uart.h
		_UART_Init     		CODE           	0D5C	0000	215

./uart.h estimated size: 215

C:\Program Files (x86)\Microchip\xc8\v2.05\pic\sources\c90\common\flge.c
		___flge        		CODE           	0B70	0000	150

C:\Program Files (x86)\Microchip\xc8\v2.05\pic\sources\c90\common\flge.c estimated size: 150

shared
		__stringtab    		STRING         	0800	0000	17
		_dpowers       		STRING         	0832	0000	11
		__initialization		CODE           	07E9	0000	20
		_keyPadMatrix  		STRING         	0810	0000	35

shared estimated size: 83

C:\Program Files (x86)\Microchip\xc8\v2.05\pic\sources\c90\common\sprcmul.c
		___flmul       		CODE           	04D4	0000	790

C:\Program Files (x86)\Microchip\xc8\v2.05\pic\sources\c90\common\sprcmul.c estimated size: 790

C:\Program Files (x86)\Microchip\xc8\v2.05\pic\sources\c90\common\aldiv.c
		___aldiv       		CODE           	0A50	0000	144

C:\Program Files (x86)\Microchip\xc8\v2.05\pic\sources\c90\common\aldiv.c estimated size: 144

C:\Program Files (x86)\Microchip\xc8\v2.05\pic\sources\c90\common\Umul8_16.c
		__Umul8_16     		CODE           	087C	0000	36

C:\Program Files (x86)\Microchip\xc8\v2.05\pic\sources\c90\common\Umul8_16.c estimated size: 36

C:\Program Files (x86)\Microchip\xc8\v2.05\pic\sources\c90\common\xxtofl.c
		___xxtofl      		CODE           	0C05	0000	164

C:\Program Files (x86)\Microchip\xc8\v2.05\pic\sources\c90\common\xxtofl.c estimated size: 164

Config.c
		_StopMotor     		CODE           	16B6	0000	6
		_RunMotor      		CODE           	16CE	0000	14
		_configurarHorario		CODE           	001B	0000	189
		_Encoder       		CODE           	00D7	0000	463
		_ConfigInit    		CODE           	1730	0000	42
		_configurarAntiHorario		CODE           	0F0A	0000	247
		_VerificarInversionGiro		CODE           	0CA8	0000	181

Config.c estimated size: 1142

main.c
		_main          		CODE           	0981	0000	99

main.c estimated size: 99

C:\Program Files (x86)\Microchip\xc8\v2.05\pic\sources\c90\common\lwmod.c
		___lwmod       		CODE           	1759	0000	51

C:\Program Files (x86)\Microchip\xc8\v2.05\pic\sources\c90\common\lwmod.c estimated size: 51

