Microchip MPLAB XC8 Compiler V2.05 ()

Linker command line:

-W-3 --edf=C:\Program Files (x86)\Microchip\xc8\v2.05\pic\dat\en_msgs.txt \
  -cs -h+dist/default/production\Practica3Potencia.X.production.sym \
  --cmf=dist/default/production\Practica3Potencia.X.production.cmf -z \
  -Q16F886 -oC:\Users\jd99\AppData\Local\Temp\s6ks.2 \
  --defsym=__MPLAB_BUILD=1 \
  -Mdist/default/production/Practica3Potencia.X.production.map -E1 -ver=XC8 \
  --acfsm=1493 -ASTACK=0110h-016Fh -pstack=STACK -ACODE=00h-07FFhx4 \
  -ASTRCODE=00h-01FFFh -ASTRING=00h-0FFhx32 -ACONST=00h-0FFhx32 \
  -AENTRY=00h-0FFhx32 -ACOMMON=070h-07Fh -ABANK0=020h-06Fh \
  -ABANK1=0A0h-0EFh -ABANK2=0110h-016Fh -ABANK3=0190h-01EFh \
  -ARAM=020h-06Fh,0A0h-0EFh,0110h-016Fh,0190h-01EFh \
  -AABS1=020h-07Fh,0A0h-0EFh,0110h-016Fh,0190h-01EFh -ASFR0=00h-01Fh \
  -ASFR1=080h-09Fh -ASFR2=0100h-010Fh -ASFR3=0180h-018Fh \
  -preset_vec=00h,intentry,init,end_init -ppowerup=CODE -pcinit=CODE \
  -pfunctab=ENTRY -ACONFIG=02007h-02008h -pconfig=CONFIG -DCONFIG=2 \
  -AIDLOC=02000h-02003h -pidloc=IDLOC -DIDLOC=2 -AEEDATA=00h-0FFh/02100h \
  -peeprom_data=EEDATA -DEEDATA=2 -DCODE=2 -DSTRCODE=2 -DSTRING=2 -DCONST=2 \
  -DENTRY=2 -k C:\Users\jd99\AppData\Local\Temp\s6ks.o \
  dist/default/production\Practica3Potencia.X.production.o 

Object code version is 3.11

Machine type is 16F886



                Name                               Link     Load   Length Selector   Space Scale
C:\Users\jd99\AppData\Local\Temp\s6ks.o
                end_init                              0        0        3        0       0
                config                             2007     2007        2     400E       0
dist/default/production\Practica3Potencia.X.production.o
                cinit                               7DD      7DD       23      FBA       0
                text26                              8C6      8C6       1A     118C       0
                text25                              8E0      8E0       1A     11C0       0
                text24                              8FA      8FA       1A     11F4       0
                text23                              896      896        B     112C       0
                text22                              A3C      A3C       4A     1478       0
                text21                              98A      98A       39     1314       0
                text20                              9FF      9FF       3D     13FE       0
                text19                              9C3      9C3       3C     1386       0
                text18                              958      958       32     12B0       0
                text17                              E32      E32       D8     1C64       0
                text16                              8AE      8AE       18     115C       0
                text15                              C46      C46       95     188C       0
                text14                              935      935       23     126A       0
                text13                              4C8      4C8      315      990       0
                text12                              CDB      CDB       A3     19B6       0
                text11                              D7E      D7E       B4     1AFC       0
                text10                              299      299      22F      532       0
                text9                               B48      B48       6D     1690       0
                text8                                C9       C9      1D0      192       0
                text7                               A86      A86       5B     150C       0
                text6                               BB5      BB5       91     176A       0
                text5                               8A1      8A1        D     1142       0
                text4                                 8        8        5       10       0
                text3                               914      914       21     1228       0
                text2                               F0A      F0A       F6     1E14       0
                text1                                 D        D       BC       1A       0
                maintext                            AE1      AE1       67     15C2       0
                cstackBANK0                          20       20       38       20       1
                cstackCOMMON                         70       70        E       70       1
                dataBANK0                            67       67        3       20       1
                bssBANK0                             58       58        F       20       1
                strings                             800      800       79     1000       0
                idataBANK0                            5        5        3        A       0

TOTAL           Name                               Link     Load   Length     Space
        CLASS   STACK          

        CLASS   CODE           
                end_init                              0        0        3         0
                cinit                               7DD      7DD       23         0
                text26                              8C6      8C6       1A         0
                text25                              8E0      8E0       1A         0
                text24                              8FA      8FA       1A         0
                text23                              896      896        B         0
                text22                              A3C      A3C       4A         0
                text21                              98A      98A       39         0
                text20                              9FF      9FF       3D         0
                text19                              9C3      9C3       3C         0
                text18                              958      958       32         0
                text17                              E32      E32       D8         0
                text16                              8AE      8AE       18         0
                text15                              C46      C46       95         0
                text14                              935      935       23         0
                text13                              4C8      4C8      315         0
                text12                              CDB      CDB       A3         0
                text11                              D7E      D7E       B4         0
                text10                              299      299      22F         0
                text9                               B48      B48       6D         0
                text8                                C9       C9      1D0         0
                text7                               A86      A86       5B         0
                text6                               BB5      BB5       91         0
                text5                               8A1      8A1        D         0
                text4                                 8        8        5         0
                text3                               914      914       21         0
                text2                               F0A      F0A       F6         0
                text1                                 D        D       BC         0
                maintext                            AE1      AE1       67         0
                idataBANK0                            5        5        3         0

        CLASS   STRCODE        

        CLASS   STRING         
                strings                             800      800       79         0

        CLASS   CONST          

        CLASS   ENTRY          

        CLASS   COMMON         
                cstackCOMMON                         70       70        E         1

        CLASS   BANK0          
                cstackBANK0                          20       20       38         1
                dataBANK0                            67       67        3         1
                bssBANK0                             58       58        F         1

        CLASS   BANK1          

        CLASS   BANK2          

        CLASS   BANK3          

        CLASS   RAM            

        CLASS   ABS1           
                abs_s1                               7E       7E        2         1

        CLASS   SFR0           

        CLASS   SFR1           

        CLASS   SFR2           

        CLASS   SFR3           

        CLASS   CONFIG         
                config                             2007     2007        2         0

        CLASS   IDLOC          

        CLASS   EEDATA         



SEGMENTS        Name                           Load    Length   Top    Selector   Space  Class     Delta

                reset_vec                      000000  000003  000003         0       0  CODE        2
                idataBANK0                     000005  000003  000008         A       0  CODE        2
                text4                          000008  000005  00000D        10       0  CODE        2
                text1                          00000D  0000BC  0000C9        1A       0  CODE        2
                cstackBANK0                    000020  00004A  00006A        20       1  BANK0       1
                cstackCOMMON                   000070  00000E  00007E        70       1  COMMON      1
                text8                          0000C9  0001D0  000299       192       0  CODE        2
                text10                         000299  00022F  0004C8       532       0  CODE        2
                text13                         0004C8  000315  0007DD       990       0  CODE        2
                cinit                          0007DD  000023  000800       FBA       0  CODE        2
                strings                        000800  000079  000879      1000       0  STRING      2
                text23                         000896  00000B  0008A1      112C       0  CODE        2
                text5                          0008A1  00000D  0008AE      1142       0  CODE        2
                text16                         0008AE  000018  0008C6      115C       0  CODE        2
                text26                         0008C6  00001A  0008E0      118C       0  CODE        2
                text25                         0008E0  00001A  0008FA      11C0       0  CODE        2
                text24                         0008FA  00001A  000914      11F4       0  CODE        2
                text3                          000914  000021  000935      1228       0  CODE        2
                text14                         000935  000023  000958      126A       0  CODE        2
                text18                         000958  000032  00098A      12B0       0  CODE        2
                text21                         00098A  000039  0009C3      1314       0  CODE        2
                text19                         0009C3  00003C  0009FF      1386       0  CODE        2
                text20                         0009FF  00003D  000A3C      13FE       0  CODE        2
                text22                         000A3C  00004A  000A86      1478       0  CODE        2
                text7                          000A86  00005B  000AE1      150C       0  CODE        2
                maintext                       000AE1  000067  000B48      15C2       0  CODE        2
                text9                          000B48  00006D  000BB5      1690       0  CODE        2
                text6                          000BB5  000091  000C46      176A       0  CODE        2
                text15                         000C46  000095  000CDB      188C       0  CODE        2
                text12                         000CDB  0000A3  000D7E      19B6       0  CODE        2
                text11                         000D7E  0000B4  000E32      1AFC       0  CODE        2
                text17                         000E32  0000D8  000F0A      1C64       0  CODE        2
                text2                          000F0A  0000F6  001000      1E14       0  CODE        2
                config                         002007  000002  002009      400E       0  CONFIG      2


UNUSED ADDRESS RANGES

        Name                Unused          Largest block    Delta
        BANK0            006A-006F              6           1
        BANK1            00A0-00EF             50           1
        BANK2            0110-016F             60           1
        BANK3            0190-01EF             60           1
        CODE             0003-0004              2           2
                         0879-0895             1D
                         1000-1FFF            800
        CONST            0003-0004              2           2
                         0879-0895             1D
                         1000-1FFF            100
        EEDATA           2100-21FF            100           2
        ENTRY            0003-0004              2           2
                         0879-0895             1D
                         1000-1FFF            100
        IDLOC            2000-2003              4           2
        RAM              006A-006F              6           1
                         00A0-00EF             50
                         0110-016F             60
                         0190-01EF             60
        SFR0             0000-001F             20           1
        SFR1             0080-009F             20           1
        SFR2             0100-010F             10           1
        SFR3             0180-018F             10           1
        STACK            0110-016F             60           1
        STRCODE          0003-0004              2           2
                         0879-0895             1D
                         1000-1FFF           1000
        STRING           0003-0004              2           2
                         0879-0895             1D
                         1000-1FFF            100

                                  Symbol Table

?_KeyPadGetKey                   cstackCOMMON 0070
?__Umul8_16                      cstackCOMMON 0070
?___fladd                        cstackBANK0  0020
?___flmul                        cstackBANK0  0020
?___fltol                        cstackBANK0  003A
?___lwdiv                        cstackCOMMON 0070
?___lwmod                        cstackCOMMON 0078
?___wmul                         cstackCOMMON 0070
?___xxtofl                       cstackCOMMON 0070
?_sprintf                        cstackBANK0  0020
KeyPadGetKey@key                 cstackCOMMON 0074
KeyPadGetKey@row                 cstackCOMMON 0075
Lcd_Cmd@a                        cstackCOMMON 0073
Lcd_Port@a                       cstackCOMMON 0070
Lcd_Set_Cursor@a                 cstackCOMMON 0077
Lcd_Set_Cursor@b                 cstackCOMMON 0074
Lcd_Set_Cursor@temp              cstackCOMMON 007A
Lcd_Set_Cursor@y                 cstackCOMMON 0079
Lcd_Set_Cursor@z                 cstackCOMMON 0078
Lcd_Write_Char@a                 cstackCOMMON 0074
Lcd_Write_Char@temp              cstackCOMMON 0072
Lcd_Write_Char@y                 cstackCOMMON 0073
Lcd_Write_Integer@Data           cstackBANK0  0048
Lcd_Write_Integer@a              cstackBANK0  0045
Lcd_Write_String@a               cstackCOMMON 0075
Lcd_Write_String@i               cstackCOMMON 007A
_ANSEL                           (abs)        0188
_ANSELH                          (abs)        0189
_CmAntiHorario                   bssBANK0     005C
_CmHorario                       bssBANK0     005E
_ConfigInit                      text26       08C6
_Encoder                         text8        00C9
_Grados                          bssBANK0     0060
_KeyPadGetKey                    text6        0BB5
_LastState                       bssBANK0     0064
_Lcd_Clear                       text23       0896
_Lcd_Cmd                         text24       08FA
_Lcd_Init                        text7        0A86
_Lcd_Port                        text25       08E0
_Lcd_Set_Cursor                  text22       0A3C
_Lcd_Write_Char                  text21       098A
_Lcd_Write_Integer               text16       08AE
_Lcd_Write_String                text20       09FF
_OSCCONbits                      (abs)        008F
_OSCTUNE                         (abs)        0090
_PORTA                           (abs)        0005
_PORTC                           (abs)        0007
_RA0                             (abs)        0028
_RA1                             (abs)        0029
_RA2                             (abs)        002A
_RA3                             (abs)        002B
_RA4                             (abs)        002C
_RA5                             (abs)        002D
_RA6                             (abs)        002E
_RA7                             (abs)        002F
_RB0                             (abs)        0030
_RB2                             (abs)        0032
_RB3                             (abs)        0033
_RB4                             (abs)        0034
_RB5                             (abs)        0035
_RB6                             (abs)        0036
_RB7                             (abs)        0037
_RC0                             (abs)        0038
_RC1                             (abs)        0039
_RC2                             (abs)        003A
_RunMotor                        text5        08A1
_StopMotor                       text4        0008
_TRISA                           (abs)        0085
_TRISB                           (abs)        0086
_TRISC                           (abs)        0087
_VerificarInversionGiro          text11       0D7E
__CFG_BOR4V$BOR40V               (abs)        0000
__CFG_BOREN$ON                   (abs)        0000
__CFG_CP$OFF                     (abs)        0000
__CFG_CPD$OFF                    (abs)        0000
__CFG_FCMEN$OFF                  (abs)        0000
__CFG_FOSC$INTRC_NOCLKOUT        (abs)        0000
__CFG_IESO$OFF                   (abs)        0000
__CFG_LVP$OFF                    (abs)        0000
__CFG_MCLRE$OFF                  (abs)        0000
__CFG_PWRTE$ON                   (abs)        0000
__CFG_WDTE$OFF                   (abs)        0000
__CFG_WRT$OFF                    (abs)        0000
__Habs1                          abs1         0000
__Hbank0                         bank0        0000
__Hbank1                         bank1        0000
__Hbank2                         bank2        0000
__Hbank3                         bank3        0000
__HbssBANK0                      bssBANK0     0000
__Hcinit                         cinit        0800
__Hclrtext                       clrtext      0000
__Hcode                          code         0000
__Hcommon                        common       0000
__Hconfig                        config       2009
__HcstackBANK0                   cstackBANK0  0000
__HcstackCOMMON                  cstackCOMMON 0000
__HdataBANK0                     dataBANK0    0000
__Heeprom_data                   eeprom_data  0000
__Hend_init                      end_init     0003
__Hfunctab                       functab      0000
__HidataBANK0                    idataBANK0   0000
__Hidloc                         idloc        0000
__Hinit                          init         0000
__Hintentry                      intentry     0000
__Hmaintext                      maintext     0000
__Hpowerup                       powerup      0000
__Hram                           ram          0000
__Hreset_vec                     reset_vec    0000
__Hsfr0                          sfr0         0000
__Hsfr1                          sfr1         0000
__Hsfr2                          sfr2         0000
__Hsfr3                          sfr3         0000
__Hspace_0                       (abs)        2009
__Hspace_1                       (abs)        007E
__Hspace_2                       (abs)        0000
__Hspace_3                       (abs)        0000
__Hstack                         stack        0000
__Hstrings                       strings      0000
__Htext                          text         0000
__Labs1                          abs1         0000
__Lbank0                         bank0        0000
__Lbank1                         bank1        0000
__Lbank2                         bank2        0000
__Lbank3                         bank3        0000
__LbssBANK0                      bssBANK0     0000
__Lcinit                         cinit        07DD
__Lclrtext                       clrtext      0000
__Lcode                          code         0000
__Lcommon                        common       0000
__Lconfig                        config       2007
__LcstackBANK0                   cstackBANK0  0000
__LcstackCOMMON                  cstackCOMMON 0000
__LdataBANK0                     dataBANK0    0000
__Leeprom_data                   eeprom_data  0000
__Lend_init                      end_init     0000
__Lfunctab                       functab      0000
__LidataBANK0                    idataBANK0   0000
__Lidloc                         idloc        0000
__Linit                          init         0000
__Lintentry                      intentry     0000
__Lmaintext                      maintext     0000
__Lpowerup                       powerup      0000
__Lram                           ram          0000
__Lreset_vec                     reset_vec    0000
__Lsfr0                          sfr0         0000
__Lsfr1                          sfr1         0000
__Lsfr2                          sfr2         0000
__Lsfr3                          sfr3         0000
__Lspace_0                       (abs)        0000
__Lspace_1                       (abs)        0000
__Lspace_2                       (abs)        0000
__Lspace_3                       (abs)        0000
__Lstack                         stack        0000
__Lstrings                       strings      0000
__Ltext                          text         0000
__S0                             (abs)        2009
__S1                             (abs)        007E
__S2                             (abs)        0000
__S3                             (abs)        0000
__Umul8_16                       text14       0935
__Umul8_16@multiplicand          cstackCOMMON 0070
__Umul8_16@multiplier            cstackCOMMON 0078
__Umul8_16@product               cstackCOMMON 0074
__Umul8_16@word_mpld             cstackCOMMON 0076
___fladd                         text10       0299
___fladd@a                       cstackBANK0  0024
___fladd@aexp                    cstackBANK0  0031
___fladd@b                       cstackBANK0  0020
___fladd@bexp                    cstackBANK0  0032
___fladd@grs                     cstackBANK0  0033
___fladd@signs                   cstackBANK0  0030
___flge                          text15       0C46
___flge@ff1                      cstackBANK0  003A
___flge@ff2                      cstackBANK0  003E
___flmul                         text13       04C8
___flmul@a                       cstackBANK0  0024
___flmul@aexp                    cstackBANK0  0032
___flmul@b                       cstackBANK0  0020
___flmul@bexp                    cstackBANK0  0033
___flmul@grs                     cstackBANK0  002E
___flmul@prod                    cstackBANK0  0034
___flmul@sign                    cstackBANK0  002D
___flmul@temp                    cstackBANK0  0038
___fltol                         text9        0B48
___fltol@exp1                    cstackBANK0  0044
___fltol@f1                      cstackBANK0  003A
___fltol@sign1                   cstackBANK0  0043
___int_sp                        stack        0000
___latbits                       (abs)        0002
___lwdiv                         text19       09C3
___lwdiv@counter                 cstackCOMMON 0077
___lwdiv@dividend                cstackCOMMON 0072
___lwdiv@divisor                 cstackCOMMON 0070
___lwdiv@quotient                cstackCOMMON 0075
___lwmod                         text18       0958
___lwmod@counter                 cstackCOMMON 007D
___lwmod@dividend                cstackCOMMON 007A
___lwmod@divisor                 cstackCOMMON 0078
___sp                            stack        0000
___stackhi                       (abs)        0000
___stacklo                       (abs)        0000
___wmul                          text3        0914
___wmul@multiplicand             cstackCOMMON 0072
___wmul@multiplier               cstackCOMMON 0070
___wmul@product                  cstackCOMMON 0074
___xxtofl                        text12       0CDB
___xxtofl@arg                    cstackCOMMON 007A
___xxtofl@exp                    cstackCOMMON 0079
___xxtofl@sign                   cstackCOMMON 0078
___xxtofl@val                    cstackCOMMON 0070
__end_of_ConfigInit              text26       08E0
__end_of_Encoder                 text8        0299
__end_of_KeyPadGetKey            text6        0C46
__end_of_Lcd_Clear               text23       08A1
__end_of_Lcd_Cmd                 text24       0914
__end_of_Lcd_Init                text7        0AE1
__end_of_Lcd_Port                text25       08FA
__end_of_Lcd_Set_Cursor          text22       0A86
__end_of_Lcd_Write_Char          text21       09C3
__end_of_Lcd_Write_Integer       text16       08C6
__end_of_Lcd_Write_String        text20       0A3C
__end_of_RunMotor                text5        08AE
__end_of_StopMotor               text4        000D
__end_of_VerificarInversionGiro  text11       0E32
__end_of__Umul8_16               text14       0958
__end_of___fladd                 text10       04C8
__end_of___flge                  text15       0CDB
__end_of___flmul                 text13       07DD
__end_of___fltol                 text9        0BB5
__end_of___lwdiv                 text19       09FF
__end_of___lwmod                 text18       098A
__end_of___wmul                  text3        0935
__end_of___xxtofl                text12       0D7E
__end_of__initialization         cinit        07FC
__end_of__stringtab              strings      0810
__end_of_configurarAntiHorario   text2        1000
__end_of_configurarHorario       text1        00C9
__end_of_dpowers                 strings      083C
__end_of_keyPadMatrix            strings      0832
__end_of_main                    maintext     0B48
__end_of_sprintf                 text17       0F0A
__initialization                 cinit        07DD
__pbssBANK0                      bssBANK0     0058
__pcstackBANK0                   cstackBANK0  0020
__pcstackCOMMON                  cstackCOMMON 0070
__pdataBANK0                     dataBANK0    0067
__pidataBANK0                    idataBANK0   0005
__pmaintext                      maintext     0AE1
__pstrings                       strings      0800
__ptext1                         text1        000D
__ptext10                        text10       0299
__ptext11                        text11       0D7E
__ptext12                        text12       0CDB
__ptext13                        text13       04C8
__ptext14                        text14       0935
__ptext15                        text15       0C46
__ptext16                        text16       08AE
__ptext17                        text17       0E32
__ptext18                        text18       0958
__ptext19                        text19       09C3
__ptext2                         text2        0F0A
__ptext20                        text20       09FF
__ptext21                        text21       098A
__ptext22                        text22       0A3C
__ptext23                        text23       0896
__ptext24                        text24       08FA
__ptext25                        text25       08E0
__ptext26                        text26       08C6
__ptext3                         text3        0914
__ptext4                         text4        0008
__ptext5                         text5        08A1
__ptext6                         text6        0BB5
__ptext7                         text7        0A86
__ptext8                         text8        00C9
__ptext9                         text9        0B48
__size_of_ConfigInit             (abs)        0000
__size_of_Encoder                (abs)        0000
__size_of_KeyPadGetKey           (abs)        0000
__size_of_Lcd_Clear              (abs)        0000
__size_of_Lcd_Cmd                (abs)        0000
__size_of_Lcd_Init               (abs)        0000
__size_of_Lcd_Port               (abs)        0000
__size_of_Lcd_Set_Cursor         (abs)        0000
__size_of_Lcd_Write_Char         (abs)        0000
__size_of_Lcd_Write_Integer      (abs)        0000
__size_of_Lcd_Write_String       (abs)        0000
__size_of_RunMotor               (abs)        0000
__size_of_StopMotor              (abs)        0000
__size_of_VerificarInversionGiro (abs)        0000
__size_of__Umul8_16              (abs)        0000
__size_of___fladd                (abs)        0000
__size_of___flge                 (abs)        0000
__size_of___flmul                (abs)        0000
__size_of___fltol                (abs)        0000
__size_of___lwdiv                (abs)        0000
__size_of___lwmod                (abs)        0000
__size_of___wmul                 (abs)        0000
__size_of___xxtofl               (abs)        0000
__size_of_configurarAntiHorario  (abs)        0000
__size_of_configurarHorario      (abs)        0000
__size_of_main                   (abs)        0000
__size_of_sprintf                (abs)        0000
__stringbase                     strings      080F
__stringtab                      strings      0800
_buffer                          bssBANK0     0065
_cm                              bssBANK0     005A
_configurarAntiHorario           text2        0F0A
_configurarHorario               text1        000D
_dpowers                         strings      0832
_key2                            dataBANK0    0067
_keyPadMatrix                    strings      0810
_keypress                        dataBANK0    0069
_lastCm                          bssBANK0     0058
_main                            maintext     0AE1
_old_key                         bssBANK0     0062
_sprintf                         text17       0E32
btemp                            (abs)        007E
end_of_initialization            cinit        07FC
intlevel0                        functab      0000
intlevel1                        functab      0000
intlevel2                        functab      0000
intlevel3                        functab      0000
intlevel4                        functab      0000
intlevel5                        functab      0000
reset_vec                        reset_vec    0000
sprintf@ap                       cstackBANK0  0026
sprintf@c                        cstackBANK0  002C
sprintf@f                        cstackBANK0  0020
sprintf@flag                     cstackBANK0  0027
sprintf@prec                     cstackBANK0  0028
sprintf@sp                       cstackBANK0  002B
sprintf@val                      cstackBANK0  0029
start                            init         0000
start_initialization             cinit        07DD
wtemp0                           (abs)        007E


FUNCTION INFORMATION:

 *************** function _main *****************
 Defined at:
		line 12 in file "main.c"
 Parameters:    Size  Location     Type
		None
 Auto vars:     Size  Location     Type
		None
 Return value:  Size  Location     Type
                  2   26[None  ] int 
 Registers used:
		wreg, fsr0l, fsr0h, status,2, status,0, btemp+1, pclath, cstack
 Tracked objects:
		On entry : 
		On exit  : 
		Unchanged: 
 Data sizes:     COMMON   BANK0   BANK1   BANK3   BANK2
      Params:         0       0       0       0       0
      Locals:         0       0       0       0       0
      Temps:          0       2       0       0       0
      Totals:         0       2       0       0       0
Total ram usage:        2 bytes
 Hardware stack levels required when called:    5
 This function calls:
		_ConfigInit
		_Encoder
		_KeyPadGetKey
		_Lcd_Init
		_RunMotor
		_StopMotor
		_configurarAntiHorario
		_configurarHorario
 This function is called by:
		Startup code after reset
 This function uses a non-reentrant model


 *************** function _configurarHorario *****************
 Defined at:
		line 125 in file "Controls.c"
 Parameters:    Size  Location     Type
		None
 Auto vars:     Size  Location     Type
		None
 Return value:  Size  Location     Type
                  2    8[None  ] int 
 Registers used:
		wreg, fsr0l, fsr0h, status,2, status,0, btemp+1, pclath, cstack
 Tracked objects:
		On entry : 
		On exit  : 
		Unchanged: 
 Data sizes:     COMMON   BANK0   BANK1   BANK3   BANK2
      Params:         0       0       0       0       0
      Locals:         0       0       0       0       0
      Temps:          0       4       0       0       0
      Totals:         0       4       0       0       0
Total ram usage:        4 bytes
 Hardware stack levels used:    1
 Hardware stack levels required when called:    4
 This function calls:
		_KeyPadGetKey
		_Lcd_Clear
		_Lcd_Set_Cursor
		_Lcd_Write_Integer
		_Lcd_Write_String
		_RunMotor
		_StopMotor
		___wmul
 This function is called by:
		_main
 This function uses a non-reentrant model


 *************** function _configurarAntiHorario *****************
 Defined at:
		line 68 in file "Controls.c"
 Parameters:    Size  Location     Type
		None
 Auto vars:     Size  Location     Type
		None
 Return value:  Size  Location     Type
                  2   10[None  ] int 
 Registers used:
		wreg, fsr0l, fsr0h, status,2, status,0, btemp+1, pclath, cstack
 Tracked objects:
		On entry : 
		On exit  : 
		Unchanged: 
 Data sizes:     COMMON   BANK0   BANK1   BANK3   BANK2
      Params:         0       0       0       0       0
      Locals:         0       0       0       0       0
      Temps:          0       4       0       0       0
      Totals:         0       4       0       0       0
Total ram usage:        4 bytes
 Hardware stack levels used:    1
 Hardware stack levels required when called:    4
 This function calls:
		_KeyPadGetKey
		_Lcd_Clear
		_Lcd_Set_Cursor
		_Lcd_Write_Integer
		_Lcd_Write_String
		_RunMotor
		_StopMotor
		___wmul
 This function is called by:
		_main
 This function uses a non-reentrant model


 *************** function ___wmul *****************
 Defined at:
		line 15 in file "C:\Program Files (x86)\Microchip\xc8\v2.05\pic\sources\c90\common\Umul16.c"
 Parameters:    Size  Location     Type
  multiplier      2    0[COMMON] unsigned int 
  multiplicand    2    2[COMMON] unsigned int 
 Auto vars:     Size  Location     Type
  product         2    4[COMMON] unsigned int 
 Return value:  Size  Location     Type
                  2    0[COMMON] unsigned int 
 Registers used:
		wreg, status,2, status,0
 Tracked objects:
		On entry : 
		On exit  : 
		Unchanged: 
 Data sizes:     COMMON   BANK0   BANK1   BANK3   BANK2
      Params:         4       0       0       0       0
      Locals:         2       0       0       0       0
      Temps:          0       0       0       0       0
      Totals:         6       0       0       0       0
Total ram usage:        6 bytes
 Hardware stack levels used:    1
 This function calls:
		Nothing
 This function is called by:
		_configurarAntiHorario
		_configurarHorario
 This function uses a non-reentrant model


 *************** function _StopMotor *****************
 Defined at:
		line 58 in file "Controls.c"
 Parameters:    Size  Location     Type
		None
 Auto vars:     Size  Location     Type
		None
 Return value:  Size  Location     Type
                  2    6[None  ] int 
 Registers used:
		None
 Tracked objects:
		On entry : 
		On exit  : 
		Unchanged: 
 Data sizes:     COMMON   BANK0   BANK1   BANK3   BANK2
      Params:         0       0       0       0       0
      Locals:         0       0       0       0       0
      Temps:          0       0       0       0       0
      Totals:         0       0       0       0       0
Total ram usage:        0 bytes
 Hardware stack levels used:    1
 This function calls:
		Nothing
 This function is called by:
		_main
		_configurarAntiHorario
		_configurarHorario
 This function uses a non-reentrant model


 *************** function _RunMotor *****************
 Defined at:
		line 47 in file "Controls.c"
 Parameters:    Size  Location     Type
		None
 Auto vars:     Size  Location     Type
		None
 Return value:  Size  Location     Type
                  2   14[None  ] int 
 Registers used:
		wreg, status,2, status,0
 Tracked objects:
		On entry : 
		On exit  : 
		Unchanged: 
 Data sizes:     COMMON   BANK0   BANK1   BANK3   BANK2
      Params:         0       0       0       0       0
      Locals:         0       0       0       0       0
      Temps:          0       0       0       0       0
      Totals:         0       0       0       0       0
Total ram usage:        0 bytes
 Hardware stack levels used:    1
 This function calls:
		Nothing
 This function is called by:
		_main
		_configurarAntiHorario
		_configurarHorario
 This function uses a non-reentrant model


 *************** function _KeyPadGetKey *****************
 Defined at:
		line 19 in file "KeyPad.c"
 Parameters:    Size  Location     Type
		None
 Auto vars:     Size  Location     Type
  row             1    5[COMMON] unsigned char 
  key             1    4[COMMON] unsigned char 
 Return value:  Size  Location     Type
                  2    0[COMMON] int 
 Registers used:
		wreg, fsr0l, fsr0h, status,2, status,0, pclath
 Tracked objects:
		On entry : 
		On exit  : 
		Unchanged: 
 Data sizes:     COMMON   BANK0   BANK1   BANK3   BANK2
      Params:         2       0       0       0       0
      Locals:         2       0       0       0       0
      Temps:          2       0       0       0       0
      Totals:         6       0       0       0       0
Total ram usage:        6 bytes
 Hardware stack levels used:    2
 This function calls:
		Nothing
 This function is called by:
		_main
		_configurarAntiHorario
		_configurarHorario
 This function uses a non-reentrant model


 *************** function _Lcd_Init *****************
 Defined at:
		line 60 in file "Lcd.c"
 Parameters:    Size  Location     Type
		None
 Auto vars:     Size  Location     Type
		None
 Return value:  Size  Location     Type
                  1    wreg      void 
 Registers used:
		wreg, status,2, status,0, pclath, cstack
 Tracked objects:
		On entry : 
		On exit  : 
		Unchanged: 
 Data sizes:     COMMON   BANK0   BANK1   BANK3   BANK2
      Params:         0       0       0       0       0
      Locals:         0       0       0       0       0
      Temps:          2       0       0       0       0
      Totals:         2       0       0       0       0
Total ram usage:        2 bytes
 Hardware stack levels used:    1
 Hardware stack levels required when called:    2
 This function calls:
		_Lcd_Cmd
		_Lcd_Port
 This function is called by:
		_main
 This function uses a non-reentrant model


 *************** function _Encoder *****************
 Defined at:
		line 202 in file "Controls.c"
 Parameters:    Size  Location     Type
		None
 Auto vars:     Size  Location     Type
		None
 Return value:  Size  Location     Type
                  2   18[None  ] int 
 Registers used:
		wreg, fsr0l, fsr0h, status,2, status,0, btemp+1, pclath, cstack
 Tracked objects:
		On entry : 
		On exit  : 
		Unchanged: 
 Data sizes:     COMMON   BANK0   BANK1   BANK3   BANK2
      Params:         0       0       0       0       0
      Locals:         0       0       0       0       0
      Temps:          0       1       0       0       0
      Totals:         0       1       0       0       0
Total ram usage:        1 bytes
 Hardware stack levels used:    1
 Hardware stack levels required when called:    4
 This function calls:
		_Lcd_Clear
		_Lcd_Set_Cursor
		_Lcd_Write_Integer
		_Lcd_Write_String
		_VerificarInversionGiro
		___fladd
		___flmul
		___fltol
		___xxtofl
 This function is called by:
		_main
 This function uses a non-reentrant model


 *************** function ___fltol *****************
 Defined at:
		line 43 in file "C:\Program Files (x86)\Microchip\xc8\v2.05\pic\sources\c90\common\fltol.c"
 Parameters:    Size  Location     Type
  f1              4   26[BANK0 ] int 
 Auto vars:     Size  Location     Type
  exp1            1   36[BANK0 ] unsigned char 
  sign1           1   35[BANK0 ] unsigned char 
 Return value:  Size  Location     Type
                  4   26[BANK0 ] long 
 Registers used:
		wreg, status,2, status,0
 Tracked objects:
		On entry : 
		On exit  : 
		Unchanged: 
 Data sizes:     COMMON   BANK0   BANK1   BANK3   BANK2
      Params:         0       4       0       0       0
      Locals:         0       2       0       0       0
      Temps:          0       5       0       0       0
      Totals:         0      11       0       0       0
Total ram usage:       11 bytes
 Hardware stack levels used:    1
 This function calls:
		Nothing
 This function is called by:
		_Encoder
 This function uses a non-reentrant model


 *************** function ___fladd *****************
 Defined at:
		line 10 in file "C:\Program Files (x86)\Microchip\xc8\v2.05\pic\sources\c90\common\sprcadd.c"
 Parameters:    Size  Location     Type
  b               4    0[BANK0 ] long 
  a               4    4[BANK0 ] long 
 Auto vars:     Size  Location     Type
  grs             1   19[BANK0 ] unsigned char 
  bexp            1   18[BANK0 ] unsigned char 
  aexp            1   17[BANK0 ] unsigned char 
  signs           1   16[BANK0 ] unsigned char 
 Return value:  Size  Location     Type
                  4    0[BANK0 ] unsigned char 
 Registers used:
		wreg, status,2, status,0, btemp+1
 Tracked objects:
		On entry : 
		On exit  : 
		Unchanged: 
 Data sizes:     COMMON   BANK0   BANK1   BANK3   BANK2
      Params:         0       8       0       0       0
      Locals:         0       4       0       0       0
      Temps:          0       8       0       0       0
      Totals:         0      20       0       0       0
Total ram usage:       20 bytes
 Hardware stack levels used:    1
 This function calls:
		Nothing
 This function is called by:
		_Encoder
 This function uses a non-reentrant model


 *************** function _VerificarInversionGiro *****************
 Defined at:
		line 183 in file "Controls.c"
 Parameters:    Size  Location     Type
		None
 Auto vars:     Size  Location     Type
		None
 Return value:  Size  Location     Type
                  2  237[None  ] int 
 Registers used:
		wreg, status,2, status,0, btemp+1, pclath, cstack
 Tracked objects:
		On entry : 
		On exit  : 
		Unchanged: 
 Data sizes:     COMMON   BANK0   BANK1   BANK3   BANK2
      Params:         0       0       0       0       0
      Locals:         0       0       0       0       0
      Temps:          0       0       0       0       0
      Totals:         0       0       0       0       0
Total ram usage:        0 bytes
 Hardware stack levels used:    1
 Hardware stack levels required when called:    2
 This function calls:
		___flge
		___flmul
		___xxtofl
 This function is called by:
		_Encoder
 This function uses a non-reentrant model


 *************** function ___xxtofl *****************
 Defined at:
		line 10 in file "C:\Program Files (x86)\Microchip\xc8\v2.05\pic\sources\c90\common\xxtofl.c"
 Parameters:    Size  Location     Type
  sign            1    wreg     unsigned char 
  val             4    0[COMMON] long 
 Auto vars:     Size  Location     Type
  sign            1    8[COMMON] unsigned char 
  arg             4   10[COMMON] unsigned long 
  exp             1    9[COMMON] unsigned char 
 Return value:  Size  Location     Type
                  4    0[COMMON] unsigned char 
 Registers used:
		wreg, status,2, status,0
 Tracked objects:
		On entry : 
		On exit  : 
		Unchanged: 
 Data sizes:     COMMON   BANK0   BANK1   BANK3   BANK2
      Params:         4       0       0       0       0
      Locals:         6       0       0       0       0
      Temps:          4       0       0       0       0
      Totals:        14       0       0       0       0
Total ram usage:       14 bytes
 Hardware stack levels used:    1
 This function calls:
		Nothing
 This function is called by:
		_VerificarInversionGiro
		_Encoder
 This function uses a non-reentrant model


 *************** function ___flmul *****************
 Defined at:
		line 8 in file "C:\Program Files (x86)\Microchip\xc8\v2.05\pic\sources\c90\common\sprcmul.c"
 Parameters:    Size  Location     Type
  b               4    0[BANK0 ] unsigned char 
  a               4    4[BANK0 ] unsigned char 
 Auto vars:     Size  Location     Type
  prod            4   20[BANK0 ] struct .
  grs             4   14[BANK0 ] unsigned long 
  temp            2   24[BANK0 ] struct .
  bexp            1   19[BANK0 ] unsigned char 
  aexp            1   18[BANK0 ] unsigned char 
  sign            1   13[BANK0 ] unsigned char 
 Return value:  Size  Location     Type
                  4    0[BANK0 ] unsigned char 
 Registers used:
		wreg, status,2, status,0, btemp+1, pclath, cstack
 Tracked objects:
		On entry : 
		On exit  : 
		Unchanged: 
 Data sizes:     COMMON   BANK0   BANK1   BANK3   BANK2
      Params:         0       8       0       0       0
      Locals:         0      13       0       0       0
      Temps:          0       5       0       0       0
      Totals:         0      26       0       0       0
Total ram usage:       26 bytes
 Hardware stack levels used:    1
 Hardware stack levels required when called:    1
 This function calls:
		__Umul8_16
 This function is called by:
		_VerificarInversionGiro
		_Encoder
 This function uses a non-reentrant model


 *************** function __Umul8_16 *****************
 Defined at:
		line 4 in file "C:\Program Files (x86)\Microchip\xc8\v2.05\pic\sources\c90\common\Umul8_16.c"
 Parameters:    Size  Location     Type
  multiplier      1    wreg     unsigned char 
  multiplicand    1    0[COMMON] unsigned char 
 Auto vars:     Size  Location     Type
  multiplier      1    8[COMMON] unsigned char 
  word_mpld       2    6[COMMON] unsigned int 
  product         2    4[COMMON] unsigned int 
 Return value:  Size  Location     Type
                  2    0[COMMON] unsigned int 
 Registers used:
		wreg, status,2, status,0
 Tracked objects:
		On entry : 
		On exit  : 
		Unchanged: 
 Data sizes:     COMMON   BANK0   BANK1   BANK3   BANK2
      Params:         2       0       0       0       0
      Locals:         5       0       0       0       0
      Temps:          2       0       0       0       0
      Totals:         9       0       0       0       0
Total ram usage:        9 bytes
 Hardware stack levels used:    1
 This function calls:
		Nothing
 This function is called by:
		___flmul
 This function uses a non-reentrant model


 *************** function ___flge *****************
 Defined at:
		line 4 in file "C:\Program Files (x86)\Microchip\xc8\v2.05\pic\sources\c90\common\flge.c"
 Parameters:    Size  Location     Type
  ff1             4   26[BANK0 ] unsigned int 
  ff2             4   30[BANK0 ] unsigned int 
 Auto vars:     Size  Location     Type
		None
 Return value:  Size  Location     Type
		None               void
 Registers used:
		wreg, status,2, status,0
 Tracked objects:
		On entry : 
		On exit  : 
		Unchanged: 
 Data sizes:     COMMON   BANK0   BANK1   BANK3   BANK2
      Params:         0       8       0       0       0
      Locals:         0       0       0       0       0
      Temps:          0       4       0       0       0
      Totals:         0      12       0       0       0
Total ram usage:       12 bytes
 Hardware stack levels used:    1
 This function calls:
		Nothing
 This function is called by:
		_VerificarInversionGiro
 This function uses a non-reentrant model


 *************** function _Lcd_Write_Integer *****************
 Defined at:
		line 98 in file "Lcd.c"
 Parameters:    Size  Location     Type
  a               2   37[BANK0 ] int 
 Auto vars:     Size  Location     Type
  Data           10   40[BANK0 ] unsigned char [10]
 Return value:  Size  Location     Type
                  1    wreg      void 
 Registers used:
		wreg, fsr0l, fsr0h, status,2, status,0, btemp+1, pclath, cstack
 Tracked objects:
		On entry : 
		On exit  : 
		Unchanged: 
 Data sizes:     COMMON   BANK0   BANK1   BANK3   BANK2
      Params:         0       2       0       0       0
      Locals:         0      10       0       0       0
      Temps:          0       1       0       0       0
      Totals:         0      13       0       0       0
Total ram usage:       13 bytes
 Hardware stack levels used:    1
 Hardware stack levels required when called:    3
 This function calls:
		_Lcd_Write_String
		_sprintf
 This function is called by:
		_configurarAntiHorario
		_configurarHorario
		_Encoder
 This function uses a non-reentrant model


 *************** function _sprintf *****************
 Defined at:
		line 500 in file "C:\Program Files (x86)\Microchip\xc8\v2.05\pic\sources\c90\common\doprnt.c"
 Parameters:    Size  Location     Type
  sp              1    wreg     PTR unsigned char 
		 -> Lcd_Write_Integer@Data(10), 
  f               1    0[BANK0 ] PTR const unsigned char 
		 -> STR_1(3), 
 Auto vars:     Size  Location     Type
  sp              1   11[BANK0 ] PTR unsigned char 
		 -> Lcd_Write_Integer@Data(10), 
  tmpval          4    0        struct .
  val             2    9[BANK0 ] unsigned int 
  cp              2    0        PTR const unsigned char 
  len             2    0        unsigned int 
  c               1   12[BANK0 ] unsigned char 
  prec            1    8[BANK0 ] char 
  flag            1    7[BANK0 ] unsigned char 
  ap              1    6[BANK0 ] PTR void [1]
		 -> ?_sprintf(2), 
 Return value:  Size  Location     Type
                  2    0[BANK0 ] int 
 Registers used:
		wreg, fsr0l, fsr0h, status,2, status,0, btemp+1, pclath, cstack
 Tracked objects:
		On entry : 
		On exit  : 
		Unchanged: 
 Data sizes:     COMMON   BANK0   BANK1   BANK3   BANK2
      Params:         0       3       0       0       0
      Locals:         0       7       0       0       0
      Temps:          0       3       0       0       0
      Totals:         0      13       0       0       0
Total ram usage:       13 bytes
 Hardware stack levels used:    1
 Hardware stack levels required when called:    1
 This function calls:
		___lwdiv
		___lwmod
 This function is called by:
		_Lcd_Write_Integer
 This function uses a non-reentrant model


 *************** function ___lwmod *****************
 Defined at:
		line 5 in file "C:\Program Files (x86)\Microchip\xc8\v2.05\pic\sources\c90\common\lwmod.c"
 Parameters:    Size  Location     Type
  divisor         2    8[COMMON] unsigned int 
  dividend        2   10[COMMON] unsigned int 
 Auto vars:     Size  Location     Type
  counter         1   13[COMMON] unsigned char 
 Return value:  Size  Location     Type
                  2    8[COMMON] unsigned int 
 Registers used:
		wreg, status,2, status,0
 Tracked objects:
		On entry : 
		On exit  : 
		Unchanged: 
 Data sizes:     COMMON   BANK0   BANK1   BANK3   BANK2
      Params:         4       0       0       0       0
      Locals:         1       0       0       0       0
      Temps:          1       0       0       0       0
      Totals:         6       0       0       0       0
Total ram usage:        6 bytes
 Hardware stack levels used:    1
 This function calls:
		Nothing
 This function is called by:
		_sprintf
 This function uses a non-reentrant model


 *************** function ___lwdiv *****************
 Defined at:
		line 5 in file "C:\Program Files (x86)\Microchip\xc8\v2.05\pic\sources\c90\common\lwdiv.c"
 Parameters:    Size  Location     Type
  divisor         2    0[COMMON] unsigned int 
  dividend        2    2[COMMON] unsigned int 
 Auto vars:     Size  Location     Type
  quotient        2    5[COMMON] unsigned int 
  counter         1    7[COMMON] unsigned char 
 Return value:  Size  Location     Type
                  2    0[COMMON] unsigned int 
 Registers used:
		wreg, status,2, status,0
 Tracked objects:
		On entry : 
		On exit  : 
		Unchanged: 
 Data sizes:     COMMON   BANK0   BANK1   BANK3   BANK2
      Params:         4       0       0       0       0
      Locals:         3       0       0       0       0
      Temps:          1       0       0       0       0
      Totals:         8       0       0       0       0
Total ram usage:        8 bytes
 Hardware stack levels used:    1
 This function calls:
		Nothing
 This function is called by:
		_sprintf
 This function uses a non-reentrant model


 *************** function _Lcd_Write_String *****************
 Defined at:
		line 92 in file "Lcd.c"
 Parameters:    Size  Location     Type
  a               2    5[COMMON] PTR unsigned char 
		 -> STR_15(9), STR_14(11), STR_13(9), STR_12(14), 
		 -> STR_11(4), STR_10(5), STR_9(11), STR_8(5), 
		 -> STR_7(11), STR_6(4), STR_5(5), STR_4(8), 
		 -> STR_3(5), STR_2(8), Lcd_Write_Integer@Data(10), 
 Auto vars:     Size  Location     Type
  i               2   10[COMMON] int 
 Return value:  Size  Location     Type
                  1    wreg      void 
 Registers used:
		wreg, fsr0l, fsr0h, status,2, status,0, btemp+1, pclath, cstack
 Tracked objects:
		On entry : 
		On exit  : 
		Unchanged: 
 Data sizes:     COMMON   BANK0   BANK1   BANK3   BANK2
      Params:         2       0       0       0       0
      Locals:         2       0       0       0       0
      Temps:          3       0       0       0       0
      Totals:         7       0       0       0       0
Total ram usage:        7 bytes
 Hardware stack levels used:    1
 Hardware stack levels required when called:    2
 This function calls:
		_Lcd_Write_Char
 This function is called by:
		_Lcd_Write_Integer
		_configurarAntiHorario
		_configurarHorario
		_Encoder
 This function uses a non-reentrant model


 *************** function _Lcd_Write_Char *****************
 Defined at:
		line 77 in file "Lcd.c"
 Parameters:    Size  Location     Type
  a               1    wreg     unsigned char 
 Auto vars:     Size  Location     Type
  a               1    4[COMMON] unsigned char 
  y               1    3[COMMON] unsigned char 
  temp            1    2[COMMON] unsigned char 
 Return value:  Size  Location     Type
                  1    wreg      void 
 Registers used:
		wreg, status,2, status,0, pclath, cstack
 Tracked objects:
		On entry : 
		On exit  : 
		Unchanged: 
 Data sizes:     COMMON   BANK0   BANK1   BANK3   BANK2
      Params:         0       0       0       0       0
      Locals:         3       0       0       0       0
      Temps:          1       0       0       0       0
      Totals:         4       0       0       0       0
Total ram usage:        4 bytes
 Hardware stack levels used:    1
 Hardware stack levels required when called:    1
 This function calls:
		_Lcd_Port
 This function is called by:
		_Lcd_Write_String
 This function uses a non-reentrant model


 *************** function _Lcd_Set_Cursor *****************
 Defined at:
		line 43 in file "Lcd.c"
 Parameters:    Size  Location     Type
  a               1    wreg     unsigned char 
  b               1    4[COMMON] unsigned char 
 Auto vars:     Size  Location     Type
  a               1    7[COMMON] unsigned char 
  temp            1   10[COMMON] unsigned char 
  y               1    9[COMMON] unsigned char 
  z               1    8[COMMON] unsigned char 
 Return value:  Size  Location     Type
                  1    wreg      void 
 Registers used:
		wreg, status,2, status,0, pclath, cstack
 Tracked objects:
		On entry : 
		On exit  : 
		Unchanged: 
 Data sizes:     COMMON   BANK0   BANK1   BANK3   BANK2
      Params:         1       0       0       0       0
      Locals:         4       0       0       0       0
      Temps:          2       0       0       0       0
      Totals:         7       0       0       0       0
Total ram usage:        7 bytes
 Hardware stack levels used:    1
 Hardware stack levels required when called:    2
 This function calls:
		_Lcd_Cmd
 This function is called by:
		_configurarAntiHorario
		_configurarHorario
		_Encoder
 This function uses a non-reentrant model


 *************** function _Lcd_Clear *****************
 Defined at:
		line 38 in file "Lcd.c"
 Parameters:    Size  Location     Type
		None
 Auto vars:     Size  Location     Type
		None
 Return value:  Size  Location     Type
                  1    wreg      void 
 Registers used:
		wreg, status,2, status,0, pclath, cstack
 Tracked objects:
		On entry : 
		On exit  : 
		Unchanged: 
 Data sizes:     COMMON   BANK0   BANK1   BANK3   BANK2
      Params:         0       0       0       0       0
      Locals:         0       0       0       0       0
      Temps:          0       0       0       0       0
      Totals:         0       0       0       0       0
Total ram usage:        0 bytes
 Hardware stack levels used:    1
 Hardware stack levels required when called:    2
 This function calls:
		_Lcd_Cmd
 This function is called by:
		_configurarAntiHorario
		_configurarHorario
		_Encoder
 This function uses a non-reentrant model


 *************** function _Lcd_Cmd *****************
 Defined at:
		line 30 in file "Lcd.c"
 Parameters:    Size  Location     Type
  a               1    wreg     unsigned char 
 Auto vars:     Size  Location     Type
  a               1    3[COMMON] unsigned char 
 Return value:  Size  Location     Type
                  1    wreg      void 
 Registers used:
		wreg, status,2, status,0, pclath, cstack
 Tracked objects:
		On entry : 
		On exit  : 
		Unchanged: 
 Data sizes:     COMMON   BANK0   BANK1   BANK3   BANK2
      Params:         0       0       0       0       0
      Locals:         1       0       0       0       0
      Temps:          2       0       0       0       0
      Totals:         3       0       0       0       0
Total ram usage:        3 bytes
 Hardware stack levels used:    1
 Hardware stack levels required when called:    1
 This function calls:
		_Lcd_Port
 This function is called by:
		_Lcd_Clear
		_Lcd_Set_Cursor
		_Lcd_Init
		_Lcd_Shift_Right
		_Lcd_Shift_Left
 This function uses a non-reentrant model


 *************** function _Lcd_Port *****************
 Defined at:
		line 8 in file "Lcd.c"
 Parameters:    Size  Location     Type
  a               1    wreg     unsigned char 
 Auto vars:     Size  Location     Type
  a               1    0[COMMON] unsigned char 
 Return value:  Size  Location     Type
                  1    wreg      void 
 Registers used:
		wreg
 Tracked objects:
		On entry : 
		On exit  : 
		Unchanged: 
 Data sizes:     COMMON   BANK0   BANK1   BANK3   BANK2
      Params:         0       0       0       0       0
      Locals:         1       0       0       0       0
      Temps:          0       0       0       0       0
      Totals:         1       0       0       0       0
Total ram usage:        1 bytes
 Hardware stack levels used:    1
 This function calls:
		Nothing
 This function is called by:
		_Lcd_Cmd
		_Lcd_Init
		_Lcd_Write_Char
 This function uses a non-reentrant model


 *************** function _ConfigInit *****************
 Defined at:
		line 21 in file "Controls.c"
 Parameters:    Size  Location     Type
		None
 Auto vars:     Size  Location     Type
		None
 Return value:  Size  Location     Type
                  1    wreg      void 
 Registers used:
		wreg, status,2, status,0
 Tracked objects:
		On entry : 
		On exit  : 
		Unchanged: 
 Data sizes:     COMMON   BANK0   BANK1   BANK3   BANK2
      Params:         0       0       0       0       0
      Locals:         0       0       0       0       0
      Temps:          0       0       0       0       0
      Totals:         0       0       0       0       0
Total ram usage:        0 bytes
 Hardware stack levels used:    1
 This function calls:
		Nothing
 This function is called by:
		_main
 This function uses a non-reentrant model



MODULE INFORMATION

Module		Function		Class		Link	Load	Size
C:\Program Files (x86)\Microchip\xc8\v2.05\pic\sources\c90\common\sprcadd.c
		___fladd       		CODE           	0299	0000	560

C:\Program Files (x86)\Microchip\xc8\v2.05\pic\sources\c90\common\sprcadd.c estimated size: 560

C:\Program Files (x86)\Microchip\xc8\v2.05\pic\sources\c90\common\doprnt.c
		_sprintf       		CODE           	0E32	0000	217

C:\Program Files (x86)\Microchip\xc8\v2.05\pic\sources\c90\common\doprnt.c estimated size: 217

Controls.c
		_StopMotor     		CODE           	0008	0000	6
		_RunMotor      		CODE           	08A1	0000	14
		_configurarHorario		CODE           	000D	0000	189
		_Encoder       		CODE           	00C9	0000	465
		_ConfigInit    		CODE           	08C6	0000	27
		_configurarAntiHorario		CODE           	0F0A	0000	247
		_VerificarInversionGiro		CODE           	0D7E	0000	181

Controls.c estimated size: 1129

C:\Program Files (x86)\Microchip\xc8\v2.05\pic\sources\c90\common\lwdiv.c
		___lwdiv       		CODE           	09C3	0000	61

C:\Program Files (x86)\Microchip\xc8\v2.05\pic\sources\c90\common\lwdiv.c estimated size: 61

C:\Program Files (x86)\Microchip\xc8\v2.05\pic\sources\c90\common\fltol.c
		___fltol       		CODE           	0B48	0000	110

C:\Program Files (x86)\Microchip\xc8\v2.05\pic\sources\c90\common\fltol.c estimated size: 110

C:\Program Files (x86)\Microchip\xc8\v2.05\pic\sources\c90\common\Umul16.c
		___wmul        		CODE           	0914	0000	34

C:\Program Files (x86)\Microchip\xc8\v2.05\pic\sources\c90\common\Umul16.c estimated size: 34

KeyPad.c
		_KeyPadGetKey  		CODE           	0BB5	0000	146

KeyPad.c estimated size: 146

C:\Program Files (x86)\Microchip\xc8\v2.05\pic\sources\c90\common\flge.c
		___flge        		CODE           	0C46	0000	150

C:\Program Files (x86)\Microchip\xc8\v2.05\pic\sources\c90\common\flge.c estimated size: 150

shared
		__stringtab    		STRING         	0800	0000	17
		_dpowers       		STRING         	0832	0000	11
		__initialization		CODE           	07DD	0000	32
		_keyPadMatrix  		STRING         	0810	0000	35

shared estimated size: 95

C:\Program Files (x86)\Microchip\xc8\v2.05\pic\sources\c90\common\sprcmul.c
		___flmul       		CODE           	04C8	0000	790

C:\Program Files (x86)\Microchip\xc8\v2.05\pic\sources\c90\common\sprcmul.c estimated size: 790

C:\Program Files (x86)\Microchip\xc8\v2.05\pic\sources\c90\common\Umul8_16.c
		__Umul8_16     		CODE           	0935	0000	36

C:\Program Files (x86)\Microchip\xc8\v2.05\pic\sources\c90\common\Umul8_16.c estimated size: 36

C:\Program Files (x86)\Microchip\xc8\v2.05\pic\sources\c90\common\xxtofl.c
		___xxtofl      		CODE           	0CDB	0000	164

C:\Program Files (x86)\Microchip\xc8\v2.05\pic\sources\c90\common\xxtofl.c estimated size: 164

main.c
		_main          		CODE           	0AE1	0000	104

main.c estimated size: 104

Lcd.c
		_Lcd_Write_String		CODE           	09FF	0000	62
		_Lcd_Init      		CODE           	0A86	0000	92
		_Lcd_Write_Char		CODE           	098A	0000	58
		_Lcd_Write_Integer		CODE           	08AE	0000	25
		_Lcd_Cmd       		CODE           	08FA	0000	27
		_Lcd_Set_Cursor		CODE           	0A3C	0000	75
		_Lcd_Clear     		CODE           	0896	0000	12
		_Lcd_Port      		CODE           	08E0	0000	27

Lcd.c estimated size: 378

C:\Program Files (x86)\Microchip\xc8\v2.05\pic\sources\c90\common\lwmod.c
		___lwmod       		CODE           	0958	0000	51

C:\Program Files (x86)\Microchip\xc8\v2.05\pic\sources\c90\common\lwmod.c estimated size: 51

